6491aafb6d032eaec697ae5c7596d619e534556a fix(index): make spool ownership cleanup exception safe
573f28cbe8a5b1e6c39b472de69d660bf29c078d docs(index): record v4 storage contract repair
75d8ce6c7837aafd9c8eff2b5b2c3639a00859e9 fix(index): establish v4 storage profile contract
9ec051928d9b6c871febe6b1e4bd1bc8e2790acb docs(index): record indexed spool repair
9f70c4c2e7ca73bacce1ab75d2ba064556e1defb fix(verify): isolate raw reports from diff check
b6bb9a6d9eea8048ab9d1c0251e44bf7a21a5056 fix(index): remove residual spool scans
d159c6b2cbfe78693bb3e933f37955f2611d09d7 docs(index): record emergency streaming repair
6476956a8a8ddaaf2d99fa1e079c9d6df59a4ff0 fix(index): verify complete streamed publications
7622bd0882f8b02b7bfb026500ab4164ad01e531 fix(index): close parquet and streaming scan gaps
2e1ec223f672a66fb998ef8a6330f9bc12123e16 docs(index): record second reviewer repair
dff6906bd1b861d14e5e9ca6ba9b80cbe2f5bc04 fix(verify): aggregate JUnit suite statistics
f24ab109c4ae6817027c895670a737930dd27aaa fix(index): align P2 storage and bounded scan contract
2dd9ca16bb4b0a1160270c70a7e28209c96460f9 docs(index): record reviewer repair evidence
791f588d209b5ed5e7045b90d93ea7a2fa307354 fix(index): enforce ObjectRef table closure
b6105f045b1bc740801981b80f4c4e91b5847fa8 fix(index): close P2 contract gaps
7f8574b0c832ab7bd2c47725edfc8d8eaabce6fb docs(index): record final P2 validation evidence
9c5c4e084b3cd7b08718204e0536a4129418d9ef fix(evidence): verify pinned wheelhouse inputs
24c611b75b55c05c246d74a88763a7b4104cb393 fix(index): verify TAR member seek reads
b549ff5a6152ddc25e4032c7251fe11dcadb6cab fix(evidence): preserve revision log bytes and complete inventory
76627fd517c11053cae85e3aa36cee318391d9a8 docs(index): record P2 contract repair gates and installation timeout
26328c0003920192d47dfa5cbe53b1781b849f89 fix(evidence): resolve wheel paths and bound installation subprocesses
22bf9fa1947d4bb1aeda2a046591f9f993a51492 fix(index): restore TAR object and physical record contracts
8e339ad3eda9ae03ace70869c819ef5082cf938e fix(evidence): preserve original validation log bytes
c705b7603610ca613fe51f01381f5cf9104e4c17 docs(index): record P2 validation evidence and review gaps
c480253c08b4e4547f9210025ee68f4f5f1a55ad feat(index): build recoverable local TAR shard indexes
