# installed-mode bench 100k: wheel from final tree cef41a5, clean venv .venv312w3, repo OUTSIDE cwd, PYTHONPATH cleared
$ cmd: env -u PYTHONPATH D:/SakuraTool/SakuraPool/.venv312w3/Scripts/python.exe D:/SakuraTool/SakuraPool/tools/bench_runtime.py --workdir .bench-inst --scale 100k
cwd: C:/Users/PC/AppData/Local/Temp/sp3-inst-bench
[100k] gen: 100000 samples
[100k] compile: starting (child process)
[100k] compile: 5.219s rss=154MiB temp=39MiB
[100k] query: starting (child process)
[100k] query: done
[100k] diff: 300 specs (child process)
[100k] diff: mismatches=0
{
 "env": {
  "numpy": "2.2.6",
  "platform": "Windows-11-10.0.26100-SP0",
  "pyarrow": "18.1.0",
  "pyroaring": "1.1.0",
  "python": "3.12.13"
 },
 "module": {
  "mode": "installed",
  "module_path": "D:\\SakuraTool\\SakuraPool\\.venv312w3\\Lib\\site-packages\\sakurapool\\__init__.py"
 },
 "platform": "Windows-11-10.0.26100-SP0",
 "python": "3.12.13",
 "run_fingerprint": "3961f9b9edf264065bae387c36c4c74ef6c8e18831d26438beec55ce04b9aab5",
 "scales": {
  "100k": {
   "compile": {
    "final_bytes": {
     "OWNER.json": 488,
     "READY": 64,
     "SNAPSHOT.json": 1499,
     "STAGE.txt": 5,
     "bitmaps.sqlite": 487424,
     "catalog.sqlite": 12058624,
     "locations.npy": 3900338
    },
    "module": {
     "mode": "installed",
     "module_path": "D:\\SakuraTool\\SakuraPool\\.venv312w3\\Lib\\site-packages\\sakurapool\\__init__.py"
    },
    "peak_rss_bytes": 161562624,
    "peak_temp_bytes": 41026506,
    "rid_count": 100000,
    "run_id": "3961f9b9edf264065bae387c36c4c74ef6c8e18831d26438beec55ce04b9aab5",
    "scale": "100k",
    "snapshot_id": "8c314235b90104d4683b591f743f743632cee2360e9ced6433e701a8d0d2b03f",
    "wall_s": 5.219
   },
   "diff": {
    "mismatches": 0,
    "module": {
     "mode": "installed",
     "module_path": "D:\\SakuraTool\\SakuraPool\\.venv312w3\\Lib\\site-packages\\sakurapool\\__init__.py"
    },
    "n_specs": 300,
    "peak_rss_bytes": 216875008,
    "rid_count": 100000,
    "run_id": "3961f9b9edf264065bae387c36c4c74ef6c8e18831d26438beec55ce04b9aab5",
    "scale": "100k"
   },
   "gates": {
    "note": "gates apply at 5M scale only"
   },
   "query": {
    "cache_bytes": 268435456,
    "cache_stats": {
     "evictions": 0,
     "hits": 165,
     "misses": 21,
     "resident_bytes": 45114,
     "resident_le_limit": true
    },
    "families": {
     "any_of_2": {
      "cold_10k_ms": 0.024,
      "cold_first128_ms": 0.132,
      "cold_plan_ms": 0.408,
      "count": 136,
      "warm_10k": {
       "max_ms": 0.019,
       "n": 5,
       "p50_ms": 0.016,
       "p95_ms": 0.019
      },
      "warm_first128_e2e": {
       "max_ms": 0.225,
       "n": 5,
       "p50_ms": 0.22,
       "p95_ms": 0.225
      },
      "warm_first128_extract": {
       "max_ms": 0.056,
       "n": 5,
       "p50_ms": 0.018,
       "p95_ms": 0.056
      },
      "warm_plan": {
       "max_ms": 0.256,
       "n": 5,
       "p50_ms": 0.212,
       "p95_ms": 0.256
      }
     },
     "hot": {
      "cold_10k_ms": 0.019,
      "cold_first128_ms": 0.124,
      "cold_plan_ms": 0.216,
      "count": 120,
      "warm_10k": {
       "max_ms": 0.016,
       "n": 5,
       "p50_ms": 0.014,
       "p95_ms": 0.016
      },
      "warm_first128_e2e": {
       "max_ms": 0.123,
       "n": 5,
       "p50_ms": 0.1,
       "p95_ms": 0.123
      },
      "warm_first128_extract": {
       "max_ms": 0.096,
       "n": 5,
       "p50_ms": 0.016,
       "p95_ms": 0.096
      },
      "warm_plan": {
       "max_ms": 0.246,
       "n": 5,
       "p50_ms": 0.088,
       "p95_ms": 0.246
      }
     },
     "hot_and_medium": {
      "cold_10k_ms": null,
      "cold_first128_ms": null,
      "cold_plan_ms": 0.287,
      "count": 0,
      "warm_10k": {
       "n": 0
      },
      "warm_first128_e2e": {
       "n": 0
      },
      "warm_first128_extract": {
       "n": 0
      },
      "warm_plan": {
       "max_ms": 0.2,
       "n": 5,
       "p50_ms": 0.148,
       "p95_ms": 0.2
      }
     },
     "not": {
      "cold_10k_ms": 0.016,
      "cold_first128_ms": 0.11,
      "cold_plan_ms": 0.339,
      "count": 101,
      "warm_10k": {
       "max_ms": 0.017,
       "n": 5,
       "p50_ms": 0.013,
       "p95_ms": 0.017
      },
      "warm_first128_e2e": {
       "max_ms": 0.18,
       "n": 5,
       "p50_ms": 0.165,
       "p95_ms": 0.18
      },
      "warm_first128_extract": {
       "max_ms": 0.051,
       "n": 5,
       "p50_ms": 0.014,
       "p95_ms": 0.051
      },
      "warm_plan": {
       "max_ms": 0.269,
       "n": 5,
       "p50_ms": 0.153,
       "p95_ms": 0.269
      }
     },
     "rare": {
      "cold_10k_ms": 0.009,
      "cold_first128_ms": 0.024,
      "cold_plan_ms": 0.195,
      "count": 1,
      "warm_10k": {
       "max_ms": 0.006,
       "n": 5,
       "p50_ms": 0.006,
       "p95_ms": 0.006
      },
      "warm_first128_e2e": {
       "max_ms": 0.107,
       "n": 5,
       "p50_ms": 0.093,
       "p95_ms": 0.107
      },
      "warm_first128_extract": {
       "max_ms": 0.009,
       "n": 5,
       "p50_ms": 0.007,
       "p95_ms": 0.009
      },
      "warm_plan": {
       "max_ms": 0.119,
       "n": 5,
       "p50_ms": 0.082,
       "p95_ms": 0.119
      }
     },
     "source_2tag": {
      "cold_10k_ms": 0.01,
      "cold_first128_ms": 0.04,
      "cold_plan_ms": 0.369,
      "count": 12,
      "warm_10k": {
       "max_ms": 0.007,
       "n": 5,
       "p50_ms": 0.007,
       "p95_ms": 0.007
      },
      "warm_first128_e2e": {
       "max_ms": 0.202,
       "n": 5,
       "p50_ms": 0.191,
       "p95_ms": 0.202
      },
      "warm_first128_extract": {
       "max_ms": 0.022,
       "n": 5,
       "p50_ms": 0.008,
       "p95_ms": 0.022
      },
      "warm_plan": {
       "max_ms": 0.284,
       "n": 5,
       "p50_ms": 0.186,
       "p95_ms": 0.284
      }
     },
     "source_only": {
      "cold_10k_ms": 1.378,
      "cold_first128_ms": 0.065,
      "cold_plan_ms": 0.255,
      "count": 50000,
      "warm_10k": {
       "max_ms": 1.261,
       "n": 5,
       "p50_ms": 1.134,
       "p95_ms": 1.261
      },
      "warm_first128_e2e": {
       "max_ms": 0.074,
       "n": 5,
       "p50_ms": 0.063,
       "p95_ms": 0.074
      },
      "warm_first128_extract": {
       "max_ms": 0.033,
       "n": 5,
       "p50_ms": 0.019,
       "p95_ms": 0.033
      },
      "warm_plan": {
       "max_ms": 0.139,
       "n": 5,
       "p50_ms": 0.069,
       "p95_ms": 0.139
      }
     },
     "three_tag_and": {
      "cold_10k_ms": null,
      "cold_first128_ms": null,
      "cold_plan_ms": 0.365,
      "count": 0,
      "warm_10k": {
       "n": 0
      },
      "warm_first128_e2e": {
       "n": 0
      },
      "warm_first128_extract": {
       "n": 0
      },
      "warm_plan": {
       "max_ms": 0.305,
       "n": 5,
       "p50_ms": 0.206,
       "p95_ms": 0.305
      }
     },
     "three_tag_or": {
      "cold_10k_ms": 0.348,
      "cold_first128_ms": 0.155,
      "cold_plan_ms": 0.478,
      "count": 335,
      "warm_10k": {
       "max_ms": 0.143,
       "n": 5,
       "p50_ms": 0.029,
       "p95_ms": 0.143
      },
      "warm_first128_e2e": {
       "max_ms": 0.2,
       "n": 5,
       "p50_ms": 0.192,
       "p95_ms": 0.2
      },
      "warm_first128_extract": {
       "max_ms": 0.072,
       "n": 5,
       "p50_ms": 0.017,
       "p95_ms": 0.072
      },
      "warm_plan": {
       "max_ms": 0.287,
       "n": 5,
       "p50_ms": 0.188,
       "p95_ms": 0.287
      }
     },
     "two_source_2tag": {
      "cold_10k_ms": null,
      "cold_first128_ms": null,
      "cold_plan_ms": 0.373,
      "count": 0,
      "warm_10k": {
       "n": 0
      },
      "warm_first128_e2e": {
       "n": 0
      },
      "warm_first128_extract": {
       "n": 0
      },
      "warm_plan": {
       "max_ms": 0.3,
       "n": 5,
       "p50_ms": 0.209,
       "p95_ms": 0.3
      }
     }
    },
    "large": {
     "count": 50000,
     "first100": 100,
     "first100_s": 0.0
    },
    "locations100k": {
     "rows": 50000,
     "s": 0.004
    },
    "module": {
     "mode": "installed",
     "module_path": "D:\\SakuraTool\\SakuraPool\\.venv312w3\\Lib\\site-packages\\sakurapool\\__init__.py"
    },
    "open_s": 0.001,
    "peak_rss_bytes": 56102912,
    "rid_count": 100000,
    "run_id": "3961f9b9edf264065bae387c36c4c74ef6c8e18831d26438beec55ce04b9aab5",
    "scale": "100k"
   }
  }
 }
}
exit=0
