[100k] gen: 100000 samples
[100k] compile: starting (child process)
[100k] compile: 2.317s rss=147MiB temp=39MiB
[100k] query: starting (child process)
[100k] query: done
[100k] diff: 300 specs (child process)
[100k] diff: mismatches=0
[1M] gen: 1000000 samples
[1M] compile: starting (child process)
[1M] compile: 51.158s rss=211MiB temp=395MiB
[1M] query: starting (child process)
[1M] query: done
[5M] gen: 5000000 samples
[5M] compile: starting (child process)
[5M] compile: 315.031s rss=372MiB temp=1991MiB
[5M] query: starting (child process)
[5M] query: done
{
 "memory_growth_5m_over_1m": 1.76,
 "platform": "Windows-11-10.0.26100-SP0",
 "python": "3.14.5",
 "scales": {
  "100k": {
   "compile": {
    "final_bytes": {
     "READY": 64,
     "SNAPSHOT.json": 1498,
     "STAGE.txt": 5,
     "bitmaps.sqlite": 487424,
     "catalog.sqlite": 12058624,
     "locations.npy": 3900338
    },
    "peak_rss_bytes": 154816512,
    "peak_temp_bytes": 41026020,
    "rid_count": 100000,
    "run_id": "7bc6ae83298309ccf3986191ee893edf1504341d7160f0fec5638c6fe008d927",
    "scale": "100k",
    "snapshot_id": "1901ce62fcb838b39b2d4bfda89d7c9fd2ad8f8c731e030353514d77252ba7e8",
    "wall_s": 2.317
   },
   "diff": {
    "mismatches": 0,
    "n_specs": 300,
    "peak_rss_bytes": 208752640,
    "rid_count": 100000,
    "run_id": "7bc6ae83298309ccf3986191ee893edf1504341d7160f0fec5638c6fe008d927",
    "scale": "100k"
   },
   "gates": {
    "note": "gates apply at 5M scale only"
   },
   "query": {
    "cache_bytes": 268435456,
    "cache_stats": {
     "evictions": 0,
     "hits": 175,
     "misses": 21,
     "resident_bytes": 45114,
     "resident_le_limit": true
    },
    "families": {
     "any_of_2": {
      "cold_10k_ms": 0.024,
      "cold_first128_ms": 0.139,
      "cold_plan_ms": 0.355,
      "count": 136,
      "warm_10k": {
       "max_ms": 0.018,
       "n": 5,
       "p50_ms": 0.015,
       "p95_ms": 0.018
      },
      "warm_first128_e2e": {
       "max_ms": 0.201,
       "n": 5,
       "p50_ms": 0.19,
       "p95_ms": 0.201
      },
      "warm_first128_extract": {
       "max_ms": 0.055,
       "n": 5,
       "p50_ms": 0.016,
       "p95_ms": 0.055
      },
      "warm_plan": {
       "max_ms": 0.235,
       "n": 5,
       "p50_ms": 0.17,
       "p95_ms": 0.235
      }
     },
     "hot": {
      "cold_10k_ms": 0.017,
      "cold_first128_ms": 0.124,
      "cold_plan_ms": 0.198,
      "count": 120,
      "warm_10k": {
       "max_ms": 0.014,
       "n": 5,
       "p50_ms": 0.013,
       "p95_ms": 0.014
      },
      "warm_first128_e2e": {
       "max_ms": 0.094,
       "n": 5,
       "p50_ms": 0.084,
       "p95_ms": 0.094
      },
      "warm_first128_extract": {
       "max_ms": 0.098,
       "n": 5,
       "p50_ms": 0.014,
       "p95_ms": 0.098
      },
      "warm_plan": {
       "max_ms": 0.165,
       "n": 5,
       "p50_ms": 0.075,
       "p95_ms": 0.165
      }
     },
     "hot_and_medium": {
      "cold_10k_ms": null,
      "cold_first128_ms": null,
      "cold_plan_ms": 0.264,
      "count": 0,
      "warm_10k": {
       "n": 0
      },
      "warm_first128_e2e": {
       "n": 0
      },
      "warm_first128_extract": {
       "n": 0
      },
      "warm_plan": {
       "max_ms": 0.181,
       "n": 5,
       "p50_ms": 0.13,
       "p95_ms": 0.181
      }
     },
     "not": {
      "cold_10k_ms": 0.02,
      "cold_first128_ms": 0.114,
      "cold_plan_ms": 0.312,
      "count": 101,
      "warm_10k": {
       "max_ms": 0.013,
       "n": 5,
       "p50_ms": 0.012,
       "p95_ms": 0.013
      },
      "warm_first128_e2e": {
       "max_ms": 0.158,
       "n": 5,
       "p50_ms": 0.147,
       "p95_ms": 0.158
      },
      "warm_first128_extract": {
       "max_ms": 0.052,
       "n": 5,
       "p50_ms": 0.013,
       "p95_ms": 0.052
      },
      "warm_plan": {
       "max_ms": 0.236,
       "n": 5,
       "p50_ms": 0.136,
       "p95_ms": 0.236
      }
     },
     "rare": {
      "cold_10k_ms": 0.008,
      "cold_first128_ms": 0.022,
      "cold_plan_ms": 0.175,
      "count": 1,
      "warm_10k": {
       "max_ms": 0.006,
       "n": 5,
       "p50_ms": 0.006,
       "p95_ms": 0.006
      },
      "warm_first128_e2e": {
       "max_ms": 0.093,
       "n": 5,
       "p50_ms": 0.076,
       "p95_ms": 0.093
      },
      "warm_first128_extract": {
       "max_ms": 0.008,
       "n": 5,
       "p50_ms": 0.006,
       "p95_ms": 0.008
      },
      "warm_plan": {
       "max_ms": 0.102,
       "n": 5,
       "p50_ms": 0.07,
       "p95_ms": 0.102
      }
     },
     "source_2tag": {
      "cold_10k_ms": 0.01,
      "cold_first128_ms": 0.038,
      "cold_plan_ms": 0.32,
      "count": 12,
      "warm_10k": {
       "max_ms": 0.007,
       "n": 5,
       "p50_ms": 0.006,
       "p95_ms": 0.007
      },
      "warm_first128_e2e": {
       "max_ms": 0.173,
       "n": 5,
       "p50_ms": 0.16,
       "p95_ms": 0.173
      },
      "warm_first128_extract": {
       "max_ms": 0.019,
       "n": 5,
       "p50_ms": 0.008,
       "p95_ms": 0.019
      },
      "warm_plan": {
       "max_ms": 0.257,
       "n": 5,
       "p50_ms": 0.149,
       "p95_ms": 0.257
      }
     },
     "source_only": {
      "cold_10k_ms": 1.249,
      "cold_first128_ms": 0.065,
      "cold_plan_ms": 0.207,
      "count": 50000,
      "warm_10k": {
       "max_ms": 1.493,
       "n": 5,
       "p50_ms": 0.933,
       "p95_ms": 1.493
      },
      "warm_first128_e2e": {
       "max_ms": 0.057,
       "n": 5,
       "p50_ms": 0.043,
       "p95_ms": 0.057
      },
      "warm_first128_extract": {
       "max_ms": 0.039,
       "n": 5,
       "p50_ms": 0.022,
       "p95_ms": 0.039
      },
      "warm_plan": {
       "max_ms": 0.109,
       "n": 5,
       "p50_ms": 0.066,
       "p95_ms": 0.109
      }
     },
     "three_tag_and": {
      "cold_10k_ms": null,
      "cold_first128_ms": null,
      "cold_plan_ms": 0.323,
      "count": 0,
      "warm_10k": {
       "n": 0
      },
      "warm_first128_e2e": {
       "n": 0
      },
      "warm_first128_extract": {
       "n": 0
      },
      "warm_plan": {
       "max_ms": 0.234,
       "n": 5,
       "p50_ms": 0.175,
       "p95_ms": 0.234
      }
     },
     "three_tag_or": {
      "cold_10k_ms": 0.148,
      "cold_first128_ms": 0.114,
      "cold_plan_ms": 0.347,
      "count": 335,
      "warm_10k": {
       "max_ms": 0.123,
       "n": 5,
       "p50_ms": 0.035,
       "p95_ms": 0.123
      },
      "warm_first128_e2e": {
       "max_ms": 0.521,
       "n": 5,
       "p50_ms": 0.171,
       "p95_ms": 0.521
      },
      "warm_first128_extract": {
       "max_ms": 0.073,
       "n": 5,
       "p50_ms": 0.017,
       "p95_ms": 0.073
      },
      "warm_plan": {
       "max_ms": 0.239,
       "n": 5,
       "p50_ms": 0.166,
       "p95_ms": 0.239
      }
     },
     "two_source_2tag": {
      "cold_10k_ms": null,
      "cold_first128_ms": null,
      "cold_plan_ms": 0.761,
      "count": 0,
      "warm_10k": {
       "n": 0
      },
      "warm_first128_e2e": {
       "n": 0
      },
      "warm_first128_extract": {
       "n": 0
      },
      "warm_plan": {
       "max_ms": 0.231,
       "n": 5,
       "p50_ms": 0.166,
       "p95_ms": 0.231
      }
     }
    },
    "large": {
     "count": 50000,
     "first100": 100,
     "first100_s": 0.0
    },
    "locations100k": {
     "rows": 50000,
     "s": 0.003
    },
    "open_s": 0.001,
    "peak_rss_bytes": 55513088,
    "rid_count": 100000,
    "run_id": "7bc6ae83298309ccf3986191ee893edf1504341d7160f0fec5638c6fe008d927",
    "scale": "100k"
   }
  },
  "1M": {
   "compile": {
    "final_bytes": {
     "READY": 64,
     "SNAPSHOT.json": 1504,
     "STAGE.txt": 5,
     "bitmaps.sqlite": 3235840,
     "catalog.sqlite": 122331136,
     "locations.npy": 39000338
    },
    "peak_rss_bytes": 221904896,
    "peak_temp_bytes": 414408255,
    "rid_count": 1000000,
    "run_id": "7bc6ae83298309ccf3986191ee893edf1504341d7160f0fec5638c6fe008d927",
    "scale": "1M",
    "snapshot_id": "6ce94b94a01519ba64e498d8dbfb45415a12f8cf8775b0eb632a15478e8e1bb4",
    "wall_s": 51.158
   },
   "gates": {
    "note": "gates apply at 5M scale only"
   },
   "query": {
    "cache_bytes": 268435456,
    "cache_stats": {
     "evictions": 0,
     "hits": 171,
     "misses": 20,
     "resident_bytes": 305564,
     "resident_le_limit": true
    },
    "families": {
     "any_of_2": {
      "cold_10k_ms": 1.191,
      "cold_first128_ms": 0.129,
      "cold_plan_ms": 0.445,
      "count": 1696,
      "warm_10k": {
       "max_ms": 0.637,
       "n": 5,
       "p50_ms": 0.115,
       "p95_ms": 0.637
      },
      "warm_first128_e2e": {
       "max_ms": 0.208,
       "n": 5,
       "p50_ms": 0.191,
       "p95_ms": 0.208
      },
      "warm_first128_extract": {
       "max_ms": 0.053,
       "n": 5,
       "p50_ms": 0.018,
       "p95_ms": 0.053
      },
      "warm_plan": {
       "max_ms": 0.237,
       "n": 5,
       "p50_ms": 0.204,
       "p95_ms": 0.237
      }
     },
     "hot": {
      "cold_10k_ms": 1.166,
      "cold_first128_ms": 0.121,
      "cold_plan_ms": 0.215,
      "count": 1559,
      "warm_10k": {
       "max_ms": 1.116,
       "n": 5,
       "p50_ms": 0.143,
       "p95_ms": 1.116
      },
      "warm_first128_e2e": {
       "max_ms": 0.101,
       "n": 5,
       "p50_ms": 0.093,
       "p95_ms": 0.101
      },
      "warm_first128_extract": {
       "max_ms": 0.09,
       "n": 5,
       "p50_ms": 0.021,
       "p95_ms": 0.09
      },
      "warm_plan": {
       "max_ms": 0.188,
       "n": 5,
       "p50_ms": 0.101,
       "p95_ms": 0.188
      }
     },
     "hot_and_medium": {
      "cold_10k_ms": null,
      "cold_first128_ms": null,
      "cold_plan_ms": 0.314,
      "count": 0,
      "warm_10k": {
       "n": 0
      },
      "warm_first128_e2e": {
       "n": 0
      },
      "warm_first128_extract": {
       "n": 0
      },
      "warm_plan": {
       "max_ms": 0.203,
       "n": 5,
       "p50_ms": 0.132,
       "p95_ms": 0.203
      }
     },
     "not": {
      "cold_10k_ms": 0.875,
      "cold_first128_ms": 0.153,
      "cold_plan_ms": 0.484,
      "count": 1227,
      "warm_10k": {
       "max_ms": 0.465,
       "n": 5,
       "p50_ms": 0.09,
       "p95_ms": 0.465
      },
      "warm_first128_e2e": {
       "max_ms": 0.519,
       "n": 5,
       "p50_ms": 0.168,
       "p95_ms": 0.519
      },
      "warm_first128_extract": {
       "max_ms": 0.071,
       "n": 5,
       "p50_ms": 0.019,
       "p95_ms": 0.071
      },
      "warm_plan": {
       "max_ms": 0.413,
       "n": 5,
       "p50_ms": 0.176,
       "p95_ms": 0.413
      }
     },
     "rare": {
      "cold_10k_ms": 0.01,
      "cold_first128_ms": 0.054,
      "cold_plan_ms": 0.205,
      "count": 16,
      "warm_10k": {
       "max_ms": 0.008,
       "n": 5,
       "p50_ms": 0.007,
       "p95_ms": 0.008
      },
      "warm_first128_e2e": {
       "max_ms": 0.097,
       "n": 5,
       "p50_ms": 0.086,
       "p95_ms": 0.097
      },
      "warm_first128_extract": {
       "max_ms": 0.028,
       "n": 5,
       "p50_ms": 0.007,
       "p95_ms": 0.028
      },
      "warm_plan": {
       "max_ms": 0.119,
       "n": 5,
       "p50_ms": 0.075,
       "p95_ms": 0.119
      }
     },
     "source_2tag": {
      "cold_10k_ms": 0.048,
      "cold_first128_ms": 0.143,
      "cold_plan_ms": 0.412,
      "count": 161,
      "warm_10k": {
       "max_ms": 0.029,
       "n": 5,
       "p50_ms": 0.016,
       "p95_ms": 0.029
      },
      "warm_first128_e2e": {
       "max_ms": 0.187,
       "n": 5,
       "p50_ms": 0.171,
       "p95_ms": 0.187
      },
      "warm_first128_extract": {
       "max_ms": 0.075,
       "n": 5,
       "p50_ms": 0.016,
       "p95_ms": 0.075
      },
      "warm_plan": {
       "max_ms": 0.354,
       "n": 5,
       "p50_ms": 0.156,
       "p95_ms": 0.354
      }
     },
     "source_only": {
      "cold_10k_ms": 1.23,
      "cold_first128_ms": 0.095,
      "cold_plan_ms": 0.327,
      "count": 500000,
      "warm_10k": {
       "max_ms": 1.15,
       "n": 5,
       "p50_ms": 0.954,
       "p95_ms": 1.15
      },
      "warm_first128_e2e": {
       "max_ms": 0.336,
       "n": 5,
       "p50_ms": 0.05,
       "p95_ms": 0.336
      },
      "warm_first128_extract": {
       "max_ms": 0.04,
       "n": 5,
       "p50_ms": 0.018,
       "p95_ms": 0.04
      },
      "warm_plan": {
       "max_ms": 0.185,
       "n": 5,
       "p50_ms": 0.053,
       "p95_ms": 0.185
      }
     },
     "three_tag_and": {
      "cold_10k_ms": null,
      "cold_first128_ms": null,
      "cold_plan_ms": 0.388,
      "count": 0,
      "warm_10k": {
       "n": 0
      },
      "warm_first128_e2e": {
       "n": 0
      },
      "warm_first128_extract": {
       "n": 0
      },
      "warm_plan": {
       "max_ms": 0.242,
       "n": 5,
       "p50_ms": 0.184,
       "p95_ms": 0.242
      }
     },
     "three_tag_or": {
      "cold_10k_ms": 2.6,
      "cold_first128_ms": 0.111,
      "cold_plan_ms": 0.409,
      "count": 4134,
      "warm_10k": {
       "max_ms": 2.248,
       "n": 5,
       "p50_ms": 0.293,
       "p95_ms": 2.248
      },
      "warm_first128_e2e": {
       "max_ms": 0.278,
       "n": 5,
       "p50_ms": 0.192,
       "p95_ms": 0.278
      },
      "warm_first128_extract": {
       "max_ms": 0.06,
       "n": 5,
       "p50_ms": 0.026,
       "p95_ms": 0.06
      },
      "warm_plan": {
       "max_ms": 0.289,
       "n": 5,
       "p50_ms": 0.213,
       "p95_ms": 0.289
      }
     },
     "two_source_2tag": {
      "cold_10k_ms": null,
      "cold_first128_ms": null,
      "cold_plan_ms": 0.514,
      "count": 0,
      "warm_10k": {
       "n": 0
      },
      "warm_first128_e2e": {
       "n": 0
      },
      "warm_first128_extract": {
       "n": 0
      },
      "warm_plan": {
       "max_ms": 0.237,
       "n": 5,
       "p50_ms": 0.177,
       "p95_ms": 0.237
      }
     }
    },
    "large": {
     "count": 500000,
     "first100": 100,
     "first100_s": 0.0
    },
    "locations100k": {
     "rows": 100000,
     "s": 0.007
    },
    "open_s": 0.001,
    "peak_rss_bytes": 76627968,
    "rid_count": 1000000,
    "run_id": "7bc6ae83298309ccf3986191ee893edf1504341d7160f0fec5638c6fe008d927",
    "scale": "1M"
   }
  },
  "5M": {
   "compile": {
    "final_bytes": {
     "READY": 64,
     "SNAPSHOT.json": 1507,
     "STAGE.txt": 5,
     "bitmaps.sqlite": 13598720,
     "catalog.sqlite": 624791552,
     "locations.npy": 195000338
    },
    "peak_rss_bytes": 390856704,
    "peak_temp_bytes": 2088730157,
    "rid_count": 5000000,
    "run_id": "7bc6ae83298309ccf3986191ee893edf1504341d7160f0fec5638c6fe008d927",
    "scale": "5M",
    "snapshot_id": "a4911d6c5f5a0f9f38966bfd1eef7e066ebda6c5065b9d61dde4ba6df7a19ffb",
    "wall_s": 315.031
   },
   "gates": {
    "cache_resident_bounded": true,
    "first128_e2e_p95_500ms": true,
    "locations100k_reported": true,
    "ten_k_1s": true,
    "warm_count_p95_200ms": true
   },
   "query": {
    "cache_bytes": 268435456,
    "cache_stats": {
     "evictions": 0,
     "hits": 171,
     "misses": 20,
     "resident_bytes": 1410390,
     "resident_le_limit": true
    },
    "families": {
     "any_of_2": {
      "cold_10k_ms": 6.92,
      "cold_first128_ms": 0.144,
      "cold_plan_ms": 0.838,
      "count": 8287,
      "warm_10k": {
       "max_ms": 3.892,
       "n": 5,
       "p50_ms": 0.795,
       "p95_ms": 3.892
      },
      "warm_first128_e2e": {
       "max_ms": 0.582,
       "n": 5,
       "p50_ms": 0.255,
       "p95_ms": 0.582
      },
      "warm_first128_extract": {
       "max_ms": 0.068,
       "n": 5,
       "p50_ms": 0.023,
       "p95_ms": 0.068
      },
      "warm_plan": {
       "max_ms": 0.303,
       "n": 5,
       "p50_ms": 0.28,
       "p95_ms": 0.303
      }
     },
     "hot": {
      "cold_10k_ms": 7.406,
      "cold_first128_ms": 0.151,
      "cold_plan_ms": 0.277,
      "count": 7384,
      "warm_10k": {
       "max_ms": 6.123,
       "n": 5,
       "p50_ms": 0.572,
       "p95_ms": 6.123
      },
      "warm_first128_e2e": {
       "max_ms": 0.236,
       "n": 5,
       "p50_ms": 0.14,
       "p95_ms": 0.236
      },
      "warm_first128_extract": {
       "max_ms": 0.211,
       "n": 5,
       "p50_ms": 0.028,
       "p95_ms": 0.211
      },
      "warm_plan": {
       "max_ms": 0.294,
       "n": 5,
       "p50_ms": 0.122,
       "p95_ms": 0.294
      }
     },
     "hot_and_medium": {
      "cold_10k_ms": null,
      "cold_first128_ms": null,
      "cold_plan_ms": 0.354,
      "count": 0,
      "warm_10k": {
       "n": 0
      },
      "warm_first128_e2e": {
       "n": 0
      },
      "warm_first128_extract": {
       "n": 0
      },
      "warm_plan": {
       "max_ms": 0.249,
       "n": 5,
       "p50_ms": 0.146,
       "p95_ms": 0.249
      }
     },
     "not": {
      "cold_10k_ms": 5.468,
      "cold_first128_ms": 0.149,
      "cold_plan_ms": 1.434,
      "count": 6208,
      "warm_10k": {
       "max_ms": 3.235,
       "n": 5,
       "p50_ms": 0.698,
       "p95_ms": 3.235
      },
      "warm_first128_e2e": {
       "max_ms": 0.621,
       "n": 5,
       "p50_ms": 0.572,
       "p95_ms": 0.621
      },
      "warm_first128_extract": {
       "max_ms": 0.079,
       "n": 5,
       "p50_ms": 0.033,
       "p95_ms": 0.079
      },
      "warm_plan": {
       "max_ms": 1.12,
       "n": 5,
       "p50_ms": 0.536,
       "p95_ms": 1.12
      }
     },
     "rare": {
      "cold_10k_ms": 0.015,
      "cold_first128_ms": 0.148,
      "cold_plan_ms": 0.222,
      "count": 86,
      "warm_10k": {
       "max_ms": 0.018,
       "n": 5,
       "p50_ms": 0.012,
       "p95_ms": 0.018
      },
      "warm_first128_e2e": {
       "max_ms": 0.099,
       "n": 5,
       "p50_ms": 0.086,
       "p95_ms": 0.099
      },
      "warm_first128_extract": {
       "max_ms": 0.096,
       "n": 5,
       "p50_ms": 0.012,
       "p95_ms": 0.096
      },
      "warm_plan": {
       "max_ms": 0.16,
       "n": 5,
       "p50_ms": 0.078,
       "p95_ms": 0.16
      }
     },
     "source_2tag": {
      "cold_10k_ms": 0.535,
      "cold_first128_ms": 0.159,
      "cold_plan_ms": 0.825,
      "count": 638,
      "warm_10k": {
       "max_ms": 0.316,
       "n": 5,
       "p50_ms": 0.052,
       "p95_ms": 0.316
      },
      "warm_first128_e2e": {
       "max_ms": 0.22,
       "n": 5,
       "p50_ms": 0.212,
       "p95_ms": 0.22
      },
      "warm_first128_extract": {
       "max_ms": 0.081,
       "n": 5,
       "p50_ms": 0.02,
       "p95_ms": 0.081
      },
      "warm_plan": {
       "max_ms": 0.672,
       "n": 5,
       "p50_ms": 0.2,
       "p95_ms": 0.672
      }
     },
     "source_only": {
      "cold_10k_ms": 1.245,
      "cold_first128_ms": 0.078,
      "cold_plan_ms": 0.61,
      "count": 2500000,
      "warm_10k": {
       "max_ms": 1.333,
       "n": 5,
       "p50_ms": 0.981,
       "p95_ms": 1.333
      },
      "warm_first128_e2e": {
       "max_ms": 0.181,
       "n": 5,
       "p50_ms": 0.069,
       "p95_ms": 0.181
      },
      "warm_first128_extract": {
       "max_ms": 0.053,
       "n": 5,
       "p50_ms": 0.018,
       "p95_ms": 0.053
      },
      "warm_plan": {
       "max_ms": 0.65,
       "n": 5,
       "p50_ms": 0.065,
       "p95_ms": 0.65
      }
     },
     "three_tag_and": {
      "cold_10k_ms": null,
      "cold_first128_ms": null,
      "cold_plan_ms": 0.381,
      "count": 0,
      "warm_10k": {
       "n": 0
      },
      "warm_first128_e2e": {
       "n": 0
      },
      "warm_first128_extract": {
       "n": 0
      },
      "warm_plan": {
       "max_ms": 0.276,
       "n": 5,
       "p50_ms": 0.205,
       "p95_ms": 0.276
      }
     },
     "three_tag_or": {
      "cold_10k_ms": 12.779,
      "cold_first128_ms": 0.125,
      "cold_plan_ms": 0.489,
      "count": 20822,
      "warm_10k": {
       "max_ms": 10.17,
       "n": 5,
       "p50_ms": 1.656,
       "p95_ms": 10.17
      },
      "warm_first128_e2e": {
       "max_ms": 0.311,
       "n": 5,
       "p50_ms": 0.285,
       "p95_ms": 0.311
      },
      "warm_first128_extract": {
       "max_ms": 0.072,
       "n": 5,
       "p50_ms": 0.027,
       "p95_ms": 0.072
      },
      "warm_plan": {
       "max_ms": 0.535,
       "n": 5,
       "p50_ms": 0.306,
       "p95_ms": 0.535
      }
     },
     "two_source_2tag": {
      "cold_10k_ms": null,
      "cold_first128_ms": null,
      "cold_plan_ms": 1.522,
      "count": 0,
      "warm_10k": {
       "n": 0
      },
      "warm_first128_e2e": {
       "n": 0
      },
      "warm_first128_extract": {
       "n": 0
      },
      "warm_plan": {
       "max_ms": 0.481,
       "n": 5,
       "p50_ms": 0.27,
       "p95_ms": 0.481
      }
     }
    },
    "large": {
     "count": 2500000,
     "first100": 100,
     "first100_s": 0.0
    },
    "locations100k": {
     "rows": 100000,
     "s": 0.007
    },
    "open_s": 0.001,
    "peak_rss_bytes": 159080448,
    "rid_count": 5000000,
    "run_id": "7bc6ae83298309ccf3986191ee893edf1504341d7160f0fec5638c6fe008d927",
    "scale": "5M"
   }
  }
 }
}
EXIT=0
