===== Python 310 smoke (wheel from final tree) =====
$ cmd: uv pip install --reinstall dist/sakurapool-0.1.0-py3-none-any.whl --python .venv310s/Scripts/python.exe
 ~ sakurapool==0.1.0 (from file:///D:/SakuraTool/SakuraPool/dist/sakurapool-0.1.0-py3-none-any.whl)
exit=0
$ cmd: .venv310s/Scripts/python.exe -m pip check
No broken requirements found.
exit=0
$ cmd: .venv310s/Scripts/python.exe -c 'import assert (site-packages)'
import ok: D:\SakuraTool\SakuraPool\.venv310s\lib\site-packages\sakurapool\__init__.py
exit=0
$ cmd: mini e2e (compile + query, wheel module)
{"python": "3.10.21", "module": "D:\\SakuraTool\\SakuraPool\\.venv310s\\lib\\site-packages\\sakurapool\\__init__.py", "snapshot_id": "cdb4401ae64ab4409b096d1fda3bc811b289c856714d6d3781e408c356402af0", "count": 1}
exit=0

===== Python 313 smoke (wheel from final tree) =====
$ cmd: uv pip install --reinstall dist/sakurapool-0.1.0-py3-none-any.whl --python .venv313s/Scripts/python.exe
 ~ sakurapool==0.1.0 (from file:///D:/SakuraTool/SakuraPool/dist/sakurapool-0.1.0-py3-none-any.whl)
exit=0
$ cmd: .venv313s/Scripts/python.exe -m pip check
No broken requirements found.
exit=0
$ cmd: .venv313s/Scripts/python.exe -c 'import assert (site-packages)'
import ok: D:\SakuraTool\SakuraPool\.venv313s\Lib\site-packages\sakurapool\__init__.py
exit=0
$ cmd: mini e2e (compile + query, wheel module)
{"python": "3.13.13", "module": "D:\\SakuraTool\\SakuraPool\\.venv313s\\Lib\\site-packages\\sakurapool\\__init__.py", "snapshot_id": "cdb4401ae64ab4409b096d1fda3bc811b289c856714d6d3781e408c356402af0", "count": 1}
exit=0
