$ cmd: uv pip install pip dist/sakurapool-0.1.0-py3-none-any.whl pytest (clean venv .venv312w3, normal deps)
Using Python 3.12.13 environment at: .venv312w3
Resolved 11 packages in 1.29s
Prepared 1 package in 19ms
warning: Failed to hardlink files; falling back to full copy. This may lead to degraded performance.
         If the cache and target directories are on different filesystems, hardlinking may not be supported.
         If this is intentional, set `export UV_LINK_MODE=copy` or use `--link-mode=copy` to suppress this warning.
Installed 11 packages in 1.07s
 + colorama==0.4.6
 + iniconfig==2.3.0
 + numpy==2.2.6
 + packaging==26.3
 + pip==26.2.1
 + pluggy==1.6.0
 + pyarrow==18.1.0
 + pygments==2.21.0
 + pyroaring==1.1.0
 + pytest==9.1.1
 + sakurapool==0.1.0 (from file:///D:/SakuraTool/SakuraPool/dist/sakurapool-0.1.0-py3-none-any.whl)
exit=0

$ cmd: pip check
No broken requirements found.
exit=0

$ cmd: module path assert
module: D:\SakuraTool\SakuraPool\.venv312w3\Lib\site-packages\sakurapool\__init__.py
exit=0
