$ cmd: uv build --wheel (final tree cef41a5)
Building wheel...
running egg_info
writing src\sakurapool.egg-info\PKG-INFO
writing dependency_links to src\sakurapool.egg-info\dependency_links.txt
writing entry points to src\sakurapool.egg-info\entry_points.txt
writing requirements to src\sakurapool.egg-info\requires.txt
writing top-level names to src\sakurapool.egg-info\top_level.txt
reading manifest file 'src\sakurapool.egg-info\SOURCES.txt'
writing manifest file 'src\sakurapool.egg-info\SOURCES.txt'
running bdist_wheel
running build
running build_py
copying src\sakurapool\cli.py -> build\lib\sakurapool
copying src\sakurapool\evaluator.py -> build\lib\sakurapool
copying src\sakurapool\indexer.py -> build\lib\sakurapool
copying src\sakurapool\models.py -> build\lib\sakurapool
copying src\sakurapool\query.py -> build\lib\sakurapool
copying src\sakurapool\records.py -> build\lib\sakurapool
copying src\sakurapool\registry.py -> build\lib\sakurapool
copying src\sakurapool\schema.py -> build\lib\sakurapool
copying src\sakurapool\__init__.py -> build\lib\sakurapool
copying src\sakurapool\__main__.py -> build\lib\sakurapool
copying src\sakurapool\runtime\compiler.py -> build\lib\sakurapool\runtime
copying src\sakurapool\runtime\errors.py -> build\lib\sakurapool\runtime
copying src\sakurapool\runtime\identity.py -> build\lib\sakurapool\runtime
copying src\sakurapool\runtime\inventory.py -> build\lib\sakurapool\runtime
copying src\sakurapool\runtime\query.py -> build\lib\sakurapool\runtime
copying src\sakurapool\runtime\snapshot.py -> build\lib\sakurapool\runtime
copying src\sakurapool\runtime\__init__.py -> build\lib\sakurapool\runtime
running egg_info
writing src\sakurapool.egg-info\PKG-INFO
writing dependency_links to src\sakurapool.egg-info\dependency_links.txt
writing entry points to src\sakurapool.egg-info\entry_points.txt
writing requirements to src\sakurapool.egg-info\requires.txt
writing top-level names to src\sakurapool.egg-info\top_level.txt
reading manifest file 'src\sakurapool.egg-info\SOURCES.txt'
writing manifest file 'src\sakurapool.egg-info\SOURCES.txt'
installing to build\bdist.win-amd64\wheel
running install
running install_lib
creating build\bdist.win-amd64\wheel
creating build\bdist.win-amd64\wheel\sakurapool
copying build\lib\sakurapool\cli.py -> build\bdist.win-amd64\wheel\.\sakurapool
copying build\lib\sakurapool\evaluator.py -> build\bdist.win-amd64\wheel\.\sakurapool
copying build\lib\sakurapool\indexer.py -> build\bdist.win-amd64\wheel\.\sakurapool
copying build\lib\sakurapool\models.py -> build\bdist.win-amd64\wheel\.\sakurapool
copying build\lib\sakurapool\query.py -> build\bdist.win-amd64\wheel\.\sakurapool
copying build\lib\sakurapool\records.py -> build\bdist.win-amd64\wheel\.\sakurapool
copying build\lib\sakurapool\registry.py -> build\bdist.win-amd64\wheel\.\sakurapool
creating build\bdist.win-amd64\wheel\sakurapool\runtime
copying build\lib\sakurapool\runtime\compiler.py -> build\bdist.win-amd64\wheel\.\sakurapool\runtime
copying build\lib\sakurapool\runtime\errors.py -> build\bdist.win-amd64\wheel\.\sakurapool\runtime
copying build\lib\sakurapool\runtime\identity.py -> build\bdist.win-amd64\wheel\.\sakurapool\runtime
copying build\lib\sakurapool\runtime\inventory.py -> build\bdist.win-amd64\wheel\.\sakurapool\runtime
copying build\lib\sakurapool\runtime\query.py -> build\bdist.win-amd64\wheel\.\sakurapool\runtime
copying build\lib\sakurapool\runtime\snapshot.py -> build\bdist.win-amd64\wheel\.\sakurapool\runtime
copying build\lib\sakurapool\runtime\__init__.py -> build\bdist.win-amd64\wheel\.\sakurapool\runtime
copying build\lib\sakurapool\schema.py -> build\bdist.win-amd64\wheel\.\sakurapool
copying build\lib\sakurapool\__init__.py -> build\bdist.win-amd64\wheel\.\sakurapool
copying build\lib\sakurapool\__main__.py -> build\bdist.win-amd64\wheel\.\sakurapool
running install_egg_info
Copying src\sakurapool.egg-info to build\bdist.win-amd64\wheel\.\sakurapool-0.1.0-py3.13.egg-info
running install_scripts
creating build\bdist.win-amd64\wheel\sakurapool-0.1.0.dist-info\WHEEL
creating 'D:\SakuraTool\SakuraPool\dist\.tmp-h5c717wm\sakurapool-0.1.0-py3-none-any.whl' and adding 'build\bdist.win-amd64\wheel' to it
adding 'sakurapool/__init__.py'
adding 'sakurapool/__main__.py'
adding 'sakurapool/cli.py'
adding 'sakurapool/evaluator.py'
adding 'sakurapool/indexer.py'
adding 'sakurapool/models.py'
adding 'sakurapool/query.py'
adding 'sakurapool/records.py'
adding 'sakurapool/registry.py'
adding 'sakurapool/schema.py'
adding 'sakurapool/runtime/__init__.py'
adding 'sakurapool/runtime/compiler.py'
adding 'sakurapool/runtime/errors.py'
adding 'sakurapool/runtime/identity.py'
adding 'sakurapool/runtime/inventory.py'
adding 'sakurapool/runtime/query.py'
adding 'sakurapool/runtime/snapshot.py'
adding 'sakurapool-0.1.0.dist-info/METADATA'
adding 'sakurapool-0.1.0.dist-info/WHEEL'
adding 'sakurapool-0.1.0.dist-info/entry_points.txt'
adding 'sakurapool-0.1.0.dist-info/top_level.txt'
adding 'sakurapool-0.1.0.dist-info/RECORD'
removing build\bdist.win-amd64\wheel
Successfully built dist\sakurapool-0.1.0-py3-none-any.whl
exit=0
