{"commit": "c8a286892039acca283a0762df23ac56346f64f4", "command": ["git", "diff", "--stat", "6c45548e..HEAD"], "cwd": "D:\\SakuraTool\\SakuraPool", "PYTHONPATH": null}
 .gitignore                                      |    3 +
 README.md                                       |  100 +-
 pyproject.toml                                  |    2 +-
 reports/P3/benchmark.json                       | 1025 +++++++++++++++++++
 reports/P3/evidence-manifest.json               |    8 +
 reports/P3/evidence.json                        |   14 +
 reports/P3/final-r4/bench-installed.log         |  369 +++++++
 reports/P3/final-r4/bench-worktree.log          | 1044 +++++++++++++++++++
 reports/P3/final-r4/benchmark-installed.json    |    1 +
 reports/P3/final-r4/benchmark.json              |    1 +
 reports/P3/final-r4/build.log                   |   91 ++
 reports/P3/final-r4/cli-compile.log             |    3 +
 reports/P3/final-r4/cli-fixture.log             |    3 +
 reports/P3/final-r4/cli-inspect.log             |    3 +
 reports/P3/final-r4/cli-lookup.log              |    3 +
 reports/P3/final-r4/cli-query.log               |    3 +
 reports/P3/final-r4/cli-verify.log              |    3 +
 reports/P3/final-r4/commands.json               |  502 +++++++++
 reports/P3/final-r4/compile-3.10.log            |    3 +
 reports/P3/final-r4/compile-3.13.log            |    3 +
 reports/P3/final-r4/diff-check.log              |    3 +
 reports/P3/final-r4/diff-stat.log               |   37 +
 reports/P3/final-r4/history.log                 |   20 +
 reports/P3/final-r4/host-tests.log              |    6 +
 reports/P3/final-r4/install-3.10.log            |   15 +
 reports/P3/final-r4/install-3.13.log            |   15 +
 reports/P3/final-r4/install.log                 |   19 +
 reports/P3/final-r4/installed-source-hashes.log |   93 ++
 reports/P3/final-r4/module-3.10.log             |    3 +
 reports/P3/final-r4/module-3.13.log             |    3 +
 reports/P3/final-r4/old-wheel-failure.json      |    7 +
 reports/P3/final-r4/pip-check-3.10.log          |    3 +
 reports/P3/final-r4/pip-check-3.13.log          |    3 +
 reports/P3/final-r4/pip-check.log               |    3 +
 reports/P3/final-r4/query-3.10.log              |    3 +
 reports/P3/final-r4/query-3.13.log              |    3 +
 reports/P3/final-r4/ruff.log                    |    3 +
 reports/P3/final-r4/venv.log                    |    5 +
 reports/P3/final-r4/verify-3.10.log             |    3 +
 reports/P3/final-r4/verify-3.13.log             |    3 +
 reports/P3/final-r4/wheel-tests.log             |    6 +
 reports/P3/hashes.sha256                        |   51 +
 reports/P3/query-benchmark.json                 |  911 +++++++++++++++++
 reports/P3/raw/base-diff.log                    |   49 +
 reports/P3/raw/bench-final.log                  | 1045 +++++++++++++++++++
 reports/P3/raw/bench-installed-100k.log         |  371 +++++++
 reports/P3/raw/pinned-env.txt                   |   27 +
 reports/P3/raw/py-smoke-310-313.log             |   27 +
 reports/P3/raw/ruff.log                         |    3 +
 reports/P3/raw/venv312-cli-verify.log           |   45 +
 reports/P3/raw/wheel-build.log                  |   91 ++
 reports/P3/raw/wheel-install.log                |   28 +
 reports/P3/report.md                            |   78 ++
 reports/P3/tests-host-3.14.log                  |    6 +
 reports/P3/tests-wheel-3.12.log                 |    6 +
 src/sakurapool/cli.py                           |  202 +++-
 src/sakurapool/runtime/__init__.py              |   54 +
 src/sakurapool/runtime/compiler.py              | 1220 ++++++++++++++++++++++
 src/sakurapool/runtime/errors.py                |   29 +
 src/sakurapool/runtime/identity.py              |   40 +
 src/sakurapool/runtime/inventory.py             |  258 +++++
 src/sakurapool/runtime/query.py                 |  280 +++++
 src/sakurapool/runtime/snapshot.py              |  385 +++++++
 tests/synthetic_p2.py                           |  240 +++++
 tests/test_bench_workload.py                    |  192 ++++
 tests/test_publish_resume_safety.py             |  110 ++
 tests/test_runtime.py                           |  827 +++++++++++++++
 tests/test_runtime_differential.py              |  233 +++++
 tests/test_runtime_remediation.py               | 1247 +++++++++++++++++++++++
 tools/bench_runtime.py                          |  896 ++++++++++++++++
 70 files changed, 12386 insertions(+), 5 deletions(-)
exit=0
