{
  "summary": {
    "archives": 1,
    "objects_seen": 1,
    "objects_committed": 1,
    "objects_skipped": 0,
    "objects": 1,
    "samples": 3,
    "errors": 0,
    "skipped": 0,
    "header_seconds": 0.00018970004748553038,
    "json_seconds": 4.940014332532883e-05,
    "parquet_seconds": 0.018370900070294738,
    "total_seconds": 0.029441600083373487
  },
  "extents": [
    {
      "member": "1.jpg",
      "offset": 512,
      "length": 3,
      "sha256": "7692c3ad3540bb803c020b3aee66cd8887123234ea0c6e7143c0add73ff431ed",
      "equal": true
    },
    {
      "member": "1.json",
      "offset": 1536,
      "length": 14,
      "sha256": "e287f621910b125929a8391d015b047588d3eb8cf627d35db35c057d00643073",
      "equal": true
    },
    {
      "member": "2.webp",
      "offset": 2560,
      "length": 3,
      "sha256": "3fc4ccfe745870e2c0d99f71f30ff0656c8dedd41cc1d7d3d376b0dbe685e2f3",
      "equal": true
    },
    {
      "member": "2.json",
      "offset": 3584,
      "length": 11,
      "sha256": "b35b1ec1c0c72c4bbd16bd9d6c2cbcac8224272cd7e6ecf504a78f2c7e989b2a",
      "equal": true
    },
    {
      "member": "images/7.jpg",
      "offset": 4608,
      "length": 5,
      "sha256": "3ba8d02b16fd2a01c1a8ba1a1f036d7ce386ed953696fa57331c2ac48a80b255",
      "equal": true
    },
    {
      "member": "meta/7.json",
      "offset": 5632,
      "length": 2,
      "sha256": "44136fa355b3678a1146ad16f7e8649e94fb4fc21fe77e8310c060f61caaff8a",
      "equal": true
    }
  ]
}
