START 2026-09-30T10:17:21+08:00
PWD /d/SakuraTool/SakuraPool
HEAD b7c1bd19463cc08e02aaaab37e90c9b696245531
HEAD_TREE d13e8bb51ce590aebd8d8a4f2ce5ba24ffd19744
CMD bash -c git\ status\ --short\;\ git\ branch\ --show-current\;\ git\ rev-parse\ HEAD\ HEAD\^\{tree\}\;\ git\ ls-remote\ origin\ refs/heads/dev\ refs/heads/main\;\ rustc\ --version\;\ cargo\ --version\;\ uv\ --version 
CARGO_TARGET_DIR=D:/SakuraTool/SakuraPool-Fix3-20260930a/rust-target
SAKURAPOOL_RUST_WORKER=
PYTHONPATH=<unset>
 M reports/P3/raw/ruff.log
 M rust/Cargo.toml
 M rust/src/bin/worker.rs
 M rust/src/http.rs
 M rust/src/lib.rs
 M src/sakurapool/storage/rust_bridge.py
?? P3-Execution-Plan.md
?? SakuraPool-P2-9ec0519.tar.gz
?? SakuraPool-P2-final-repair.diff
?? SakuraPool-P2.diff
?? agents.md
?? reports/P3/raw/32mib-runtime-remediation-r4.log
?? reports/P3/raw/bench-final-r4.log
?? reports/P3/raw/diff-check.log
?? reports/P3/raw/full-sha.log
?? reports/P3/raw/pytest-host-314-r4.log
?? reports/P3/raw/pytest-wheel-312-r4.log
?? reports/P4/konachan-selection.patch
?? reports/P4/real-modelscope-verification.json
?? reports/R1-final/evidence/
?? reports/R1-final/fix3-plan.md
?? todo.md
dev
b7c1bd19463cc08e02aaaab37e90c9b696245531
d13e8bb51ce590aebd8d8a4f2ce5ba24ffd19744
b7c1bd19463cc08e02aaaab37e90c9b696245531	refs/heads/dev
edc72fbaaddc4dc8f9865ddfa576b737c7b15f5a	refs/heads/main
rustc 1.98.1 (48a229cea 2026-09-01)
cargo 1.98.1 (797e8a9bc 2026-08-05)
uv 0.12.5 (210d1f678 2026-08-14 x86_64-pc-windows-msvc)

EXIT_CODE=0
END 2026-09-30T10:17:25+08:00
