START 2026-09-30T11:41:45+08:00
PWD /d/SakuraTool/SakuraPool
HEAD 51ea23a4367cb8f069e930c5ab1882a0a00c8423
HEAD_TREE f0680c67652afc6cb04a236169ecc37bd425aa2d
CMD D:/SakuraTool/SakuraPool-Fix3-20260930a/py312/Scripts/python.exe reports/R1-final/evidence/fix3_verify_binding.py 
CARGO_TARGET_DIR=D:/SakuraTool/SakuraPool-Fix3-20260930a/rust-target
SAKURAPOOL_RUST_WORKER=D:/SakuraTool/SakuraPool-Fix3-20260930a/rust-target/release/sakurapool-worker.exe
PYTHONPATH=<unset>
IMPLEMENTATION=51ea23a4367cb8f069e930c5ab1882a0a00c8423
TREE=f0680c67652afc6cb04a236169ecc37bd425aa2d
RELEASE_WORKER_SHA256=0b8bafc4f1388ad325be68721b421c2865c6bab7af339204af14a7dbea8d8d6a
COLLECTION original=523 ordered=523 multiset_equal=True twohop_last=83
OUTCOMES all 523 nodeids accounted for, no failure/deselection
SKIP_ID=tests/test_p4_package.py::test_package_fails_closed_on_invalid_inventory_or_binding[symlink]
SKIP_ID=tests/test_runtime_remediation.py::test_staging_audit_rejects_symlink_entry
WHEEL_SOURCE_MATCH files=28 newline_normalization_only=True
WHEEL bytes=118494 sha256=71b5f86f6df952d18bc9590b4728562bb9388bd9c66c57fca6a17ca1e8cd5262
CERTIFICATION_BINDING_OK

EXIT_CODE=0
END 2026-09-30T11:41:47+08:00
