START 2026-09-30T10:48:07+08:00
PWD /d/SakuraTool/SakuraPool
HEAD 51ea23a4367cb8f069e930c5ab1882a0a00c8423
HEAD_TREE f0680c67652afc6cb04a236169ecc37bd425aa2d
CMD uv pip install --python D:/SakuraTool/SakuraPool-Fix3-20260930a/wheel312/Scripts/python.exe D:/SakuraTool/SakuraPool-Fix3-20260930a/wheels/sakurapool-0.1.0-py3-none-any.whl\[dev\,remote\] 
CARGO_TARGET_DIR=D:/SakuraTool/SakuraPool-Fix3-20260930a/rust-target
SAKURAPOOL_RUST_WORKER=D:/SakuraTool/SakuraPool-Fix3-20260930a/rust-target/release/sakurapool-worker.exe
PYTHONPATH=<unset>
Using Python 3.12.13 environment at: D:\SakuraTool\SakuraPool-Fix3-20260930a\wheel312
Resolved 23 packages in 1.90s
Prepared 1 package in 36ms
warning: Failed to hardlink files; falling back to full copy. This may lead to degraded performance.
         If the cache and target directories are on different filesystems, hardlinking may not be supported.
         If this is intentional, set `export UV_LINK_MODE=copy` or use `--link-mode=copy` to suppress this warning.
Installed 23 packages in 2.16s
 + build==1.2.2.post1
 + certifi==2026.7.22
 + cffi==2.1.1
 + charset-normalizer==3.5.1
 + colorama==0.4.6
 + cryptography==50.0.1
 + filelock==4.0.7
 + idna==3.20
 + iniconfig==2.3.0
 + modelscope-hub==0.4.0
 + numpy==2.2.6
 + packaging==26.3
 + pluggy==1.6.0
 + pyarrow==18.1.0
 + pycparser==3.0
 + pyproject-hooks==1.3.3
 + pyroaring==1.1.0
 + pytest==8.3.4
 + requests==2.32.5
 + ruff==0.9.2
 + sakurapool==0.1.0 (from file:///D:/SakuraTool/SakuraPool-Fix3-20260930a/wheels/sakurapool-0.1.0-py3-none-any.whl)
 + tqdm==4.70.1
 + urllib3==2.8.0

EXIT_CODE=0
END 2026-09-30T10:48:12+08:00
