START 2026-09-30T10:47:53+08:00
PWD /d/SakuraTool/SakuraPool
HEAD 51ea23a4367cb8f069e930c5ab1882a0a00c8423
HEAD_TREE f0680c67652afc6cb04a236169ecc37bd425aa2d
CMD D:/SakuraTool/SakuraPool-Fix3-20260930a/py312/Scripts/python.exe reports/R1-final/evidence/fix3_environment.py 
CARGO_TARGET_DIR=D:/SakuraTool/SakuraPool-Fix3-20260930a/rust-target
SAKURAPOOL_RUST_WORKER=D:/SakuraTool/SakuraPool-Fix3-20260930a/rust-target/release/sakurapool-worker.exe
PYTHONPATH=<unset>
rustc 1.98.1 (48a229cea 2026-09-01)
cargo 1.98.1 (797e8a9bc 2026-08-05)
uv 0.12.5 (210d1f678 2026-08-14 x86_64-pc-windows-msvc)
gcc (Rev5, Built by MSYS2 project) 16.1.0
Copyright (C) 2026 Free Software Foundation, Inc.
This is free software; see the source for copying conditions.  There is NO
warranty; not even for MERCHANTABILITY or FITNESS FOR A PARTICULAR PURPOSE.

git version 2.54.0.windows.1
PYTHON=3.12.13 (main, May 10 2026, 19:35:37) [MSC v.1944 64 bit (AMD64)]
EXECUTABLE=D:\SakuraTool\SakuraPool-Fix3-20260930a\py312\Scripts\python.exe
PLATFORM=Windows-11-10.0.26100-SP0
VERSION sakurapool=0.1.0
VERSION build=1.2.2.post1
VERSION pytest=8.3.4
VERSION ruff=0.9.2
VERSION requests=2.32.5
VERSION modelscope-hub=0.4.0
VERSION pyarrow=18.1.0
VERSION numpy=2.2.6
VERSION pyroaring=1.1.0
ARTIFACT rust\Cargo.lock bytes=35107 sha256=b19a8381aed8e30effea200ffcb4c64acbc2c33a1098ff69aa0ee94961d9da6e
ARTIFACT D:\SakuraTool\SakuraPool-Fix3-20260930a\rust-target\release\sakurapool-worker.exe bytes=4203343 sha256=0b8bafc4f1388ad325be68721b421c2865c6bab7af339204af14a7dbea8d8d6a
ARTIFACT D:\SakuraTool\SakuraPool-P4-work\rust-target\release\sakurapool-worker.exe bytes=728160 sha256=2354779abcb2e043964846bdf413e0f97ee0a943a861804f89497f093dc1d9df
FIXED_DATA_ROOT=D:\SakuraTool\SakuraPool-P4-work
FIXED_ALLOCATED=3079282688
STAGE_RESERVATION=1207959552
STAGE_MARGIN=7725056
TWOHOP_EXISTING_COUNT=319
TWOHOP_NAMES_SHA256=4eebdbb64f8529b572fbc70a15bceb8155acac4b47d280e5ec7aacd6423bc02d
CARGO_TARGET_DIR=D:/SakuraTool/SakuraPool-Fix3-20260930a/rust-target
PYTHONPATH=<unset>

EXIT_CODE=0
END 2026-09-30T10:47:56+08:00
