START 2026-09-30T10:47:57+08:00
PWD /d/SakuraTool/SakuraPool/rust
HEAD 51ea23a4367cb8f069e930c5ab1882a0a00c8423
HEAD_TREE f0680c67652afc6cb04a236169ecc37bd425aa2d
CMD cargo test --locked 
CARGO_TARGET_DIR=D:/SakuraTool/SakuraPool-Fix3-20260930a/rust-target
SAKURAPOOL_RUST_WORKER=D:/SakuraTool/SakuraPool-Fix3-20260930a/rust-target/release/sakurapool-worker.exe
PYTHONPATH=<unset>
    Finished `test` profile [unoptimized + debuginfo] target(s) in 0.18s
     Running unittests src\lib.rs (D:/SakuraTool/SakuraPool-Fix3-20260930a/rust-target\debug\deps\sakurapool_rust-59847dacc39bfdf0.exe)

running 6 tests
test tests::budget_admits_within_limits_and_rejects_overbudget ... ok
test tests::loopback_url_rejects_everything_but_loopback_http ... ok
test tests::hash_is_streaming ... ok
test tests::range_is_exact ... ok
test http::tests::transient_classification_is_closed ... ok
test http::tests::location_resolution_keeps_loopback_and_rejects_garbage ... ok

test result: ok. 6 passed; 0 failed; 0 ignored; 0 measured; 0 filtered out; finished in 0.00s

     Running unittests src\bin\worker.rs (D:/SakuraTool/SakuraPool-Fix3-20260930a/rust-target\debug\deps\sakurapool_worker-c2aad9e25d71ba01.exe)

running 6 tests
test line_reader_tests::eof_flushes_partial_line_then_reports_close ... ok
test line_reader_tests::crlf_and_chunked_lines_are_read_in_full ... ok
test line_reader_tests::malformed_lines_report_codes_without_oversized_buffer ... ok
test line_reader_tests::line_at_exact_limit_is_accepted_one_over_is_rejected ... ok
test line_reader_tests::oversized_line_is_rejected_early_and_remainder_drained ... ok
test line_reader_tests::oversized_line_without_newline_uses_no_unbounded_memory ... ok

test result: ok. 6 passed; 0 failed; 0 ignored; 0 measured; 0 filtered out; finished in 0.05s

     Running tests\http_client.rs (D:/SakuraTool/SakuraPool-Fix3-20260930a/rust-target\debug\deps\http_client-4d0685ab43c016e7.exe)

running 10 tests
test scan_http_tar_rejects_over_limit_stream ... ok
test redirect_origin_302_to_cdn_206_with_header_isolation ... ok
test probe_component_reports_total_size ... ok
test full_stream_component_fetches_200_to_eof ... ok
test redirect_307_preserves_range_to_cdn ... ok
test range_component_fetches_exact_206 ... ok
test scan_http_tar_matches_file_scan_field_for_field ... ok
test reject_class_non_loopback_https_and_missing_location ... ok
test reject_class_response_lifecycle ... ok
test retry_succeeds_after_transient_503s_and_exhausts_cleanly ... ok

test result: ok. 10 passed; 0 failed; 0 ignored; 0 measured; 0 filtered out; finished in 0.02s

     Running tests\http_stream.rs (D:/SakuraTool/SakuraPool-Fix3-20260930a/rust-target\debug\deps\http_stream-d4c4a501fe665cd9.exe)

running 7 tests
test range_above_small_body_cap_fails_before_connect ... ok
test unknown_length_chunked_stream_enforces_cap_during_read ... ok
test full_stream_returns_before_server_releases_any_body ... ok
test scanner_rejects_unsafe_first_header_before_remainder_arrives ... ok
test partial_scan_body_fails_closed_with_no_replay ... ok
test redirect_to_foreign_host_rejected_without_connecting ... ok
test sixteen_mib_member_flows_in_fixed_chunks_without_whole_tar_vec ... ok

test result: ok. 7 passed; 0 failed; 0 ignored; 0 measured; 0 filtered out; finished in 0.04s

     Running tests\tar_scan.rs (D:/SakuraTool/SakuraPool-Fix3-20260930a/rust-target\debug\deps\tar_scan-ac871a920d1c56ab.exe)

running 13 tests
test reader_truncated_stream_fails_closed ... ok
test reader_enforces_byte_limit_without_metadata ... ok
test reader_rejects_non_seekable_pipe_equivalent_source ... ok
test reader_is_single_pass_and_consumed_exactly ... ok
test missing_file_is_io_error ... ok
test enforces_member_and_byte_limits ... ok
test scans_basic_archive_with_dirs_and_empty_file ... ok
test reader_odd_short_chunks_match_file_scan ... ok
test scans_gnu_long_name_and_pax_long_name ... ok
test reader_one_byte_stream_matches_file_scan ... ok
test rejects_unsafe_and_non_utf8_member_paths ... ok
test rejects_truncation_checksum_and_bad_tail ... ok
test rejects_symlink_hardlink_device_and_fifo_members ... ok

test result: ok. 13 passed; 0 failed; 0 ignored; 0 measured; 0 filtered out; finished in 0.02s

     Running tests\tar_stream_bounds.rs (D:/SakuraTool/SakuraPool-Fix3-20260930a/rust-target\debug\deps\tar_stream_bounds-27f8f99d71f913c5.exe)

running 4 tests
test oversized_gnu_and_pax_rejected_at_header_before_payload_read ... ok
test dangling_extension_or_truncated_metadata_fails_closed ... ok
test legal_pax_path_and_matching_size_preserved_but_conflicting_geometry_rejected ... ok
test closing_requires_two_full_zero_blocks_and_zero_tail ... ok

test result: ok. 4 passed; 0 failed; 0 ignored; 0 measured; 0 filtered out; finished in 0.00s

     Running tests\worker_protocol.rs (D:/SakuraTool/SakuraPool-Fix3-20260930a/rust-target\debug\deps\worker_protocol-3f2d09972850ee8d.exe)

running 12 tests
test duplicate_request_ids_are_rejected ... ok
test first_message_must_be_hello ... ok
test handshake_reports_version_and_capabilities ... ok
test in_memory_budget_rejects_overbudget_after_exhaustion ... ok
test oversized_and_non_utf8_lines_are_rejected_without_killing_the_worker ... ok
test unknown_operations_are_rejected ... ok
test unknown_fields_are_rejected_as_protocol_violations ... ok
test version_mismatch_terminates_the_worker ... ok
test hash_file_streams_sha256 ... ok
test fetch_range_rejects_200_responses_and_non_loopback_targets ... ok
test fetch_range_validates_206_and_streaming_sha ... ok
test budget_counters_reset_on_restart_but_never_persist ... ok

test result: ok. 12 passed; 0 failed; 0 ignored; 0 measured; 0 filtered out; finished in 0.12s

   Doc-tests sakurapool_rust

running 0 tests

test result: ok. 0 passed; 0 failed; 0 ignored; 0 measured; 0 filtered out; finished in 0.00s


EXIT_CODE=0
END 2026-09-30T10:47:59+08:00
