START 2026-09-30T10:17:35+08:00
PWD /d/SakuraTool/SakuraPool/rust
HEAD b7c1bd19463cc08e02aaaab37e90c9b696245531
HEAD_TREE d13e8bb51ce590aebd8d8a4f2ce5ba24ffd19744
CMD cargo check 
CARGO_TARGET_DIR=D:/SakuraTool/SakuraPool-Fix3-20260930a/rust-target
SAKURAPOOL_RUST_WORKER=
PYTHONPATH=<unset>
    Updating crates.io index
     Locking 115 packages to latest compatible versions
      Adding atomic-waker v1.1.2
      Adding base64 v0.22.1
      Adding base64 v0.23.1
      Adding bumpalo v3.20.3
      Adding bytes v1.12.1
      Adding cc v1.5.1
      Adding cfg_aliases v0.2.2
      Adding chacha20 v0.10.2
      Adding cpufeatures v0.3.1
      Adding displaydoc v0.2.7
      Adding find-msvc-tools v0.1.14
      Adding form_urlencoded v1.2.2
      Adding futures-channel v0.3.34
      Adding futures-core v0.3.34
      Adding futures-io v0.3.34
      Adding futures-sink v0.3.34
      Adding futures-task v0.3.34
      Adding futures-util v0.3.34
      Adding getrandom v0.2.17
      Adding getrandom v0.4.3
      Adding http v1.5.0
      Adding http-body v1.1.0
      Adding http-body-util v0.1.5
      Adding httparse v1.10.1
      Adding hyper v1.11.1
      Adding hyper-rustls v0.27.10
      Adding hyper-util v0.1.21
      Adding icu_collections v2.3.0
      Adding icu_locale_core v2.3.0
      Adding icu_normalizer v2.3.0
      Adding icu_normalizer_data v2.3.0
      Adding icu_properties v2.3.0
      Adding icu_properties_data v2.3.0
      Adding icu_provider v2.3.1
      Adding idna v1.1.0
      Adding idna_adapter v1.2.2
      Adding ipnet v2.12.2
      Adding js-sys v0.3.106
      Adding litemap v0.8.3
      Adding log v0.4.34
      Adding lru-slab v0.1.3
      Adding mio v1.2.3
      Adding once_cell v1.21.4
      Adding percent-encoding v2.3.2
      Adding pin-project-lite v0.2.17
      Adding potential_utf v0.1.6
      Adding quinn v0.11.12
      Adding quinn-proto v0.11.18
      Adding quinn-udp v0.5.15
      Adding r-efi v6.0.0
      Adding rand v0.10.3
      Adding rand_core v0.10.1
      Adding rand_pcg v0.10.2
      Adding reqwest v0.12.28 (available: v0.13.5)
      Adding ring v0.17.14
      Adding rustc-hash v2.1.3
      Adding rustls v0.23.45
      Adding rustls-pki-types v1.15.1
      Adding rustls-webpki v0.103.15
      Adding rustversion v1.0.23
      Adding ryu v1.0.23
      Adding serde_urlencoded v0.7.1
      Adding shlex v2.0.1
      Adding slab v0.4.12
      Adding smallvec v1.16.2
      Adding socket2 v0.6.5
      Adding stable_deref_trait v1.2.1
      Adding subtle v2.6.1
      Adding sync_wrapper v1.0.2
      Adding synstructure v0.14.0
      Adding thiserror v2.0.21
      Adding thiserror-impl v2.0.21
      Adding tinystr v0.8.4
      Adding tinyvec v1.13.3
      Adding tokio v1.53.1
      Adding tokio-rustls v0.26.6
      Adding tower v0.5.3
      Adding tower-http v0.6.11
      Adding tower-layer v0.3.3
      Adding tower-service v0.3.3
      Adding tracing v0.1.44
      Adding tracing-core v0.1.36
      Adding try-lock v0.2.5
      Adding untrusted v0.9.0
      Adding url v2.5.8
      Adding utf8_iter v1.0.4
      Adding want v0.3.1
      Adding wasi v0.11.1+wasi-snapshot-preview1
      Adding wasm-bindgen v0.2.129
      Adding wasm-bindgen-futures v0.4.79
      Adding wasm-bindgen-macro v0.2.129
      Adding wasm-bindgen-macro-support v0.2.129
      Adding wasm-bindgen-shared v0.2.129
      Adding web-sys v0.3.106
      Adding web-time v1.1.0
      Adding webpki-roots v1.0.9
      Adding windows-sys v0.52.0
      Adding windows-targets v0.52.6
      Adding windows_aarch64_gnullvm v0.52.6
      Adding windows_aarch64_msvc v0.52.6
      Adding windows_i686_gnu v0.52.6
      Adding windows_i686_gnullvm v0.52.6
      Adding windows_i686_msvc v0.52.6
      Adding windows_x86_64_gnu v0.52.6
      Adding windows_x86_64_gnullvm v0.52.6
      Adding windows_x86_64_msvc v0.52.6
      Adding writeable v0.6.4
      Adding yoke v0.8.3
      Adding yoke-derive v0.8.3
      Adding zerofrom v0.1.8
      Adding zerofrom-derive v0.1.8
      Adding zeroize v1.9.0
      Adding zerotrie v0.2.5
      Adding zerovec v0.11.8
      Adding zerovec-derive v0.11.6
 Downloading crates ...
  Downloaded atomic-waker v1.1.2
  Downloaded base64 v0.22.1
  Downloaded chacha20 v0.10.2
  Downloaded form_urlencoded v1.2.2
  Downloaded base64 v0.23.1
  Downloaded futures-io v0.3.34
  Downloaded futures-util v0.3.34
  Downloaded http v1.5.0
  Downloaded httparse v1.10.1
  Downloaded hyper-util v0.1.21
  Downloaded icu_normalizer v2.3.0
  Downloaded icu_properties_data v2.3.0
  Downloaded idna_adapter v1.2.2
  Downloaded log v0.4.34
  Downloaded percent-encoding v2.3.2
  Downloaded quinn v0.11.12
  Downloaded rand v0.10.3
  Downloaded rustls-pki-types v1.15.1
  Downloaded serde_urlencoded v0.7.1
  Downloaded stable_deref_trait v1.2.1
  Downloaded synstructure v0.14.0
  Downloaded ring v0.17.14
  Downloaded tinystr v0.8.4
  Downloaded tower v0.5.3
  Downloaded tower-service v0.3.3
  Downloaded try-lock v0.2.5
  Downloaded utf8_iter v1.0.4
  Downloaded writeable v0.6.4
  Downloaded zerofrom v0.1.8
  Downloaded zerotrie v0.2.5
  Downloaded bytes v1.12.1
  Downloaded displaydoc v0.2.7
  Downloaded futures-sink v0.3.34
  Downloaded getrandom v0.4.3
  Downloaded hyper v1.11.1
  Downloaded icu_provider v2.3.1
  Downloaded icu_locale_core v2.3.0
  Downloaded litemap v0.8.3
  Downloaded pin-project-lite v0.2.17
  Downloaded quinn-udp v0.5.15
  Downloaded rustc-hash v2.1.3
  Downloaded ryu v1.0.23
  Downloaded subtle v2.6.1
  Downloaded thiserror-impl v2.0.21
  Downloaded tower-http v0.6.11
  Downloaded tracing-core v0.1.36
  Downloaded want v0.3.1
  Downloaded yoke-derive v0.8.3
  Downloaded cpufeatures v0.3.1
  Downloaded zerovec v0.11.8
  Downloaded futures-task v0.3.34
  Downloaded http-body-util v0.1.5
  Downloaded ipnet v2.12.2
  Downloaded potential_utf v0.1.6
  Downloaded icu_normalizer_data v2.3.0
  Downloaded rand_pcg v0.10.2
  Downloaded slab v0.4.12
  Downloaded thiserror v2.0.21
  Downloaded tower-layer v0.3.3
  Downloaded zerofrom-derive v0.1.8
  Downloaded url v2.5.8
  Downloaded cfg_aliases v0.2.2
  Downloaded getrandom v0.2.17
  Downloaded lru-slab v0.1.3
  Downloaded rand_core v0.10.1
  Downloaded icu_collections v2.3.0
  Downloaded socket2 v0.6.5
  Downloaded tokio-rustls v0.26.6
  Downloaded zerovec-derive v0.11.6
  Downloaded http-body v1.1.0
  Downloaded webpki-roots v1.0.9
  Downloaded idna v1.1.0
  Downloaded rustls v0.23.45
  Downloaded yoke v0.8.3
  Downloaded futures-core v0.3.34
  Downloaded mio v1.2.3
  Downloaded sync_wrapper v1.0.2
  Downloaded zeroize v1.9.0
  Downloaded icu_properties v2.3.0
  Downloaded tokio v1.53.1
  Downloaded hyper-rustls v0.27.10
  Downloaded tracing v0.1.44
  Downloaded untrusted v0.9.0
  Downloaded futures-channel v0.3.34
  Downloaded quinn-proto v0.11.18
  Downloaded rustls-webpki v0.103.15
   Compiling proc-macro2 v1.0.107
   Compiling quote v1.0.47
   Compiling unicode-ident v1.0.26
    Checking stable_deref_trait v1.2.1
    Checking bytes v1.12.1
    Checking pin-project-lite v0.2.17
    Checking windows-link v0.2.1
    Checking cfg-if v1.0.5
   Compiling shlex v2.0.1
    Checking futures-core v0.3.34
   Compiling find-msvc-tools v0.1.14
    Checking itoa v1.0.18
    Checking litemap v0.8.3
    Checking writeable v0.6.4
    Checking smallvec v1.16.2
   Compiling icu_properties_data v2.3.0
    Checking futures-sink v0.3.34
    Checking windows-sys v0.61.2
    Checking utf8_iter v1.0.4
   Compiling icu_normalizer_data v2.3.0
    Checking percent-encoding v2.3.2
    Checking once_cell v1.21.4
   Compiling version_check v0.9.5
    Checking zeroize v1.9.0
    Checking memchr v2.8.3
    Checking getrandom v0.2.17
    Checking untrusted v0.9.0
    Checking futures-task v0.3.34
   Compiling httparse v1.10.1
    Checking futures-io v0.3.34
   Compiling serde_core v1.0.229
    Checking slab v0.4.12
    Checking rustls-pki-types v1.15.1
    Checking try-lock v0.2.5
   Compiling libc v0.2.189
   Compiling rustls v0.23.45
    Checking http v1.5.0
    Checking typenum v1.20.1
   Compiling cc v1.5.1
   Compiling generic-array v0.14.7
    Checking tower-service v0.3.3
    Checking want v0.3.1
    Checking futures-util v0.3.34
    Checking tracing-core v0.1.36
    Checking form_urlencoded v1.2.2
    Checking http-body v1.1.0
    Checking futures-channel v0.3.34
   Compiling serde v1.0.229
    Checking subtle v2.6.1
    Checking atomic-waker v1.1.2
    Checking sync_wrapper v1.0.2
    Checking tracing v0.1.44
    Checking base64 v0.23.1
   Compiling zmij v1.0.23
    Checking ipnet v2.12.2
    Checking tower-layer v0.3.3
    Checking webpki-roots v1.0.9
    Checking ryu v1.0.23
   Compiling serde_json v1.0.151
    Checking bitflags v2.13.2
    Checking http-body-util v0.1.5
    Checking filetime v0.2.29
    Checking cpufeatures v0.2.17
    Checking base64 v0.22.1
    Checking log v0.4.34
   Compiling ring v0.17.14
    Checking tar v0.4.46
    Checking crypto-common v0.1.7
    Checking block-buffer v0.10.4
    Checking digest v0.10.7
    Checking mio v1.2.3
    Checking socket2 v0.6.5
   Compiling syn v3.0.6
    Checking sha2 v0.10.9
    Checking tokio v1.53.1
warning: ring@0.17.14: Compiler family detection failed due to error: ToolNotFound: failed to find tool "gcc.exe": program not found (see https://docs.rs/cc/latest/cc/#compile-time-requirements for help)
warning: ring@0.17.14: Compiler family detection failed due to error: ToolNotFound: failed to find tool "gcc.exe": program not found (see https://docs.rs/cc/latest/cc/#compile-time-requirements for help)
warning: ring@0.17.14: Compiler family detection failed due to error: ToolNotFound: failed to find tool "gcc.exe": program not found (see https://docs.rs/cc/latest/cc/#compile-time-requirements for help)
warning: ring@0.17.14: Compiler family detection failed due to error: ToolNotFound: failed to find tool "gcc.exe": program not found (see https://docs.rs/cc/latest/cc/#compile-time-requirements for help)
error: failed to run custom build command for `ring v0.17.14`

Caused by:
  process didn't exit successfully: `D:/SakuraTool/SakuraPool-Fix3-20260930a/rust-target\debug\build\ring-d561b29e3d01f9d6\build-script-build` (exit code: 1)
  --- stdout
  cargo:rerun-if-env-changed=CARGO_MANIFEST_DIR
  cargo:rerun-if-env-changed=CARGO_PKG_NAME
  cargo:rerun-if-env-changed=CARGO_PKG_VERSION_MAJOR
  cargo:rerun-if-env-changed=CARGO_PKG_VERSION_MINOR
  cargo:rerun-if-env-changed=CARGO_PKG_VERSION_PATCH
  cargo:rerun-if-env-changed=CARGO_PKG_VERSION_PRE
  cargo:rerun-if-env-changed=CARGO_MANIFEST_LINKS
  cargo:rerun-if-env-changed=RING_PREGENERATE_ASM
  cargo:rerun-if-env-changed=OUT_DIR
  cargo:rerun-if-env-changed=CARGO_CFG_TARGET_ARCH
  cargo:rerun-if-env-changed=CARGO_CFG_TARGET_OS
  cargo:rerun-if-env-changed=CARGO_CFG_TARGET_ENV
  cargo:rerun-if-env-changed=CARGO_CFG_TARGET_ENDIAN
  cargo:rerun-if-env-changed=CC_x86_64-pc-windows-gnu
  CC_x86_64-pc-windows-gnu = None
  cargo:rerun-if-env-changed=CC_x86_64_pc_windows_gnu
  CC_x86_64_pc_windows_gnu = None
  cargo:rerun-if-env-changed=HOST_CC
  HOST_CC = None
  cargo:rerun-if-env-changed=CC
  CC = None
  cargo:rerun-if-env-changed=CC_ENABLE_DEBUG_OUTPUT
  cargo:warning=Compiler family detection failed due to error: ToolNotFound: failed to find tool "gcc.exe": program not found (see https://docs.rs/cc/latest/cc/#compile-time-requirements for help)
  cargo:rerun-if-env-changed=CRATE_CC_NO_DEFAULTS
  CRATE_CC_NO_DEFAULTS = None
  cargo:rerun-if-env-changed=CC_ENABLE_DEBUG_OUTPUT
  cargo:warning=Compiler family detection failed due to error: ToolNotFound: failed to find tool "gcc.exe": program not found (see https://docs.rs/cc/latest/cc/#compile-time-requirements for help)
  cargo:rerun-if-env-changed=CRATE_CC_NO_DEFAULTS
  CRATE_CC_NO_DEFAULTS = None
  cargo:rerun-if-env-changed=CFLAGS
  CFLAGS = None
  cargo:rerun-if-env-changed=HOST_CFLAGS
  HOST_CFLAGS = None
  cargo:rerun-if-env-changed=CFLAGS_x86_64_pc_windows_gnu
  CFLAGS_x86_64_pc_windows_gnu = None
  cargo:rerun-if-env-changed=CFLAGS_x86_64-pc-windows-gnu
  CFLAGS_x86_64-pc-windows-gnu = None
  cargo:rerun-if-env-changed=CFLAGS
  CFLAGS = None
  cargo:rerun-if-env-changed=HOST_CFLAGS
  HOST_CFLAGS = None
  cargo:rerun-if-env-changed=CFLAGS_x86_64_pc_windows_gnu
  CFLAGS_x86_64_pc_windows_gnu = None
  cargo:rerun-if-env-changed=CFLAGS_x86_64-pc-windows-gnu
  CFLAGS_x86_64-pc-windows-gnu = None
  cargo:warning=Compiler family detection failed due to error: ToolNotFound: failed to find tool "gcc.exe": program not found (see https://docs.rs/cc/latest/cc/#compile-time-requirements for help)
  cargo:warning=Compiler family detection failed due to error: ToolNotFound: failed to find tool "gcc.exe": program not found (see https://docs.rs/cc/latest/cc/#compile-time-requirements for help)

  --- stderr


  error occurred in cc-rs: failed to find tool "gcc.exe": program not found (see https://docs.rs/cc/latest/cc/#compile-time-requirements for help)


warning: build failed, waiting for other jobs to finish...

EXIT_CODE=101
END 2026-09-30T10:18:39+08:00
