START 2026-09-30T10:48:12+08:00
PWD /d/SakuraTool/SakuraPool-Fix3-20260930a
HEAD fatal: not a git repository (or any of the parent directories): .git
HEAD_TREE fatal: not a git repository (or any of the parent directories): .git
CMD ./wheel312/Scripts/python.exe D:/SakuraTool/SakuraPool/reports/R1-final/evidence/fix3_wheel_loop.py --worker D:/SakuraTool/SakuraPool-Fix3-20260930a/rust-target/release/sakurapool-worker.exe --data-root D:/SakuraTool/SakuraPool-P4-work/fix3-wheel-51ea23a-a --implementation 51ea23a4367cb8f069e930c5ab1882a0a00c8423 --tree f0680c67652afc6cb04a236169ecc37bd425aa2d 
CARGO_TARGET_DIR=D:/SakuraTool/SakuraPool-Fix3-20260930a/rust-target
SAKURAPOOL_RUST_WORKER=D:/SakuraTool/SakuraPool-Fix3-20260930a/rust-target/release/sakurapool-worker.exe
PYTHONPATH=<unset>
IMPLEMENTATION=51ea23a4367cb8f069e930c5ab1882a0a00c8423
TREE=f0680c67652afc6cb04a236169ecc37bd425aa2d
PYTHON=3.12.13 (main, May 10 2026, 19:35:37) [MSC v.1944 64 bit (AMD64)]
EXECUTABLE=D:\SakuraTool\SakuraPool-Fix3-20260930a\wheel312\Scripts\python.exe
PACKAGE=D:\SakuraTool\SakuraPool-Fix3-20260930a\wheel312\Lib\site-packages\sakurapool\__init__.py
PYTHONPATH=unset
DIRECT_URL={"archive_info": {}, "url": "file:///D:/SakuraTool/SakuraPool-Fix3-20260930a/wheels/sakurapool-0.1.0-py3-none-any.whl"}
VERSION sakurapool=0.1.0
VERSION pyarrow=18.1.0
VERSION numpy=2.2.6
VERSION pyroaring=1.1.0
VERSION requests=2.32.5
VERSION modelscope-hub=0.4.0
WORKER=D:\SakuraTool\SakuraPool-Fix3-20260930a\rust-target\release\sakurapool-worker.exe SHA256=0b8bafc4f1388ad325be68721b421c2865c6bab7af339204af14a7dbea8d8d6a
DATA_ROOT=D:\SakuraTool\SakuraPool-P4-work\fix3-wheel-51ea23a-a
FIXED_ALLOCATED_BEFORE=3079282688
HTTP_SCAN size=10240 members=2 sha256=38dfdb990ecd410c7894c3533df10b28fc934e48c07c868f811d8706bf029eb5
PRODUCT_ADAPTER={"dataset": "fix3synthetic", "ignored_names": ["README.md", "manifest.json"], "image_extensions": [".jpg", ".jpeg", ".png", ".webp", ".avif"], "image_prefix": "", "max_json_bytes": 16777216, "metadata_prefix": "", "metadata_required": true, "numeric_post_id": false, "source": "installed-wheel", "storage_id": "local", "tag_category": "general", "tag_namespace": "tags", "tags_field": "tags", "text_field": "text"}
P2_V4 samples=1 errors=0 stage_members=2
P3_QUERY rid_count=1 offset=512 size=70
RUST_RANGE={"bytes": 70, "sha256": "c414cd0e204de974f73753c7e28d7638e7b3691bb8b1a2bab6b25bb7fed7ce77"}
LEDGER={"attempts": 1, "body": 70, "disk": 3081560064, "inflight": 0, "metadata": 0, "records": 1, "saved_bytes": 0, "saved_samples": 0}
HTTP_REQUESTS=[{"method": "GET", "path": "/synthetic.tar", "range": null}, {"method": "GET", "path": "/synthetic.tar", "range": "bytes=512-581"}]
FIXED_ALLOCATED_AFTER=3081560064
FRESH_WHEEL_PASS

EXIT_CODE=0
END 2026-09-30T10:48:44+08:00
