START 2026-09-30T10:48:01+08:00
PWD /d/SakuraTool/SakuraPool/rust
HEAD 51ea23a4367cb8f069e930c5ab1882a0a00c8423
HEAD_TREE f0680c67652afc6cb04a236169ecc37bd425aa2d
CMD cargo tree --locked -e features 
CARGO_TARGET_DIR=D:/SakuraTool/SakuraPool-Fix3-20260930a/rust-target
SAKURAPOOL_RUST_WORKER=D:/SakuraTool/SakuraPool-Fix3-20260930a/rust-target/release/sakurapool-worker.exe
PYTHONPATH=<unset>
sakurapool-rust v0.1.0 (D:\SakuraTool\SakuraPool\rust)
├── reqwest feature "blocking"
│   ├── reqwest v0.12.28
│   │   ├── futures-core v0.3.34
│   │   ├── futures-util v0.3.34
│   │   │   ├── futures-core v0.3.34
│   │   │   ├── futures-sink v0.3.34
│   │   │   ├── futures-task v0.3.34
│   │   │   ├── slab v0.4.12
│   │   │   ├── futures-io feature "std"
│   │   │   │   └── futures-io v0.3.34
│   │   │   ├── memchr feature "default"
│   │   │   │   ├── memchr v2.8.3
│   │   │   │   └── memchr feature "std"
│   │   │   │       ├── memchr v2.8.3
│   │   │   │       └── memchr feature "alloc"
│   │   │   │           └── memchr v2.8.3
│   │   │   └── pin-project-lite feature "default"
│   │   │       └── pin-project-lite v0.2.17
│   │   ├── base64 feature "default"
│   │   │   ├── base64 v0.22.1
│   │   │   └── base64 feature "std"
│   │   │       ├── base64 v0.22.1
│   │   │       └── base64 feature "alloc"
│   │   │           └── base64 v0.22.1
│   │   ├── bytes feature "default"
│   │   │   ├── bytes v1.12.1
│   │   │   └── bytes feature "std"
│   │   │       └── bytes v1.12.1
│   │   ├── futures-channel feature "default"
│   │   │   ├── futures-channel v0.3.34
│   │   │   │   ├── futures-core v0.3.34
│   │   │   │   └── futures-sink v0.3.34
│   │   │   └── futures-channel feature "std"
│   │   │       ├── futures-channel v0.3.34 (*)
│   │   │       ├── futures-channel feature "alloc"
│   │   │       │   ├── futures-channel v0.3.34 (*)
│   │   │       │   └── futures-core feature "alloc"
│   │   │       │       └── futures-core v0.3.34
│   │   │       └── futures-core feature "std"
│   │   │           ├── futures-core v0.3.34
│   │   │           └── futures-core feature "alloc" (*)
│   │   ├── pin-project-lite feature "default" (*)
│   │   ├── http feature "default"
│   │   │   ├── http v1.5.0
│   │   │   │   ├── bytes feature "default" (*)
│   │   │   │   └── itoa feature "default"
│   │   │   │       └── itoa v1.0.18
│   │   │   └── http feature "std"
│   │   │       └── http v1.5.0 (*)
│   │   ├── http-body feature "default"
│   │   │   └── http-body v1.1.0
│   │   │       ├── bytes feature "default" (*)
│   │   │       └── http feature "default" (*)
│   │   ├── http-body-util feature "default"
│   │   │   └── http-body-util v0.1.5
│   │   │       ├── futures-core v0.3.34
│   │   │       ├── bytes feature "default" (*)
│   │   │       ├── pin-project-lite feature "default" (*)
│   │   │       ├── http feature "default" (*)
│   │   │       └── http-body feature "default" (*)
│   │   ├── hyper feature "client"
│   │   │   └── hyper v1.11.1
│   │   │       ├── bytes feature "default" (*)
│   │   │       ├── futures-channel feature "default" (*)
│   │   │       ├── futures-core feature "default"
│   │   │       │   ├── futures-core v0.3.34
│   │   │       │   └── futures-core feature "std" (*)
│   │   │       ├── pin-project-lite feature "default" (*)
│   │   │       ├── http feature "default" (*)
│   │   │       ├── itoa feature "default" (*)
│   │   │       ├── http-body feature "default" (*)
│   │   │       ├── atomic-waker feature "default"
│   │   │       │   └── atomic-waker v1.1.2
│   │   │       ├── httparse feature "default"
│   │   │       │   ├── httparse v1.10.1
│   │   │       │   └── httparse feature "std"
│   │   │       │       └── httparse v1.10.1
│   │   │       ├── smallvec feature "const_generics"
│   │   │       │   └── smallvec v1.16.2
│   │   │       ├── smallvec feature "const_new"
│   │   │       │   ├── smallvec v1.16.2
│   │   │       │   └── smallvec feature "const_generics" (*)
│   │   │       ├── smallvec feature "default"
│   │   │       │   └── smallvec v1.16.2
│   │   │       ├── tokio feature "default"
│   │   │       │   └── tokio v1.53.1
│   │   │       │       ├── mio v1.2.3
│   │   │       │       │   ├── windows-sys feature "Wdk_Foundation"
│   │   │       │       │   │   ├── windows-sys v0.61.2
│   │   │       │       │   │   │   └── windows-link v0.2.1
│   │   │       │       │   │   └── windows-sys feature "Wdk"
│   │   │       │       │   │       ├── windows-sys v0.61.2 (*)
│   │   │       │       │   │       └── windows-sys feature "Win32_Foundation"
│   │   │       │       │   │           ├── windows-sys v0.61.2 (*)
│   │   │       │       │   │           └── windows-sys feature "Win32"
│   │   │       │       │   │               ├── windows-sys v0.61.2 (*)
│   │   │       │       │   │               └── windows-sys feature "Win32_Foundation" (*)
│   │   │       │       │   ├── windows-sys feature "Wdk_Storage_FileSystem"
│   │   │       │       │   │   ├── windows-sys v0.61.2 (*)
│   │   │       │       │   │   └── windows-sys feature "Wdk_Storage"
│   │   │       │       │   │       ├── windows-sys v0.61.2 (*)
│   │   │       │       │   │       └── windows-sys feature "Wdk" (*)
│   │   │       │       │   ├── windows-sys feature "Wdk_System_IO"
│   │   │       │       │   │   ├── windows-sys v0.61.2 (*)
│   │   │       │       │   │   └── windows-sys feature "Wdk_System"
│   │   │       │       │   │       ├── windows-sys v0.61.2 (*)
│   │   │       │       │   │       └── windows-sys feature "Wdk" (*)
│   │   │       │       │   ├── windows-sys feature "Win32_Foundation" (*)
│   │   │       │       │   ├── windows-sys feature "Win32_Networking_WinSock"
│   │   │       │       │   │   ├── windows-sys v0.61.2 (*)
│   │   │       │       │   │   └── windows-sys feature "Win32_Networking"
│   │   │       │       │   │       ├── windows-sys v0.61.2 (*)
│   │   │       │       │   │       └── windows-sys feature "Win32" (*)
│   │   │       │       │   ├── windows-sys feature "Win32_Security"
│   │   │       │       │   │   ├── windows-sys v0.61.2 (*)
│   │   │       │       │   │   └── windows-sys feature "Win32" (*)
│   │   │       │       │   ├── windows-sys feature "Win32_Storage_FileSystem"
│   │   │       │       │   │   ├── windows-sys v0.61.2 (*)
│   │   │       │       │   │   └── windows-sys feature "Win32_Storage"
│   │   │       │       │   │       ├── windows-sys v0.61.2 (*)
│   │   │       │       │   │       └── windows-sys feature "Win32" (*)
│   │   │       │       │   ├── windows-sys feature "Win32_System_IO"
│   │   │       │       │   │   ├── windows-sys v0.61.2 (*)
│   │   │       │       │   │   └── windows-sys feature "Win32_System"
│   │   │       │       │   │       ├── windows-sys v0.61.2 (*)
│   │   │       │       │   │       └── windows-sys feature "Win32" (*)
│   │   │       │       │   ├── windows-sys feature "Win32_System_WindowsProgramming"
│   │   │       │       │   │   ├── windows-sys v0.61.2 (*)
│   │   │       │       │   │   └── windows-sys feature "Win32_System" (*)
│   │   │       │       │   └── windows-sys feature "default"
│   │   │       │       │       └── windows-sys v0.61.2 (*)
│   │   │       │       ├── bytes feature "default" (*)
│   │   │       │       ├── pin-project-lite feature "default" (*)
│   │   │       │       ├── windows-sys feature "default" (*)
│   │   │       │       ├── socket2 feature "all"
│   │   │       │       │   └── socket2 v0.6.5
│   │   │       │       │       ├── windows-sys feature "Win32_Foundation" (*)
│   │   │       │       │       ├── windows-sys feature "Win32_Networking_WinSock" (*)
│   │   │       │       │       ├── windows-sys feature "Win32_System_IO" (*)
│   │   │       │       │       ├── windows-sys feature "Win32_System_Threading"
│   │   │       │       │       │   ├── windows-sys v0.61.2 (*)
│   │   │       │       │       │   └── windows-sys feature "Win32_System" (*)
│   │   │       │       │       ├── windows-sys feature "Win32_System_WindowsProgramming" (*)
│   │   │       │       │       └── windows-sys feature "default" (*)
│   │   │       │       └── socket2 feature "default"
│   │   │       │           └── socket2 v0.6.5 (*)
│   │   │       ├── tokio feature "sync"
│   │   │       │   └── tokio v1.53.1 (*)
│   │   │       └── want feature "default"
│   │   │           └── want v0.3.1
│   │   │               └── try-lock feature "default"
│   │   │                   └── try-lock v0.2.5
│   │   ├── hyper feature "default"
│   │   │   └── hyper v1.11.1 (*)
│   │   ├── hyper feature "http1"
│   │   │   └── hyper v1.11.1 (*)
│   │   ├── tokio feature "net"
│   │   │   ├── tokio v1.53.1 (*)
│   │   │   ├── tokio feature "libc"
│   │   │   │   └── tokio v1.53.1 (*)
│   │   │   ├── tokio feature "mio"
│   │   │   │   └── tokio v1.53.1 (*)
│   │   │   ├── tokio feature "socket2"
│   │   │   │   └── tokio v1.53.1 (*)
│   │   │   ├── tokio feature "windows-sys"
│   │   │   │   └── tokio v1.53.1 (*)
│   │   │   ├── mio feature "net"
│   │   │   │   └── mio v1.2.3 (*)
│   │   │   ├── mio feature "os-ext"
│   │   │   │   ├── mio v1.2.3 (*)
│   │   │   │   ├── mio feature "os-poll"
│   │   │   │   │   └── mio v1.2.3 (*)
│   │   │   │   ├── windows-sys feature "Win32_Security" (*)
│   │   │   │   └── windows-sys feature "Win32_System_Pipes"
│   │   │   │       ├── windows-sys v0.61.2 (*)
│   │   │   │       └── windows-sys feature "Win32_System" (*)
│   │   │   ├── mio feature "os-poll" (*)
│   │   │   ├── windows-sys feature "Win32_Foundation" (*)
│   │   │   ├── windows-sys feature "Win32_Security" (*)
│   │   │   ├── windows-sys feature "Win32_Storage_FileSystem" (*)
│   │   │   ├── windows-sys feature "Win32_System_Pipes" (*)
│   │   │   └── windows-sys feature "Win32_System_SystemServices"
│   │   │       ├── windows-sys v0.61.2 (*)
│   │   │       └── windows-sys feature "Win32_System" (*)
│   │   ├── tokio feature "time"
│   │   │   └── tokio v1.53.1 (*)
│   │   ├── hyper-rustls feature "http1"
│   │   │   ├── hyper-rustls v0.27.10
│   │   │   │   ├── hyper v1.11.1 (*)
│   │   │   │   ├── rustls v0.23.45
│   │   │   │   │   ├── subtle v2.6.1
│   │   │   │   │   ├── once_cell feature "alloc"
│   │   │   │   │   │   ├── once_cell v1.21.4
│   │   │   │   │   │   └── once_cell feature "race"
│   │   │   │   │   │       └── once_cell v1.21.4
│   │   │   │   │   ├── once_cell feature "race" (*)
│   │   │   │   │   ├── ring feature "default"
│   │   │   │   │   │   ├── ring v0.17.14
│   │   │   │   │   │   │   ├── cfg-if v1.0.5
│   │   │   │   │   │   │   ├── getrandom feature "default"
│   │   │   │   │   │   │   │   └── getrandom v0.2.17
│   │   │   │   │   │   │   │       └── cfg-if feature "default"
│   │   │   │   │   │   │   │           └── cfg-if v1.0.5
│   │   │   │   │   │   │   └── untrusted feature "default"
│   │   │   │   │   │   │       └── untrusted v0.9.0
│   │   │   │   │   │   │   [build-dependencies]
│   │   │   │   │   │   │   └── cc v1.5.1
│   │   │   │   │   │   │       ├── find-msvc-tools feature "default"
│   │   │   │   │   │   │       │   └── find-msvc-tools v0.1.14
│   │   │   │   │   │   │       └── shlex feature "default"
│   │   │   │   │   │   │           ├── shlex v2.0.1
│   │   │   │   │   │   │           └── shlex feature "std"
│   │   │   │   │   │   │               └── shlex v2.0.1
│   │   │   │   │   │   ├── ring feature "alloc"
│   │   │   │   │   │   │   └── ring v0.17.14 (*)
│   │   │   │   │   │   └── ring feature "dev_urandom_fallback"
│   │   │   │   │   │       └── ring v0.17.14 (*)
│   │   │   │   │   ├── rustls-pki-types feature "alloc"
│   │   │   │   │   │   └── rustls-pki-types v1.15.1
│   │   │   │   │   │       └── zeroize feature "default"
│   │   │   │   │   │           ├── zeroize v1.9.0
│   │   │   │   │   │           └── zeroize feature "alloc"
│   │   │   │   │   │               └── zeroize v1.9.0
│   │   │   │   │   ├── rustls-pki-types feature "default"
│   │   │   │   │   │   ├── rustls-pki-types v1.15.1 (*)
│   │   │   │   │   │   └── rustls-pki-types feature "alloc" (*)
│   │   │   │   │   ├── zeroize feature "default" (*)
│   │   │   │   │   └── rustls-webpki feature "alloc"
│   │   │   │   │       ├── rustls-webpki v0.103.15
│   │   │   │   │       │   ├── ring v0.17.14 (*)
│   │   │   │   │       │   ├── rustls-pki-types v1.15.1 (*)
│   │   │   │   │       │   └── untrusted feature "default" (*)
│   │   │   │   │       ├── ring feature "alloc" (*)
│   │   │   │   │       └── rustls-pki-types feature "alloc" (*)
│   │   │   │   ├── tokio-rustls v0.26.6
│   │   │   │   │   ├── tokio feature "default" (*)
│   │   │   │   │   └── rustls feature "std"
│   │   │   │   │       ├── rustls v0.23.45 (*)
│   │   │   │   │       ├── once_cell feature "std"
│   │   │   │   │       │   ├── once_cell v1.21.4
│   │   │   │   │       │   └── once_cell feature "alloc" (*)
│   │   │   │   │       ├── rustls-pki-types feature "std"
│   │   │   │   │       │   ├── rustls-pki-types v1.15.1 (*)
│   │   │   │   │       │   └── rustls-pki-types feature "alloc" (*)
│   │   │   │   │       └── rustls-webpki feature "std"
│   │   │   │   │           ├── rustls-webpki v0.103.15 (*)
│   │   │   │   │           ├── rustls-pki-types feature "std" (*)
│   │   │   │   │           └── rustls-webpki feature "alloc" (*)
│   │   │   │   ├── http feature "default" (*)
│   │   │   │   ├── tokio feature "default" (*)
│   │   │   │   ├── hyper-util feature "client-legacy"
│   │   │   │   │   ├── hyper-util v0.1.21
│   │   │   │   │   │   ├── futures-util v0.3.34 (*)
│   │   │   │   │   │   ├── tokio v1.53.1 (*)
│   │   │   │   │   │   ├── bytes feature "default" (*)
│   │   │   │   │   │   ├── futures-channel feature "default" (*)
│   │   │   │   │   │   ├── pin-project-lite feature "default" (*)
│   │   │   │   │   │   ├── http feature "default" (*)
│   │   │   │   │   │   ├── http-body feature "default" (*)
│   │   │   │   │   │   ├── hyper feature "default" (*)
│   │   │   │   │   │   ├── httparse feature "default" (*)
│   │   │   │   │   │   ├── socket2 feature "all" (*)
│   │   │   │   │   │   ├── socket2 feature "default" (*)
│   │   │   │   │   │   ├── base64 feature "default"
│   │   │   │   │   │   │   ├── base64 v0.23.1
│   │   │   │   │   │   │   ├── base64 feature "simd-unsafe"
│   │   │   │   │   │   │   │   └── base64 v0.23.1
│   │   │   │   │   │   │   └── base64 feature "std"
│   │   │   │   │   │   │       ├── base64 v0.23.1
│   │   │   │   │   │   │       └── base64 feature "alloc"
│   │   │   │   │   │   │           └── base64 v0.23.1
│   │   │   │   │   │   ├── ipnet feature "default"
│   │   │   │   │   │   │   ├── ipnet v2.12.2
│   │   │   │   │   │   │   └── ipnet feature "std"
│   │   │   │   │   │   │       └── ipnet v2.12.2
│   │   │   │   │   │   ├── libc feature "default"
│   │   │   │   │   │   │   ├── libc v0.2.189
│   │   │   │   │   │   │   └── libc feature "std"
│   │   │   │   │   │   │       └── libc v0.2.189
│   │   │   │   │   │   ├── percent-encoding feature "default"
│   │   │   │   │   │   │   ├── percent-encoding v2.3.2
│   │   │   │   │   │   │   └── percent-encoding feature "std"
│   │   │   │   │   │   │       ├── percent-encoding v2.3.2
│   │   │   │   │   │   │       └── percent-encoding feature "alloc"
│   │   │   │   │   │   │           └── percent-encoding v2.3.2
│   │   │   │   │   │   ├── tower-service feature "default"
│   │   │   │   │   │   │   └── tower-service v0.3.3
│   │   │   │   │   │   └── tracing feature "std"
│   │   │   │   │   │       ├── tracing v0.1.44
│   │   │   │   │   │       │   ├── tracing-core v0.1.36
│   │   │   │   │   │       │   │   └── once_cell feature "default"
│   │   │   │   │   │       │   │       ├── once_cell v1.21.4
│   │   │   │   │   │       │   │       └── once_cell feature "std" (*)
│   │   │   │   │   │       │   └── pin-project-lite feature "default" (*)
│   │   │   │   │   │       └── tracing-core feature "std"
│   │   │   │   │   │           ├── tracing-core v0.1.36 (*)
│   │   │   │   │   │           └── tracing-core feature "once_cell"
│   │   │   │   │   │               └── tracing-core v0.1.36 (*)
│   │   │   │   │   ├── tokio feature "net" (*)
│   │   │   │   │   ├── tokio feature "sync" (*)
│   │   │   │   │   ├── hyper-util feature "client"
│   │   │   │   │   │   ├── hyper-util v0.1.21 (*)
│   │   │   │   │   │   └── hyper feature "client" (*)
│   │   │   │   │   └── hyper-util feature "tokio"
│   │   │   │   │       ├── hyper-util v0.1.21 (*)
│   │   │   │   │       ├── tokio feature "rt"
│   │   │   │   │       │   └── tokio v1.53.1 (*)
│   │   │   │   │       ├── tokio feature "time" (*)
│   │   │   │   │       └── hyper-util feature "tokio" (*)
│   │   │   │   ├── hyper-util feature "tokio" (*)
│   │   │   │   ├── tower-service feature "default" (*)
│   │   │   │   └── webpki-roots feature "default"
│   │   │   │       └── webpki-roots v1.0.9
│   │   │   │           └── rustls-pki-types v1.15.1 (*)
│   │   │   └── hyper-util feature "http1"
│   │   │       ├── hyper-util v0.1.21 (*)
│   │   │       └── hyper feature "http1" (*)
│   │   ├── hyper-rustls feature "tls12"
│   │   │   ├── hyper-rustls v0.27.10 (*)
│   │   │   ├── rustls feature "tls12"
│   │   │   │   └── rustls v0.23.45 (*)
│   │   │   └── tokio-rustls feature "tls12"
│   │   │       ├── tokio-rustls v0.26.6 (*)
│   │   │       └── rustls feature "tls12" (*)
│   │   ├── hyper-util feature "client" (*)
│   │   ├── hyper-util feature "client-legacy" (*)
│   │   ├── hyper-util feature "client-proxy"
│   │   │   ├── hyper-util v0.1.21 (*)
│   │   │   └── hyper-util feature "client" (*)
│   │   ├── hyper-util feature "default"
│   │   │   └── hyper-util v0.1.21 (*)
│   │   ├── hyper-util feature "http1" (*)
│   │   ├── hyper-util feature "tokio" (*)
│   │   ├── percent-encoding feature "default" (*)
│   │   ├── tower-service feature "default" (*)
│   │   ├── rustls feature "std" (*)
│   │   ├── rustls feature "tls12" (*)
│   │   ├── rustls-pki-types feature "default" (*)
│   │   ├── rustls-pki-types feature "std" (*)
│   │   ├── tokio-rustls feature "tls12" (*)
│   │   ├── webpki-roots feature "default" (*)
│   │   ├── log feature "default"
│   │   │   └── log v0.4.34
│   │   ├── serde feature "default"
│   │   │   ├── serde v1.0.229
│   │   │   │   ├── serde_core feature "result"
│   │   │   │   │   └── serde_core v1.0.229
│   │   │   │   └── serde_derive feature "default"
│   │   │   │       └── serde_derive v1.0.229 (proc-macro)
│   │   │   │           ├── proc-macro2 feature "proc-macro"
│   │   │   │           │   └── proc-macro2 v1.0.107
│   │   │   │           │       └── unicode-ident feature "default"
│   │   │   │           │           └── unicode-ident v1.0.26
│   │   │   │           ├── quote feature "proc-macro"
│   │   │   │           │   ├── quote v1.0.47
│   │   │   │           │   │   └── proc-macro2 v1.0.107 (*)
│   │   │   │           │   └── proc-macro2 feature "proc-macro" (*)
│   │   │   │           ├── syn feature "clone-impls"
│   │   │   │           │   └── syn v3.0.6
│   │   │   │           │       ├── proc-macro2 v1.0.107 (*)
│   │   │   │           │       ├── quote v1.0.47 (*)
│   │   │   │           │       └── unicode-ident feature "default" (*)
│   │   │   │           ├── syn feature "derive"
│   │   │   │           │   └── syn v3.0.6 (*)
│   │   │   │           ├── syn feature "parsing"
│   │   │   │           │   └── syn v3.0.6 (*)
│   │   │   │           ├── syn feature "printing"
│   │   │   │           │   └── syn v3.0.6 (*)
│   │   │   │           └── syn feature "proc-macro"
│   │   │   │               ├── syn v3.0.6 (*)
│   │   │   │               ├── proc-macro2 feature "proc-macro" (*)
│   │   │   │               └── quote feature "proc-macro" (*)
│   │   │   └── serde feature "std"
│   │   │       ├── serde v1.0.229 (*)
│   │   │       └── serde_core feature "std"
│   │   │           └── serde_core v1.0.229
│   │   ├── serde_urlencoded feature "default"
│   │   │   └── serde_urlencoded v0.7.1
│   │   │       ├── itoa feature "default" (*)
│   │   │       ├── serde feature "default" (*)
│   │   │       ├── form_urlencoded feature "default"
│   │   │       │   ├── form_urlencoded v1.2.2
│   │   │       │   │   └── percent-encoding v2.3.2
│   │   │       │   └── form_urlencoded feature "std"
│   │   │       │       ├── form_urlencoded v1.2.2 (*)
│   │   │       │       ├── percent-encoding feature "std" (*)
│   │   │       │       └── form_urlencoded feature "alloc"
│   │   │       │           ├── form_urlencoded v1.2.2 (*)
│   │   │       │           └── percent-encoding feature "alloc" (*)
│   │   │       └── ryu feature "default"
│   │   │           └── ryu v1.0.23
│   │   ├── sync_wrapper feature "default"
│   │   │   └── sync_wrapper v1.0.2
│   │   │       └── futures-core v0.3.34
│   │   ├── sync_wrapper feature "futures"
│   │   │   ├── sync_wrapper v1.0.2 (*)
│   │   │   └── sync_wrapper feature "futures-core"
│   │   │       └── sync_wrapper v1.0.2 (*)
│   │   ├── tower feature "retry"
│   │   │   ├── tower v0.5.3
│   │   │   │   ├── futures-core feature "default" (*)
│   │   │   │   ├── futures-util feature "alloc"
│   │   │   │   │   ├── futures-util v0.3.34 (*)
│   │   │   │   │   ├── futures-core feature "alloc" (*)
│   │   │   │   │   ├── futures-util feature "slab"
│   │   │   │   │   │   └── futures-util v0.3.34 (*)
│   │   │   │   │   └── futures-task feature "alloc"
│   │   │   │   │       └── futures-task v0.3.34
│   │   │   │   ├── pin-project-lite feature "default" (*)
│   │   │   │   ├── tokio feature "default" (*)
│   │   │   │   ├── tower-service feature "default" (*)
│   │   │   │   ├── sync_wrapper feature "default" (*)
│   │   │   │   └── tower-layer feature "default"
│   │   │   │       └── tower-layer v0.3.3
│   │   │   ├── tokio feature "time" (*)
│   │   │   ├── tower feature "tokio"
│   │   │   │   └── tower v0.5.3 (*)
│   │   │   └── tower feature "util"
│   │   │       ├── tower v0.5.3 (*)
│   │   │       ├── tower feature "futures-core"
│   │   │       │   └── tower v0.5.3 (*)
│   │   │       ├── tower feature "futures-util"
│   │   │       │   └── tower v0.5.3 (*)
│   │   │       ├── tower feature "pin-project-lite"
│   │   │       │   └── tower v0.5.3 (*)
│   │   │       └── tower feature "sync_wrapper"
│   │   │           └── tower v0.5.3 (*)
│   │   ├── tower feature "timeout"
│   │   │   ├── tower v0.5.3 (*)
│   │   │   ├── tokio feature "time" (*)
│   │   │   ├── tower feature "pin-project-lite" (*)
│   │   │   └── tower feature "tokio" (*)
│   │   ├── tower feature "util" (*)
│   │   ├── tower-http feature "follow-redirect"
│   │   │   ├── tower-http v0.6.11
│   │   │   │   ├── futures-util v0.3.34 (*)
│   │   │   │   ├── bytes feature "default" (*)
│   │   │   │   ├── pin-project-lite feature "default" (*)
│   │   │   │   ├── http feature "default" (*)
│   │   │   │   ├── http-body feature "default" (*)
│   │   │   │   ├── tower-service feature "default" (*)
│   │   │   │   ├── tower feature "default"
│   │   │   │   │   └── tower v0.5.3 (*)
│   │   │   │   ├── tower-layer feature "default" (*)
│   │   │   │   ├── bitflags feature "default"
│   │   │   │   │   └── bitflags v2.13.2
│   │   │   │   └── url feature "default"
│   │   │   │       ├── url v2.5.8
│   │   │   │       │   ├── percent-encoding feature "alloc" (*)
│   │   │   │       │   ├── form_urlencoded feature "alloc" (*)
│   │   │   │       │   ├── idna feature "alloc"
│   │   │   │       │   │   └── idna v1.1.0
│   │   │   │       │   │       ├── smallvec feature "const_generics" (*)
│   │   │   │       │   │       ├── smallvec feature "default" (*)
│   │   │   │       │   │       ├── idna_adapter feature "default"
│   │   │   │       │   │       │   └── idna_adapter v1.2.2
│   │   │   │       │   │       │       ├── icu_normalizer v2.3.0
│   │   │   │       │   │       │       │   ├── icu_collections v2.3.0
│   │   │   │       │   │       │       │   │   ├── displaydoc v0.2.7 (proc-macro)
│   │   │   │       │   │       │       │   │   │   ├── proc-macro2 feature "default"
│   │   │   │       │   │       │       │   │   │   │   ├── proc-macro2 v1.0.107 (*)
│   │   │   │       │   │       │       │   │   │   │   └── proc-macro2 feature "proc-macro" (*)
│   │   │   │       │   │       │       │   │   │   ├── quote feature "default"
│   │   │   │       │   │       │       │   │   │   │   ├── quote v1.0.47 (*)
│   │   │   │       │   │       │       │   │   │   │   └── quote feature "proc-macro" (*)
│   │   │   │       │   │       │       │   │   │   └── syn feature "default"
│   │   │   │       │   │       │       │   │   │       ├── syn v3.0.6 (*)
│   │   │   │       │   │       │       │   │   │       ├── syn feature "clone-impls" (*)
│   │   │   │       │   │       │       │   │   │       ├── syn feature "derive" (*)
│   │   │   │       │   │       │       │   │   │       ├── syn feature "parsing" (*)
│   │   │   │       │   │       │       │   │   │       ├── syn feature "printing" (*)
│   │   │   │       │   │       │       │   │   │       └── syn feature "proc-macro" (*)
│   │   │   │       │   │       │       │   │   ├── utf8_iter v1.0.4
│   │   │   │       │   │       │       │   │   ├── potential_utf feature "zerovec"
│   │   │   │       │   │       │       │   │   │   └── potential_utf v0.1.6
│   │   │   │       │   │       │       │   │   │       └── zerovec v0.11.8
│   │   │   │       │   │       │       │   │   │           ├── yoke v0.8.3
│   │   │   │       │   │       │       │   │   │           │   ├── stable_deref_trait v1.2.1
│   │   │   │       │   │       │       │   │   │           │   ├── yoke-derive v0.8.3 (proc-macro)
│   │   │   │       │   │       │       │   │   │           │   │   ├── proc-macro2 feature "default" (*)
│   │   │   │       │   │       │       │   │   │           │   │   ├── quote feature "default" (*)
│   │   │   │       │   │       │       │   │   │           │   │   ├── syn feature "default" (*)
│   │   │   │       │   │       │       │   │   │           │   │   ├── syn feature "fold"
│   │   │   │       │   │       │       │   │   │           │   │   │   └── syn v3.0.6 (*)
│   │   │   │       │   │       │       │   │   │           │   │   ├── syn feature "visit"
│   │   │   │       │   │       │       │   │   │           │   │   │   └── syn v3.0.6 (*)
│   │   │   │       │   │       │       │   │   │           │   │   └── synstructure feature "default"
│   │   │   │       │   │       │       │   │   │           │   │       ├── synstructure v0.14.0
│   │   │   │       │   │       │       │   │   │           │   │       │   ├── proc-macro2 v1.0.107 (*)
│   │   │   │       │   │       │       │   │   │           │   │       │   ├── quote v1.0.47 (*)
│   │   │   │       │   │       │       │   │   │           │   │       │   ├── syn feature "clone-impls" (*)
│   │   │   │       │   │       │       │   │   │           │   │       │   ├── syn feature "derive" (*)
│   │   │   │       │   │       │       │   │   │           │   │       │   ├── syn feature "extra-traits"
│   │   │   │       │   │       │       │   │   │           │   │       │   │   └── syn v3.0.6 (*)
│   │   │   │       │   │       │       │   │   │           │   │       │   ├── syn feature "parsing" (*)
│   │   │   │       │   │       │       │   │   │           │   │       │   ├── syn feature "printing" (*)
│   │   │   │       │   │       │       │   │   │           │   │       │   └── syn feature "visit" (*)
│   │   │   │       │   │       │       │   │   │           │   │       └── synstructure feature "proc-macro"
│   │   │   │       │   │       │       │   │   │           │   │           ├── synstructure v0.14.0 (*)
│   │   │   │       │   │       │       │   │   │           │   │           ├── proc-macro2 feature "proc-macro" (*)
│   │   │   │       │   │       │       │   │   │           │   │           ├── quote feature "proc-macro" (*)
│   │   │   │       │   │       │       │   │   │           │   │           └── syn feature "proc-macro" (*)
│   │   │   │       │   │       │       │   │   │           │   └── zerofrom v0.1.8
│   │   │   │       │   │       │       │   │   │           │       └── zerofrom-derive v0.1.8 (proc-macro)
│   │   │   │       │   │       │       │   │   │           │           ├── proc-macro2 feature "default" (*)
│   │   │   │       │   │       │       │   │   │           │           ├── quote feature "default" (*)
│   │   │   │       │   │       │       │   │   │           │           ├── syn feature "default" (*)
│   │   │   │       │   │       │       │   │   │           │           ├── syn feature "fold" (*)
│   │   │   │       │   │       │       │   │   │           │           ├── syn feature "visit" (*)
│   │   │   │       │   │       │       │   │   │           │           └── synstructure feature "default" (*)
│   │   │   │       │   │       │       │   │   │           ├── zerofrom v0.1.8 (*)
│   │   │   │       │   │       │       │   │   │           └── zerovec-derive v0.11.6 (proc-macro)
│   │   │   │       │   │       │       │   │   │               ├── proc-macro2 feature "default" (*)
│   │   │   │       │   │       │       │   │   │               ├── quote feature "default" (*)
│   │   │   │       │   │       │       │   │   │               ├── syn feature "default" (*)
│   │   │   │       │   │       │       │   │   │               └── syn feature "extra-traits" (*)
│   │   │   │       │   │       │       │   │   ├── zerovec feature "derive"
│   │   │   │       │   │       │       │   │   │   └── zerovec v0.11.8 (*)
│   │   │   │       │   │       │       │   │   ├── zerovec feature "yoke"
│   │   │   │       │   │       │       │   │   │   └── zerovec v0.11.8 (*)
│   │   │   │       │   │       │       │   │   ├── yoke feature "derive"
│   │   │   │       │   │       │       │   │   │   ├── yoke v0.8.3 (*)
│   │   │   │       │   │       │       │   │   │   ├── yoke feature "zerofrom"
│   │   │   │       │   │       │       │   │   │   │   └── yoke v0.8.3 (*)
│   │   │   │       │   │       │       │   │   │   └── zerofrom feature "derive"
│   │   │   │       │   │       │       │   │   │       └── zerofrom v0.1.8 (*)
│   │   │   │       │   │       │       │   │   └── zerofrom feature "derive" (*)
│   │   │   │       │   │       │       │   ├── icu_normalizer_data v2.3.0
│   │   │   │       │   │       │       │   ├── icu_provider v2.3.1
│   │   │   │       │   │       │       │   │   ├── displaydoc v0.2.7 (proc-macro) (*)
│   │   │   │       │   │       │       │   │   ├── icu_locale_core v2.3.0
│   │   │   │       │   │       │       │   │   │   ├── displaydoc v0.2.7 (proc-macro) (*)
│   │   │   │       │   │       │       │   │   │   ├── litemap v0.8.3
│   │   │   │       │   │       │       │   │   │   ├── tinystr v0.8.4
│   │   │   │       │   │       │       │   │   │   │   ├── displaydoc v0.2.7 (proc-macro) (*)
│   │   │   │       │   │       │       │   │   │   │   └── zerovec v0.11.8 (*)
│   │   │   │       │   │       │       │   │   │   ├── writeable v0.6.4
│   │   │   │       │   │       │       │   │   │   └── zerovec v0.11.8 (*)
│   │   │   │       │   │       │       │   │   ├── writeable v0.6.4
│   │   │   │       │   │       │       │   │   ├── zerotrie v0.2.5
│   │   │   │       │   │       │       │   │   │   ├── displaydoc v0.2.7 (proc-macro) (*)
│   │   │   │       │   │       │       │   │   │   ├── zerofrom v0.1.8 (*)
│   │   │   │       │   │       │       │   │   │   └── yoke feature "derive" (*)
│   │   │   │       │   │       │       │   │   ├── zerovec feature "derive" (*)
│   │   │   │       │   │       │       │   │   ├── yoke feature "derive" (*)
│   │   │   │       │   │       │       │   │   └── zerofrom feature "derive" (*)
│   │   │   │       │   │       │       │   ├── smallvec v1.16.2
│   │   │   │       │   │       │       │   └── zerovec v0.11.8 (*)
│   │   │   │       │   │       │       └── icu_properties v2.3.0
│   │   │   │       │   │       │           ├── displaydoc v0.2.7 (proc-macro) (*)
│   │   │   │       │   │       │           ├── icu_collections v2.3.0 (*)
│   │   │   │       │   │       │           ├── icu_properties_data v2.3.0
│   │   │   │       │   │       │           ├── icu_provider v2.3.1 (*)
│   │   │   │       │   │       │           ├── zerovec feature "derive" (*)
│   │   │   │       │   │       │           ├── zerovec feature "yoke" (*)
│   │   │   │       │   │       │           ├── icu_locale_core feature "zerovec"
│   │   │   │       │   │       │           │   ├── icu_locale_core v2.3.0 (*)
│   │   │   │       │   │       │           │   └── tinystr feature "zerovec"
│   │   │   │       │   │       │           │       └── tinystr v0.8.4 (*)
│   │   │   │       │   │       │           ├── zerotrie feature "yoke"
│   │   │   │       │   │       │           │   └── zerotrie v0.2.5 (*)
│   │   │   │       │   │       │           └── zerotrie feature "zerofrom"
│   │   │   │       │   │       │               └── zerotrie v0.2.5 (*)
│   │   │   │       │   │       └── utf8_iter feature "default"
│   │   │   │       │   │           └── utf8_iter v1.0.4
│   │   │   │       │   └── idna feature "compiled_data"
│   │   │   │       │       ├── idna v1.1.0 (*)
│   │   │   │       │       └── idna_adapter feature "compiled_data"
│   │   │   │       │           ├── idna_adapter v1.2.2 (*)
│   │   │   │       │           ├── icu_normalizer feature "compiled_data"
│   │   │   │       │           │   ├── icu_normalizer v2.3.0 (*)
│   │   │   │       │           │   └── icu_provider feature "baked"
│   │   │   │       │           │       └── icu_provider v2.3.1 (*)
│   │   │   │       │           └── icu_properties feature "compiled_data"
│   │   │   │       │               ├── icu_properties v2.3.0 (*)
│   │   │   │       │               └── icu_provider feature "baked" (*)
│   │   │   │       └── url feature "std"
│   │   │   │           ├── url v2.5.8 (*)
│   │   │   │           ├── percent-encoding feature "std" (*)
│   │   │   │           ├── form_urlencoded feature "std" (*)
│   │   │   │           └── idna feature "std"
│   │   │   │               ├── idna v1.1.0 (*)
│   │   │   │               └── idna feature "alloc" (*)
│   │   │   ├── tower feature "util" (*)
│   │   │   ├── tower-http feature "futures-util"
│   │   │   │   └── tower-http v0.6.11 (*)
│   │   │   └── tower-http feature "tower"
│   │   │       └── tower-http v0.6.11 (*)
│   │   └── url feature "default" (*)
│   ├── futures-channel feature "sink"
│   │   ├── futures-channel v0.3.34 (*)
│   │   └── futures-channel feature "futures-sink"
│   │       └── futures-channel v0.3.34 (*)
│   ├── futures-util feature "io"
│   │   ├── futures-util v0.3.34 (*)
│   │   ├── futures-util feature "futures-io"
│   │   │   └── futures-util v0.3.34 (*)
│   │   ├── futures-util feature "memchr"
│   │   │   └── futures-util v0.3.34 (*)
│   │   └── futures-util feature "std"
│   │       ├── futures-util v0.3.34 (*)
│   │       ├── futures-core feature "std" (*)
│   │       ├── futures-util feature "alloc" (*)
│   │       ├── futures-util feature "slab" (*)
│   │       ├── futures-task feature "std"
│   │       │   ├── futures-task v0.3.34
│   │       │   └── futures-task feature "alloc" (*)
│   │       └── slab feature "std"
│   │           └── slab v0.4.12
│   ├── futures-util feature "sink"
│   │   ├── futures-util v0.3.34 (*)
│   │   └── futures-util feature "futures-sink"
│   │       └── futures-util v0.3.34 (*)
│   └── tokio feature "sync" (*)
├── reqwest feature "rustls-tls"
│   ├── reqwest v0.12.28 (*)
│   └── reqwest feature "rustls-tls-webpki-roots"
│       ├── reqwest v0.12.28 (*)
│       ├── reqwest feature "__rustls-ring"
│       │   ├── reqwest v0.12.28 (*)
│       │   ├── hyper-rustls feature "ring"
│       │   │   ├── hyper-rustls v0.27.10 (*)
│       │   │   └── rustls feature "ring"
│       │   │       ├── rustls v0.23.45 (*)
│       │   │       └── rustls-webpki feature "ring"
│       │   │           └── rustls-webpki v0.103.15 (*)
│       │   ├── rustls feature "ring" (*)
│       │   └── tokio-rustls feature "ring"
│       │       ├── tokio-rustls v0.26.6 (*)
│       │       └── rustls feature "ring" (*)
│       └── reqwest feature "rustls-tls-webpki-roots-no-provider"
│           ├── reqwest v0.12.28 (*)
│           ├── reqwest feature "__rustls"
│           │   ├── reqwest v0.12.28 (*)
│           │   └── reqwest feature "__tls"
│           │       ├── reqwest v0.12.28 (*)
│           │       └── tokio feature "io-util"
│           │           ├── tokio v1.53.1 (*)
│           │           └── tokio feature "bytes"
│           │               └── tokio v1.53.1 (*)
│           └── hyper-rustls feature "webpki-tokio"
│               ├── hyper-rustls v0.27.10 (*)
│               └── hyper-rustls feature "webpki-roots"
│                   └── hyper-rustls v0.27.10 (*)
├── serde feature "default" (*)
├── serde feature "derive"
│   ├── serde v1.0.229 (*)
│   └── serde feature "serde_derive"
│       └── serde v1.0.229 (*)
├── serde_json feature "default"
│   ├── serde_json v1.0.151
│   │   ├── memchr v2.8.3
│   │   ├── serde_core v1.0.229
│   │   ├── itoa feature "default" (*)
│   │   └── zmij feature "default"
│   │       └── zmij v1.0.23
│   └── serde_json feature "std"
│       ├── serde_json v1.0.151 (*)
│       ├── memchr feature "std" (*)
│       └── serde_core feature "std" (*)
├── sha2 feature "default"
│   ├── sha2 v0.10.9
│   │   ├── cfg-if feature "default" (*)
│   │   ├── cpufeatures feature "default"
│   │   │   └── cpufeatures v0.2.17
│   │   └── digest feature "default"
│   │       ├── digest v0.10.7
│   │       │   ├── block-buffer feature "default"
│   │       │   │   └── block-buffer v0.10.4
│   │       │   │       └── generic-array feature "default"
│   │       │   │           └── generic-array v0.14.7
│   │       │   │               └── typenum feature "default"
│   │       │   │                   └── typenum v1.20.1
│   │       │   │               [build-dependencies]
│   │       │   │               └── version_check feature "default"
│   │       │   │                   └── version_check v0.9.5
│   │       │   └── crypto-common feature "default"
│   │       │       └── crypto-common v0.1.7
│   │       │           ├── generic-array feature "default" (*)
│   │       │           ├── generic-array feature "more_lengths"
│   │       │           │   └── generic-array v0.14.7 (*)
│   │       │           └── typenum feature "default" (*)
│   │       └── digest feature "core-api"
│   │           ├── digest v0.10.7 (*)
│   │           └── digest feature "block-buffer"
│   │               └── digest v0.10.7 (*)
│   └── sha2 feature "std"
│       ├── sha2 v0.10.9 (*)
│       └── digest feature "std"
│           ├── digest v0.10.7 (*)
│           ├── digest feature "alloc"
│           │   └── digest v0.10.7 (*)
│           └── crypto-common feature "std"
│               └── crypto-common v0.1.7 (*)
└── tar feature "default"
    ├── tar v0.4.46
    │   └── filetime feature "default"
    │       └── filetime v0.2.29
    │           └── cfg-if feature "default" (*)
    └── tar feature "xattr"
        └── tar v0.4.46 (*)

EXIT_CODE=0
END 2026-09-30T10:48:01+08:00
