START 2026-09-30T10:48:01+08:00
PWD /d/SakuraTool/SakuraPool
HEAD 51ea23a4367cb8f069e930c5ab1882a0a00c8423
HEAD_TREE f0680c67652afc6cb04a236169ecc37bd425aa2d
CMD uv build --wheel --out-dir D:/SakuraTool/SakuraPool-Fix3-20260930a/wheels 
CARGO_TARGET_DIR=D:/SakuraTool/SakuraPool-Fix3-20260930a/rust-target
SAKURAPOOL_RUST_WORKER=D:/SakuraTool/SakuraPool-Fix3-20260930a/rust-target/release/sakurapool-worker.exe
PYTHONPATH=<unset>
Building wheel...
running egg_info
writing src\sakurapool.egg-info\PKG-INFO
writing dependency_links to src\sakurapool.egg-info\dependency_links.txt
writing entry points to src\sakurapool.egg-info\entry_points.txt
writing requirements to src\sakurapool.egg-info\requires.txt
writing top-level names to src\sakurapool.egg-info\top_level.txt
reading manifest file 'src\sakurapool.egg-info\SOURCES.txt'
writing manifest file 'src\sakurapool.egg-info\SOURCES.txt'
running bdist_wheel
running build
running build_py
copying src\sakurapool\cli.py -> build\lib\sakurapool
copying src\sakurapool\evaluator.py -> build\lib\sakurapool
copying src\sakurapool\indexer.py -> build\lib\sakurapool
copying src\sakurapool\models.py -> build\lib\sakurapool
copying src\sakurapool\query.py -> build\lib\sakurapool
copying src\sakurapool\records.py -> build\lib\sakurapool
copying src\sakurapool\registry.py -> build\lib\sakurapool
copying src\sakurapool\schema.py -> build\lib\sakurapool
copying src\sakurapool\__init__.py -> build\lib\sakurapool
copying src\sakurapool\__main__.py -> build\lib\sakurapool
copying src\sakurapool\runtime\compiler.py -> build\lib\sakurapool\runtime
copying src\sakurapool\runtime\errors.py -> build\lib\sakurapool\runtime
copying src\sakurapool\runtime\identity.py -> build\lib\sakurapool\runtime
copying src\sakurapool\runtime\inventory.py -> build\lib\sakurapool\runtime
copying src\sakurapool\runtime\query.py -> build\lib\sakurapool\runtime
copying src\sakurapool\runtime\snapshot.py -> build\lib\sakurapool\runtime
copying src\sakurapool\runtime\__init__.py -> build\lib\sakurapool\runtime
copying src\sakurapool\storage\budget.py -> build\lib\sakurapool\storage
copying src\sakurapool\storage\cli_ops.py -> build\lib\sakurapool\storage
copying src\sakurapool\storage\location_gate.py -> build\lib\sakurapool\storage
copying src\sakurapool\storage\modelscope.py -> build\lib\sakurapool\storage
copying src\sakurapool\storage\package.py -> build\lib\sakurapool\storage
copying src\sakurapool\storage\remote_index.py -> build\lib\sakurapool\storage
copying src\sakurapool\storage\retrieval.py -> build\lib\sakurapool\storage
copying src\sakurapool\storage\rust_bridge.py -> build\lib\sakurapool\storage
copying src\sakurapool\storage\rust_index.py -> build\lib\sakurapool\storage
copying src\sakurapool\storage\transport.py -> build\lib\sakurapool\storage
copying src\sakurapool\storage\__init__.py -> build\lib\sakurapool\storage
running egg_info
writing src\sakurapool.egg-info\PKG-INFO
writing dependency_links to src\sakurapool.egg-info\dependency_links.txt
writing entry points to src\sakurapool.egg-info\entry_points.txt
writing requirements to src\sakurapool.egg-info\requires.txt
writing top-level names to src\sakurapool.egg-info\top_level.txt
reading manifest file 'src\sakurapool.egg-info\SOURCES.txt'
writing manifest file 'src\sakurapool.egg-info\SOURCES.txt'
installing to build\bdist.win-amd64\wheel
running install
running install_lib
creating build\bdist.win-amd64\wheel
creating build\bdist.win-amd64\wheel\sakurapool
copying build\lib\sakurapool\cli.py -> build\bdist.win-amd64\wheel\.\sakurapool
copying build\lib\sakurapool\evaluator.py -> build\bdist.win-amd64\wheel\.\sakurapool
copying build\lib\sakurapool\indexer.py -> build\bdist.win-amd64\wheel\.\sakurapool
copying build\lib\sakurapool\models.py -> build\bdist.win-amd64\wheel\.\sakurapool
copying build\lib\sakurapool\query.py -> build\bdist.win-amd64\wheel\.\sakurapool
copying build\lib\sakurapool\records.py -> build\bdist.win-amd64\wheel\.\sakurapool
copying build\lib\sakurapool\registry.py -> build\bdist.win-amd64\wheel\.\sakurapool
creating build\bdist.win-amd64\wheel\sakurapool\runtime
copying build\lib\sakurapool\runtime\compiler.py -> build\bdist.win-amd64\wheel\.\sakurapool\runtime
copying build\lib\sakurapool\runtime\errors.py -> build\bdist.win-amd64\wheel\.\sakurapool\runtime
copying build\lib\sakurapool\runtime\identity.py -> build\bdist.win-amd64\wheel\.\sakurapool\runtime
copying build\lib\sakurapool\runtime\inventory.py -> build\bdist.win-amd64\wheel\.\sakurapool\runtime
copying build\lib\sakurapool\runtime\query.py -> build\bdist.win-amd64\wheel\.\sakurapool\runtime
copying build\lib\sakurapool\runtime\snapshot.py -> build\bdist.win-amd64\wheel\.\sakurapool\runtime
copying build\lib\sakurapool\runtime\__init__.py -> build\bdist.win-amd64\wheel\.\sakurapool\runtime
copying build\lib\sakurapool\schema.py -> build\bdist.win-amd64\wheel\.\sakurapool
creating build\bdist.win-amd64\wheel\sakurapool\storage
copying build\lib\sakurapool\storage\budget.py -> build\bdist.win-amd64\wheel\.\sakurapool\storage
copying build\lib\sakurapool\storage\cli_ops.py -> build\bdist.win-amd64\wheel\.\sakurapool\storage
copying build\lib\sakurapool\storage\location_gate.py -> build\bdist.win-amd64\wheel\.\sakurapool\storage
copying build\lib\sakurapool\storage\modelscope.py -> build\bdist.win-amd64\wheel\.\sakurapool\storage
copying build\lib\sakurapool\storage\package.py -> build\bdist.win-amd64\wheel\.\sakurapool\storage
copying build\lib\sakurapool\storage\remote_index.py -> build\bdist.win-amd64\wheel\.\sakurapool\storage
copying build\lib\sakurapool\storage\retrieval.py -> build\bdist.win-amd64\wheel\.\sakurapool\storage
copying build\lib\sakurapool\storage\rust_bridge.py -> build\bdist.win-amd64\wheel\.\sakurapool\storage
copying build\lib\sakurapool\storage\rust_index.py -> build\bdist.win-amd64\wheel\.\sakurapool\storage
copying build\lib\sakurapool\storage\transport.py -> build\bdist.win-amd64\wheel\.\sakurapool\storage
copying build\lib\sakurapool\storage\__init__.py -> build\bdist.win-amd64\wheel\.\sakurapool\storage
copying build\lib\sakurapool\__init__.py -> build\bdist.win-amd64\wheel\.\sakurapool
copying build\lib\sakurapool\__main__.py -> build\bdist.win-amd64\wheel\.\sakurapool
running install_egg_info
Copying src\sakurapool.egg-info to build\bdist.win-amd64\wheel\.\sakurapool-0.1.0-py3.13.egg-info
running install_scripts
creating build\bdist.win-amd64\wheel\sakurapool-0.1.0.dist-info\WHEEL
creating 'D:\SakuraTool\SakuraPool-Fix3-20260930a\wheels\.tmp-oedq1l_k\sakurapool-0.1.0-py3-none-any.whl' and adding 'build\bdist.win-amd64\wheel' to it
adding 'sakurapool/__init__.py'
adding 'sakurapool/__main__.py'
adding 'sakurapool/cli.py'
adding 'sakurapool/evaluator.py'
adding 'sakurapool/indexer.py'
adding 'sakurapool/models.py'
adding 'sakurapool/query.py'
adding 'sakurapool/records.py'
adding 'sakurapool/registry.py'
adding 'sakurapool/schema.py'
adding 'sakurapool/runtime/__init__.py'
adding 'sakurapool/runtime/compiler.py'
adding 'sakurapool/runtime/errors.py'
adding 'sakurapool/runtime/identity.py'
adding 'sakurapool/runtime/inventory.py'
adding 'sakurapool/runtime/query.py'
adding 'sakurapool/runtime/snapshot.py'
adding 'sakurapool/storage/__init__.py'
adding 'sakurapool/storage/budget.py'
adding 'sakurapool/storage/cli_ops.py'
adding 'sakurapool/storage/location_gate.py'
adding 'sakurapool/storage/modelscope.py'
adding 'sakurapool/storage/package.py'
adding 'sakurapool/storage/remote_index.py'
adding 'sakurapool/storage/retrieval.py'
adding 'sakurapool/storage/rust_bridge.py'
adding 'sakurapool/storage/rust_index.py'
adding 'sakurapool/storage/transport.py'
adding 'sakurapool-0.1.0.dist-info/METADATA'
adding 'sakurapool-0.1.0.dist-info/WHEEL'
adding 'sakurapool-0.1.0.dist-info/entry_points.txt'
adding 'sakurapool-0.1.0.dist-info/top_level.txt'
adding 'sakurapool-0.1.0.dist-info/RECORD'
removing build\bdist.win-amd64\wheel
Successfully built D:\SakuraTool\SakuraPool-Fix3-20260930a\wheels\sakurapool-0.1.0-py3-none-any.whl

EXIT_CODE=0
END 2026-09-30T10:48:07+08:00
