START 2026-09-30T10:40:10+08:00
PWD /d/SakuraTool/SakuraPool/rust
HEAD b7c1bd19463cc08e02aaaab37e90c9b696245531
HEAD_TREE d13e8bb51ce590aebd8d8a4f2ce5ba24ffd19744
CMD cargo build --release --locked 
CARGO_TARGET_DIR=D:/SakuraTool/SakuraPool-Fix3-20260930a/rust-target
SAKURAPOOL_RUST_WORKER=D:/SakuraTool/SakuraPool-Fix3-20260930a/rust-target/release/sakurapool-worker.exe
PYTHONPATH=<unset>
   Compiling proc-macro2 v1.0.107
   Compiling unicode-ident v1.0.26
   Compiling quote v1.0.47
   Compiling stable_deref_trait v1.2.1
   Compiling bytes v1.12.1
   Compiling windows-link v0.2.1
   Compiling pin-project-lite v0.2.17
   Compiling cfg-if v1.0.5
   Compiling shlex v2.0.1
   Compiling futures-core v0.3.34
   Compiling find-msvc-tools v0.1.14
   Compiling itoa v1.0.18
   Compiling litemap v0.8.3
   Compiling smallvec v1.16.2
   Compiling writeable v0.6.4
   Compiling icu_normalizer_data v2.3.0
   Compiling windows-sys v0.61.2
   Compiling futures-sink v0.3.34
   Compiling icu_properties_data v2.3.0
   Compiling utf8_iter v1.0.4
   Compiling once_cell v1.21.4
   Compiling percent-encoding v2.3.2
   Compiling version_check v0.9.5
   Compiling zeroize v1.9.0
   Compiling memchr v2.8.3
   Compiling getrandom v0.2.17
   Compiling httparse v1.10.1
   Compiling untrusted v0.9.0
   Compiling futures-io v0.3.34
   Compiling slab v0.4.12
   Compiling rustls-pki-types v1.15.1
   Compiling cc v1.5.1
   Compiling serde_core v1.0.229
   Compiling futures-task v0.3.34
   Compiling rustls v0.23.45
   Compiling generic-array v0.14.7
   Compiling http v1.5.0
   Compiling libc v0.2.189
   Compiling tower-service v0.3.3
   Compiling typenum v1.20.1
   Compiling futures-util v0.3.34
   Compiling try-lock v0.2.5
   Compiling form_urlencoded v1.2.2
   Compiling tracing-core v0.1.36
   Compiling futures-channel v0.3.34
   Compiling want v0.3.1
   Compiling serde v1.0.229
   Compiling subtle v2.6.1
   Compiling atomic-waker v1.1.2
   Compiling sync_wrapper v1.0.2
   Compiling base64 v0.23.1
   Compiling ipnet v2.12.2
   Compiling tower-layer v0.3.3
   Compiling zmij v1.0.23
   Compiling http-body v1.1.0
   Compiling tracing v0.1.44
   Compiling syn v3.0.6
   Compiling webpki-roots v1.0.9
   Compiling bitflags v2.13.2
   Compiling ryu v1.0.23
   Compiling serde_json v1.0.151
   Compiling http-body-util v0.1.5
   Compiling filetime v0.2.29
   Compiling log v0.4.34
   Compiling cpufeatures v0.2.17
   Compiling ring v0.17.14
   Compiling base64 v0.22.1
   Compiling tar v0.4.46
   Compiling crypto-common v0.1.7
   Compiling block-buffer v0.10.4
   Compiling digest v0.10.7
   Compiling sha2 v0.10.9
   Compiling mio v1.2.3
   Compiling socket2 v0.6.5
   Compiling tokio v1.53.1
   Compiling synstructure v0.14.0
   Compiling zerovec-derive v0.11.6
   Compiling displaydoc v0.2.7
   Compiling serde_derive v1.0.229
   Compiling zerofrom-derive v0.1.8
   Compiling yoke-derive v0.8.3
   Compiling zerofrom v0.1.8
   Compiling yoke v0.8.3
   Compiling zerovec v0.11.8
   Compiling zerotrie v0.2.5
   Compiling tinystr v0.8.4
   Compiling potential_utf v0.1.6
   Compiling icu_collections v2.3.0
   Compiling icu_locale_core v2.3.0
   Compiling icu_provider v2.3.1
   Compiling serde_urlencoded v0.7.1
   Compiling icu_normalizer v2.3.0
   Compiling icu_properties v2.3.0
   Compiling hyper v1.11.1
   Compiling tower v0.5.3
   Compiling hyper-util v0.1.21
   Compiling idna_adapter v1.2.2
   Compiling idna v1.1.0
   Compiling url v2.5.8
   Compiling tower-http v0.6.11
   Compiling rustls-webpki v0.103.15
   Compiling tokio-rustls v0.26.6
   Compiling hyper-rustls v0.27.10
   Compiling reqwest v0.12.28
   Compiling sakurapool-rust v0.1.0 (D:\SakuraTool\SakuraPool\rust)
    Finished `release` profile [optimized] target(s) in 43.82s

EXIT_CODE=0
END 2026-09-30T10:40:54+08:00
