* Getting build dependencies for sdist...
running egg_info
writing src\sakurapool.egg-info\PKG-INFO
writing dependency_links to src\sakurapool.egg-info\dependency_links.txt
writing entry points to src\sakurapool.egg-info\entry_points.txt
writing requirements to src\sakurapool.egg-info\requires.txt
writing top-level names to src\sakurapool.egg-info\top_level.txt
reading manifest file 'src\sakurapool.egg-info\SOURCES.txt'
writing manifest file 'src\sakurapool.egg-info\SOURCES.txt'
* Building sdist...
running sdist
running egg_info
writing src\sakurapool.egg-info\PKG-INFO
writing dependency_links to src\sakurapool.egg-info\dependency_links.txt
writing entry points to src\sakurapool.egg-info\entry_points.txt
writing requirements to src\sakurapool.egg-info\requires.txt
writing top-level names to src\sakurapool.egg-info\top_level.txt
reading manifest file 'src\sakurapool.egg-info\SOURCES.txt'
writing manifest file 'src\sakurapool.egg-info\SOURCES.txt'
running check
creating sakurapool-0.1.0
creating sakurapool-0.1.0\src\sakurapool
creating sakurapool-0.1.0\src\sakurapool.egg-info
creating sakurapool-0.1.0\tests
copying files to sakurapool-0.1.0...
copying README.md -> sakurapool-0.1.0
copying pyproject.toml -> sakurapool-0.1.0
copying src\sakurapool\__init__.py -> sakurapool-0.1.0\src\sakurapool
copying src\sakurapool\__main__.py -> sakurapool-0.1.0\src\sakurapool
copying src\sakurapool\cli.py -> sakurapool-0.1.0\src\sakurapool
copying src\sakurapool\evaluator.py -> sakurapool-0.1.0\src\sakurapool
copying src\sakurapool\indexer.py -> sakurapool-0.1.0\src\sakurapool
copying src\sakurapool\models.py -> sakurapool-0.1.0\src\sakurapool
copying src\sakurapool\query.py -> sakurapool-0.1.0\src\sakurapool
copying src\sakurapool\registry.py -> sakurapool-0.1.0\src\sakurapool
copying src\sakurapool\schema.py -> sakurapool-0.1.0\src\sakurapool
copying src\sakurapool.egg-info\PKG-INFO -> sakurapool-0.1.0\src\sakurapool.egg-info
copying src\sakurapool.egg-info\SOURCES.txt -> sakurapool-0.1.0\src\sakurapool.egg-info
copying src\sakurapool.egg-info\dependency_links.txt -> sakurapool-0.1.0\src\sakurapool.egg-info
copying src\sakurapool.egg-info\entry_points.txt -> sakurapool-0.1.0\src\sakurapool.egg-info
copying src\sakurapool.egg-info\requires.txt -> sakurapool-0.1.0\src\sakurapool.egg-info
copying src\sakurapool.egg-info\top_level.txt -> sakurapool-0.1.0\src\sakurapool.egg-info
copying tests\test_evaluator.py -> sakurapool-0.1.0\tests
copying tests\test_indexer.py -> sakurapool-0.1.0\tests
copying tests\test_indexer_boundaries.py -> sakurapool-0.1.0\tests
copying tests\test_indexer_recovery.py -> sakurapool-0.1.0\tests
copying tests\test_query.py -> sakurapool-0.1.0\tests
copying tests\test_registry.py -> sakurapool-0.1.0\tests
copying tests\test_schema.py -> sakurapool-0.1.0\tests
copying src\sakurapool.egg-info\SOURCES.txt -> sakurapool-0.1.0\src\sakurapool.egg-info
Writing sakurapool-0.1.0\setup.cfg
Creating tar archive
removing 'sakurapool-0.1.0' (and everything under it)
* Building wheel from sdist
* Getting build dependencies for wheel...
running egg_info
writing src\sakurapool.egg-info\PKG-INFO
writing dependency_links to src\sakurapool.egg-info\dependency_links.txt
writing entry points to src\sakurapool.egg-info\entry_points.txt
writing requirements to src\sakurapool.egg-info\requires.txt
writing top-level names to src\sakurapool.egg-info\top_level.txt
reading manifest file 'src\sakurapool.egg-info\SOURCES.txt'
writing manifest file 'src\sakurapool.egg-info\SOURCES.txt'
* Building wheel...
running bdist_wheel
running build
running build_py
creating build\lib\sakurapool
copying src\sakurapool\cli.py -> build\lib\sakurapool
copying src\sakurapool\evaluator.py -> build\lib\sakurapool
copying src\sakurapool\indexer.py -> build\lib\sakurapool
copying src\sakurapool\models.py -> build\lib\sakurapool
copying src\sakurapool\query.py -> build\lib\sakurapool
copying src\sakurapool\registry.py -> build\lib\sakurapool
copying src\sakurapool\schema.py -> build\lib\sakurapool
copying src\sakurapool\__init__.py -> build\lib\sakurapool
copying src\sakurapool\__main__.py -> build\lib\sakurapool
running egg_info
writing src\sakurapool.egg-info\PKG-INFO
writing dependency_links to src\sakurapool.egg-info\dependency_links.txt
writing entry points to src\sakurapool.egg-info\entry_points.txt
writing requirements to src\sakurapool.egg-info\requires.txt
writing top-level names to src\sakurapool.egg-info\top_level.txt
reading manifest file 'src\sakurapool.egg-info\SOURCES.txt'
writing manifest file 'src\sakurapool.egg-info\SOURCES.txt'
installing to build\bdist.win-amd64\wheel
running install
running install_lib
creating build\bdist.win-amd64\wheel
creating build\bdist.win-amd64\wheel\sakurapool
copying build\lib\sakurapool\cli.py -> build\bdist.win-amd64\wheel\.\sakurapool
copying build\lib\sakurapool\evaluator.py -> build\bdist.win-amd64\wheel\.\sakurapool
copying build\lib\sakurapool\indexer.py -> build\bdist.win-amd64\wheel\.\sakurapool
copying build\lib\sakurapool\models.py -> build\bdist.win-amd64\wheel\.\sakurapool
copying build\lib\sakurapool\query.py -> build\bdist.win-amd64\wheel\.\sakurapool
copying build\lib\sakurapool\registry.py -> build\bdist.win-amd64\wheel\.\sakurapool
copying build\lib\sakurapool\schema.py -> build\bdist.win-amd64\wheel\.\sakurapool
copying build\lib\sakurapool\__init__.py -> build\bdist.win-amd64\wheel\.\sakurapool
copying build\lib\sakurapool\__main__.py -> build\bdist.win-amd64\wheel\.\sakurapool
running install_egg_info
Copying src\sakurapool.egg-info to build\bdist.win-amd64\wheel\.\sakurapool-0.1.0-py3.14.egg-info
running install_scripts
creating build\bdist.win-amd64\wheel\sakurapool-0.1.0.dist-info\WHEEL
creating 'D:\SakuraTool\SakuraPool\dist\.tmp-gjxi77_v\sakurapool-0.1.0-py3-none-any.whl' and adding 'build\bdist.win-amd64\wheel' to it
adding 'sakurapool/__init__.py'
adding 'sakurapool/__main__.py'
adding 'sakurapool/cli.py'
adding 'sakurapool/evaluator.py'
adding 'sakurapool/indexer.py'
adding 'sakurapool/models.py'
adding 'sakurapool/query.py'
adding 'sakurapool/registry.py'
adding 'sakurapool/schema.py'
adding 'sakurapool-0.1.0.dist-info/METADATA'
adding 'sakurapool-0.1.0.dist-info/WHEEL'
adding 'sakurapool-0.1.0.dist-info/entry_points.txt'
adding 'sakurapool-0.1.0.dist-info/top_level.txt'
adding 'sakurapool-0.1.0.dist-info/RECORD'
removing build\bdist.win-amd64\wheel
Successfully built sakurapool-0.1.0.tar.gz and sakurapool-0.1.0-py3-none-any.whl
