{"commit": "92dc235048634f6e6404133645bbfa9a7172a5cc", "command": ["D:\\SakuraTool\\SakuraPool\\.venv312finalr4\\Scripts\\python.exe", "D:\\SakuraTool\\SakuraPool\\tools\\bench_runtime.py", "--workdir", "D:\\SakuraTool\\SakuraPool\\.bench-cache-final-r4"], "cwd": "D:\\SakuraTool\\SakuraPool", "PYTHONPATH": "D:\\SakuraTool\\SakuraPool\\src"}
[100k] gen: 100000 samples
[100k] compile: starting (child process)
[100k] compile: 5.137s rss=159MiB temp=39MiB
[100k] query: starting (child process)
[100k] query: done
[100k] diff: 300 specs (child process)
[100k] diff: mismatches=0
[1M] gen: 1000000 samples
[1M] compile: starting (child process)
[1M] compile: 86.842s rss=250MiB temp=395MiB
[1M] query: starting (child process)
[1M] query: done
[5M] gen: 5000000 samples
[5M] compile: starting (child process)
[5M] compile: 474.758s rss=462MiB temp=1991MiB
[5M] query: starting (child process)
[5M] query: done
{
 "env": {
  "numpy": "2.2.6",
  "platform": "Windows-11-10.0.26100-SP0",
  "pyarrow": "18.1.0",
  "pyroaring": "1.1.0",
  "python": "3.12.13"
 },
 "memory_growth_5m_over_1m": 1.84,
 "module": {
  "mode": "worktree",
  "module_path": "D:\\SakuraTool\\SakuraPool\\src\\sakurapool\\__init__.py"
 },
 "platform": "Windows-11-10.0.26100-SP0",
 "python": "3.12.13",
 "run_fingerprint": "3fbad1ca69afe9fa9c7a03ae10096015270b5f85c1736d66bc3dc2a28dca3519",
 "scales": {
  "100k": {
   "compile": {
    "final_bytes": {
     "OWNER.json": 488,
     "READY": 64,
     "SNAPSHOT.json": 1499,
     "STAGE.txt": 5,
     "bitmaps.sqlite": 487424,
     "catalog.sqlite": 12058624,
     "locations.npy": 3900338
    },
    "module": {
     "mode": "worktree",
     "module_path": "D:\\SakuraTool\\SakuraPool\\src\\sakurapool\\__init__.py"
    },
    "peak_rss_bytes": 167481344,
    "peak_temp_bytes": 41026506,
    "rid_count": 100000,
    "run_id": "3fbad1ca69afe9fa9c7a03ae10096015270b5f85c1736d66bc3dc2a28dca3519",
    "scale": "100k",
    "snapshot_id": "8c314235b90104d4683b591f743f743632cee2360e9ced6433e701a8d0d2b03f",
    "wall_s": 5.137
   },
   "diff": {
    "mismatches": 0,
    "module": {
     "mode": "worktree",
     "module_path": "D:\\SakuraTool\\SakuraPool\\src\\sakurapool\\__init__.py"
    },
    "n_specs": 300,
    "peak_rss_bytes": 218042368,
    "rid_count": 100000,
    "run_id": "3fbad1ca69afe9fa9c7a03ae10096015270b5f85c1736d66bc3dc2a28dca3519",
    "scale": "100k"
   },
   "gates": {
    "note": "gates apply at 5M scale only"
   },
   "query": {
    "cache_bytes": 268435456,
    "cache_stats": {
     "evictions": 0,
     "hits": 165,
     "misses": 21,
     "resident_bytes": 45114,
     "resident_le_limit": true
    },
    "families": {
     "any_of_2": {
      "cold_10k_ms": 0.024,
      "cold_first128_ms": 0.14,
      "cold_plan_ms": 0.371,
      "count": 136,
      "warm_10k": {
       "max_ms": 0.023,
       "n": 5,
       "p50_ms": 0.022,
       "p95_ms": 0.023
      },
      "warm_first128_e2e": {
       "max_ms": 0.61,
       "n": 5,
       "p50_ms": 0.218,
       "p95_ms": 0.61
      },
      "warm_first128_extract": {
       "max_ms": 0.111,
       "n": 5,
       "p50_ms": 0.028,
       "p95_ms": 0.111
      },
      "warm_plan": {
       "max_ms": 0.515,
       "n": 5,
       "p50_ms": 0.284,
       "p95_ms": 0.515
      }
     },
     "hot": {
      "cold_10k_ms": 0.021,
      "cold_first128_ms": 0.151,
      "cold_plan_ms": 0.254,
      "count": 120,
      "warm_10k": {
       "max_ms": 0.025,
       "n": 5,
       "p50_ms": 0.023,
       "p95_ms": 0.025
      },
      "warm_first128_e2e": {
       "max_ms": 0.176,
       "n": 5,
       "p50_ms": 0.144,
       "p95_ms": 0.176
      },
      "warm_first128_extract": {
       "max_ms": 0.133,
       "n": 5,
       "p50_ms": 0.03,
       "p95_ms": 0.133
      },
      "warm_plan": {
       "max_ms": 0.294,
       "n": 5,
       "p50_ms": 0.122,
       "p95_ms": 0.294
      }
     },
     "hot_and_medium": {
      "cold_10k_ms": null,
      "cold_first128_ms": null,
      "cold_plan_ms": 0.27,
      "count": 0,
      "warm_10k": {
       "n": 0
      },
      "warm_first128_e2e": {
       "n": 0
      },
      "warm_first128_extract": {
       "n": 0
      },
      "warm_plan": {
       "max_ms": 0.286,
       "n": 5,
       "p50_ms": 0.201,
       "p95_ms": 0.286
      }
     },
     "not": {
      "cold_10k_ms": 0.016,
      "cold_first128_ms": 0.126,
      "cold_plan_ms": 0.537,
      "count": 101,
      "warm_10k": {
       "max_ms": 0.023,
       "n": 5,
       "p50_ms": 0.016,
       "p95_ms": 0.023
      },
      "warm_first128_e2e": {
       "max_ms": 0.295,
       "n": 5,
       "p50_ms": 0.169,
       "p95_ms": 0.295
      },
      "warm_first128_extract": {
       "max_ms": 0.085,
       "n": 5,
       "p50_ms": 0.029,
       "p95_ms": 0.085
      },
      "warm_plan": {
       "max_ms": 0.352,
       "n": 5,
       "p50_ms": 0.217,
       "p95_ms": 0.352
      }
     },
     "rare": {
      "cold_10k_ms": 0.01,
      "cold_first128_ms": 0.033,
      "cold_plan_ms": 0.18,
      "count": 1,
      "warm_10k": {
       "max_ms": 0.011,
       "n": 5,
       "p50_ms": 0.01,
       "p95_ms": 0.011
      },
      "warm_first128_e2e": {
       "max_ms": 0.153,
       "n": 5,
       "p50_ms": 0.133,
       "p95_ms": 0.153
      },
      "warm_first128_extract": {
       "max_ms": 0.018,
       "n": 5,
       "p50_ms": 0.015,
       "p95_ms": 0.018
      },
      "warm_plan": {
       "max_ms": 0.188,
       "n": 5,
       "p50_ms": 0.132,
       "p95_ms": 0.188
      }
     },
     "source_2tag": {
      "cold_10k_ms": 0.011,
      "cold_first128_ms": 0.042,
      "cold_plan_ms": 0.358,
      "count": 12,
      "warm_10k": {
       "max_ms": 0.019,
       "n": 5,
       "p50_ms": 0.012,
       "p95_ms": 0.019
      },
      "warm_first128_e2e": {
       "max_ms": 0.397,
       "n": 5,
       "p50_ms": 0.238,
       "p95_ms": 0.397
      },
      "warm_first128_extract": {
       "max_ms": 0.065,
       "n": 5,
       "p50_ms": 0.018,
       "p95_ms": 0.065
      },
      "warm_plan": {
       "max_ms": 0.801,
       "n": 5,
       "p50_ms": 0.256,
       "p95_ms": 0.801
      }
     },
     "source_only": {
      "cold_10k_ms": 1.558,
      "cold_first128_ms": 0.081,
      "cold_plan_ms": 0.333,
      "count": 50000,
      "warm_10k": {
       "max_ms": 1.616,
       "n": 5,
       "p50_ms": 1.294,
       "p95_ms": 1.616
      },
      "warm_first128_e2e": {
       "max_ms": 0.1,
       "n": 5,
       "p50_ms": 0.065,
       "p95_ms": 0.1
      },
      "warm_first128_extract": {
       "max_ms": 0.034,
       "n": 5,
       "p50_ms": 0.021,
       "p95_ms": 0.034
      },
      "warm_plan": {
       "max_ms": 0.145,
       "n": 5,
       "p50_ms": 0.073,
       "p95_ms": 0.145
      }
     },
     "three_tag_and": {
      "cold_10k_ms": null,
      "cold_first128_ms": null,
      "cold_plan_ms": 0.665,
      "count": 0,
      "warm_10k": {
       "n": 0
      },
      "warm_first128_e2e": {
       "n": 0
      },
      "warm_first128_extract": {
       "n": 0
      },
      "warm_plan": {
       "max_ms": 0.382,
       "n": 5,
       "p50_ms": 0.279,
       "p95_ms": 0.382
      }
     },
     "three_tag_or": {
      "cold_10k_ms": 0.156,
      "cold_first128_ms": 0.151,
      "cold_plan_ms": 0.392,
      "count": 335,
      "warm_10k": {
       "max_ms": 0.179,
       "n": 5,
       "p50_ms": 0.051,
       "p95_ms": 0.179
      },
      "warm_first128_e2e": {
       "max_ms": 0.318,
       "n": 5,
       "p50_ms": 0.283,
       "p95_ms": 0.318
      },
      "warm_first128_extract": {
       "max_ms": 0.106,
       "n": 5,
       "p50_ms": 0.038,
       "p95_ms": 0.106
      },
      "warm_plan": {
       "max_ms": 0.402,
       "n": 5,
       "p50_ms": 0.299,
       "p95_ms": 0.402
      }
     },
     "two_source_2tag": {
      "cold_10k_ms": null,
      "cold_first128_ms": null,
      "cold_plan_ms": 0.369,
      "count": 0,
      "warm_10k": {
       "n": 0
      },
      "warm_first128_e2e": {
       "n": 0
      },
      "warm_first128_extract": {
       "n": 0
      },
      "warm_plan": {
       "max_ms": 0.572,
       "n": 5,
       "p50_ms": 0.286,
       "p95_ms": 0.572
      }
     }
    },
    "large": {
     "count": 50000,
     "first100": 100,
     "first100_s": 0.0
    },
    "locations100k": {
     "rows": 50000,
     "s": 0.003
    },
    "module": {
     "mode": "worktree",
     "module_path": "D:\\SakuraTool\\SakuraPool\\src\\sakurapool\\__init__.py"
    },
    "open_s": 0.001,
    "peak_rss_bytes": 56823808,
    "rid_count": 100000,
    "run_id": "3fbad1ca69afe9fa9c7a03ae10096015270b5f85c1736d66bc3dc2a28dca3519",
    "scale": "100k"
   }
  },
  "1M": {
   "compile": {
    "final_bytes": {
     "OWNER.json": 488,
     "READY": 64,
     "SNAPSHOT.json": 1505,
     "STAGE.txt": 5,
     "bitmaps.sqlite": 3235840,
     "catalog.sqlite": 122331136,
     "locations.npy": 39000338
    },
    "module": {
     "mode": "worktree",
     "module_path": "D:\\SakuraTool\\SakuraPool\\src\\sakurapool\\__init__.py"
    },
    "peak_rss_bytes": 263155712,
    "peak_temp_bytes": 414408825,
    "rid_count": 1000000,
    "run_id": "3fbad1ca69afe9fa9c7a03ae10096015270b5f85c1736d66bc3dc2a28dca3519",
    "scale": "1M",
    "snapshot_id": "587019d2f8c9d029a0019639e08239094574dde5f17e4a2de01e62cc30be5c09",
    "wall_s": 86.842
   },
   "gates": {
    "note": "gates apply at 5M scale only"
   },
   "query": {
    "cache_bytes": 268435456,
    "cache_stats": {
     "evictions": 0,
     "hits": 161,
     "misses": 20,
     "resident_bytes": 305564,
     "resident_le_limit": true
    },
    "families": {
     "any_of_2": {
      "cold_10k_ms": 1.257,
      "cold_first128_ms": 0.144,
      "cold_plan_ms": 0.463,
      "count": 1696,
      "warm_10k": {
       "max_ms": 0.682,
       "n": 5,
       "p50_ms": 0.14,
       "p95_ms": 0.682
      },
      "warm_first128_e2e": {
       "max_ms": 0.258,
       "n": 5,
       "p50_ms": 0.223,
       "p95_ms": 0.258
      },
      "warm_first128_extract": {
       "max_ms": 0.057,
       "n": 5,
       "p50_ms": 0.025,
       "p95_ms": 0.057
      },
      "warm_plan": {
       "max_ms": 0.349,
       "n": 5,
       "p50_ms": 0.252,
       "p95_ms": 0.349
      }
     },
     "hot": {
      "cold_10k_ms": 1.229,
      "cold_first128_ms": 0.128,
      "cold_plan_ms": 0.264,
      "count": 1559,
      "warm_10k": {
       "max_ms": 1.149,
       "n": 5,
       "p50_ms": 0.114,
       "p95_ms": 1.149
      },
      "warm_first128_e2e": {
       "max_ms": 0.104,
       "n": 5,
       "p50_ms": 0.092,
       "p95_ms": 0.104
      },
      "warm_first128_extract": {
       "max_ms": 0.097,
       "n": 5,
       "p50_ms": 0.018,
       "p95_ms": 0.097
      },
      "warm_plan": {
       "max_ms": 0.217,
       "n": 5,
       "p50_ms": 0.087,
       "p95_ms": 0.217
      }
     },
     "hot_and_medium": {
      "cold_10k_ms": null,
      "cold_first128_ms": null,
      "cold_plan_ms": 0.326,
      "count": 0,
      "warm_10k": {
       "n": 0
      },
      "warm_first128_e2e": {
       "n": 0
      },
      "warm_first128_extract": {
       "n": 0
      },
      "warm_plan": {
       "max_ms": 0.207,
       "n": 5,
       "p50_ms": 0.133,
       "p95_ms": 0.207
      }
     },
     "not": {
      "cold_10k_ms": 0.915,
      "cold_first128_ms": 0.143,
      "cold_plan_ms": 0.575,
      "count": 1227,
      "warm_10k": {
       "max_ms": 0.51,
       "n": 5,
       "p50_ms": 0.096,
       "p95_ms": 0.51
      },
      "warm_first128_e2e": {
       "max_ms": 0.233,
       "n": 5,
       "p50_ms": 0.173,
       "p95_ms": 0.233
      },
      "warm_first128_extract": {
       "max_ms": 0.081,
       "n": 5,
       "p50_ms": 0.018,
       "p95_ms": 0.081
      },
      "warm_plan": {
       "max_ms": 0.433,
       "n": 5,
       "p50_ms": 0.159,
       "p95_ms": 0.433
      }
     },
     "rare": {
      "cold_10k_ms": 0.01,
      "cold_first128_ms": 0.047,
      "cold_plan_ms": 0.201,
      "count": 16,
      "warm_10k": {
       "max_ms": 0.007,
       "n": 5,
       "p50_ms": 0.007,
       "p95_ms": 0.007
      },
      "warm_first128_e2e": {
       "max_ms": 0.094,
       "n": 5,
       "p50_ms": 0.09,
       "p95_ms": 0.094
      },
      "warm_first128_extract": {
       "max_ms": 0.022,
       "n": 5,
       "p50_ms": 0.008,
       "p95_ms": 0.022
      },
      "warm_plan": {
       "max_ms": 0.125,
       "n": 5,
       "p50_ms": 0.086,
       "p95_ms": 0.125
      }
     },
     "source_2tag": {
      "cold_10k_ms": 0.057,
      "cold_first128_ms": 0.146,
      "cold_plan_ms": 0.498,
      "count": 161,
      "warm_10k": {
       "max_ms": 0.029,
       "n": 5,
       "p50_ms": 0.017,
       "p95_ms": 0.029
      },
      "warm_first128_e2e": {
       "max_ms": 0.209,
       "n": 5,
       "p50_ms": 0.204,
       "p95_ms": 0.209
      },
      "warm_first128_extract": {
       "max_ms": 0.072,
       "n": 5,
       "p50_ms": 0.016,
       "p95_ms": 0.072
      },
      "warm_plan": {
       "max_ms": 0.343,
       "n": 5,
       "p50_ms": 0.175,
       "p95_ms": 0.343
      }
     },
     "source_only": {
      "cold_10k_ms": 1.37,
      "cold_first128_ms": 0.07,
      "cold_plan_ms": 0.351,
      "count": 500000,
      "warm_10k": {
       "max_ms": 1.316,
       "n": 5,
       "p50_ms": 1.023,
       "p95_ms": 1.316
      },
      "warm_first128_e2e": {
       "max_ms": 0.084,
       "n": 5,
       "p50_ms": 0.073,
       "p95_ms": 0.084
      },
      "warm_first128_extract": {
       "max_ms": 0.037,
       "n": 5,
       "p50_ms": 0.019,
       "p95_ms": 0.037
      },
      "warm_plan": {
       "max_ms": 0.196,
       "n": 5,
       "p50_ms": 0.071,
       "p95_ms": 0.196
      }
     },
     "three_tag_and": {
      "cold_10k_ms": null,
      "cold_first128_ms": null,
      "cold_plan_ms": 0.354,
      "count": 0,
      "warm_10k": {
       "n": 0
      },
      "warm_first128_e2e": {
       "n": 0
      },
      "warm_first128_extract": {
       "n": 0
      },
      "warm_plan": {
       "max_ms": 0.28,
       "n": 5,
       "p50_ms": 0.193,
       "p95_ms": 0.28
      }
     },
     "three_tag_or": {
      "cold_10k_ms": 3.051,
      "cold_first128_ms": 0.113,
      "cold_plan_ms": 0.437,
      "count": 4134,
      "warm_10k": {
       "max_ms": 2.45,
       "n": 5,
       "p50_ms": 0.459,
       "p95_ms": 2.45
      },
      "warm_first128_e2e": {
       "max_ms": 0.223,
       "n": 5,
       "p50_ms": 0.2,
       "p95_ms": 0.223
      },
      "warm_first128_extract": {
       "max_ms": 0.059,
       "n": 5,
       "p50_ms": 0.028,
       "p95_ms": 0.059
      },
      "warm_plan": {
       "max_ms": 0.308,
       "n": 5,
       "p50_ms": 0.239,
       "p95_ms": 0.308
      }
     },
     "two_source_2tag": {
      "cold_10k_ms": null,
      "cold_first128_ms": null,
      "cold_plan_ms": 0.505,
      "count": 0,
      "warm_10k": {
       "n": 0
      },
      "warm_first128_e2e": {
       "n": 0
      },
      "warm_first128_extract": {
       "n": 0
      },
      "warm_plan": {
       "max_ms": 0.289,
       "n": 5,
       "p50_ms": 0.191,
       "p95_ms": 0.289
      }
     }
    },
    "large": {
     "count": 500000,
     "first100": 100,
     "first100_s": 0.0
    },
    "locations100k": {
     "rows": 100000,
     "s": 0.007
    },
    "module": {
     "mode": "worktree",
     "module_path": "D:\\SakuraTool\\SakuraPool\\src\\sakurapool\\__init__.py"
    },
    "open_s": 0.001,
    "peak_rss_bytes": 77737984,
    "rid_count": 1000000,
    "run_id": "3fbad1ca69afe9fa9c7a03ae10096015270b5f85c1736d66bc3dc2a28dca3519",
    "scale": "1M"
   }
  },
  "5M": {
   "compile": {
    "final_bytes": {
     "OWNER.json": 488,
     "READY": 64,
     "SNAPSHOT.json": 1508,
     "STAGE.txt": 5,
     "bitmaps.sqlite": 13598720,
     "catalog.sqlite": 624791552,
     "locations.npy": 195000338
    },
    "module": {
     "mode": "worktree",
     "module_path": "D:\\SakuraTool\\SakuraPool\\src\\sakurapool\\__init__.py"
    },
    "peak_rss_bytes": 484671488,
    "peak_temp_bytes": 2088730643,
    "rid_count": 5000000,
    "run_id": "3fbad1ca69afe9fa9c7a03ae10096015270b5f85c1736d66bc3dc2a28dca3519",
    "scale": "5M",
    "snapshot_id": "417ea6fb03ba268da0513fc8693e658b3284036af1c57bb64e96357dc1c830b3",
    "wall_s": 474.758
   },
   "gates": {
    "cache_resident_bounded": true,
    "first128_e2e_p95_500ms": true,
    "locations100k_reported": true,
    "ten_k_1s": true,
    "warm_count_p95_200ms": true
   },
   "query": {
    "cache_bytes": 268435456,
    "cache_stats": {
     "evictions": 0,
     "hits": 161,
     "misses": 20,
     "resident_bytes": 1410390,
     "resident_le_limit": true
    },
    "families": {
     "any_of_2": {
      "cold_10k_ms": 7.815,
      "cold_first128_ms": 0.144,
      "cold_plan_ms": 0.694,
      "count": 8287,
      "warm_10k": {
       "max_ms": 3.747,
       "n": 5,
       "p50_ms": 0.988,
       "p95_ms": 3.747
      },
      "warm_first128_e2e": {
       "max_ms": 0.292,
       "n": 5,
       "p50_ms": 0.271,
       "p95_ms": 0.292
      },
      "warm_first128_extract": {
       "max_ms": 0.073,
       "n": 5,
       "p50_ms": 0.033,
       "p95_ms": 0.073
      },
      "warm_plan": {
       "max_ms": 0.356,
       "n": 5,
       "p50_ms": 0.324,
       "p95_ms": 0.356
      }
     },
     "hot": {
      "cold_10k_ms": 6.883,
      "cold_first128_ms": 0.146,
      "cold_plan_ms": 0.247,
      "count": 7384,
      "warm_10k": {
       "max_ms": 6.488,
       "n": 5,
       "p50_ms": 0.634,
       "p95_ms": 6.488
      },
      "warm_first128_e2e": {
       "max_ms": 0.235,
       "n": 5,
       "p50_ms": 0.1,
       "p95_ms": 0.235
      },
      "warm_first128_extract": {
       "max_ms": 0.111,
       "n": 5,
       "p50_ms": 0.025,
       "p95_ms": 0.111
      },
      "warm_plan": {
       "max_ms": 0.239,
       "n": 5,
       "p50_ms": 0.108,
       "p95_ms": 0.239
      }
     },
     "hot_and_medium": {
      "cold_10k_ms": null,
      "cold_first128_ms": null,
      "cold_plan_ms": 0.341,
      "count": 0,
      "warm_10k": {
       "n": 0
      },
      "warm_first128_e2e": {
       "n": 0
      },
      "warm_first128_extract": {
       "n": 0
      },
      "warm_plan": {
       "max_ms": 0.241,
       "n": 5,
       "p50_ms": 0.142,
       "p95_ms": 0.241
      }
     },
     "not": {
      "cold_10k_ms": 5.627,
      "cold_first128_ms": 0.141,
      "cold_plan_ms": 1.233,
      "count": 6208,
      "warm_10k": {
       "max_ms": 3.564,
       "n": 5,
       "p50_ms": 0.548,
       "p95_ms": 3.564
      },
      "warm_first128_e2e": {
       "max_ms": 0.561,
       "n": 5,
       "p50_ms": 0.362,
       "p95_ms": 0.561
      },
      "warm_first128_extract": {
       "max_ms": 0.074,
       "n": 5,
       "p50_ms": 0.032,
       "p95_ms": 0.074
      },
      "warm_plan": {
       "max_ms": 1.083,
       "n": 5,
       "p50_ms": 0.363,
       "p95_ms": 1.083
      }
     },
     "rare": {
      "cold_10k_ms": 0.015,
      "cold_first128_ms": 0.155,
      "cold_plan_ms": 0.345,
      "count": 86,
      "warm_10k": {
       "max_ms": 0.014,
       "n": 5,
       "p50_ms": 0.012,
       "p95_ms": 0.014
      },
      "warm_first128_e2e": {
       "max_ms": 0.108,
       "n": 5,
       "p50_ms": 0.095,
       "p95_ms": 0.108
      },
      "warm_first128_extract": {
       "max_ms": 0.1,
       "n": 5,
       "p50_ms": 0.013,
       "p95_ms": 0.1
      },
      "warm_plan": {
       "max_ms": 0.168,
       "n": 5,
       "p50_ms": 0.082,
       "p95_ms": 0.168
      }
     },
     "source_2tag": {
      "cold_10k_ms": 0.549,
      "cold_first128_ms": 0.186,
      "cold_plan_ms": 0.881,
      "count": 638,
      "warm_10k": {
       "max_ms": 0.329,
       "n": 5,
       "p50_ms": 0.057,
       "p95_ms": 0.329
      },
      "warm_first128_e2e": {
       "max_ms": 0.316,
       "n": 5,
       "p50_ms": 0.23,
       "p95_ms": 0.316
      },
      "warm_first128_extract": {
       "max_ms": 0.155,
       "n": 5,
       "p50_ms": 0.021,
       "p95_ms": 0.155
      },
      "warm_plan": {
       "max_ms": 0.825,
       "n": 5,
       "p50_ms": 0.248,
       "p95_ms": 0.825
      }
     },
     "source_only": {
      "cold_10k_ms": 1.42,
      "cold_first128_ms": 0.075,
      "cold_plan_ms": 0.847,
      "count": 2500000,
      "warm_10k": {
       "max_ms": 1.449,
       "n": 5,
       "p50_ms": 1.041,
       "p95_ms": 1.449
      },
      "warm_first128_e2e": {
       "max_ms": 0.204,
       "n": 5,
       "p50_ms": 0.093,
       "p95_ms": 0.204
      },
      "warm_first128_extract": {
       "max_ms": 0.044,
       "n": 5,
       "p50_ms": 0.021,
       "p95_ms": 0.044
      },
      "warm_plan": {
       "max_ms": 0.553,
       "n": 5,
       "p50_ms": 0.102,
       "p95_ms": 0.553
      }
     },
     "three_tag_and": {
      "cold_10k_ms": null,
      "cold_first128_ms": null,
      "cold_plan_ms": 0.392,
      "count": 0,
      "warm_10k": {
       "n": 0
      },
      "warm_first128_e2e": {
       "n": 0
      },
      "warm_first128_extract": {
       "n": 0
      },
      "warm_plan": {
       "max_ms": 0.288,
       "n": 5,
       "p50_ms": 0.199,
       "p95_ms": 0.288
      }
     },
     "three_tag_or": {
      "cold_10k_ms": 12.918,
      "cold_first128_ms": 0.128,
      "cold_plan_ms": 0.5,
      "count": 20822,
      "warm_10k": {
       "max_ms": 10.061,
       "n": 5,
       "p50_ms": 1.557,
       "p95_ms": 10.061
      },
      "warm_first128_e2e": {
       "max_ms": 0.376,
       "n": 5,
       "p50_ms": 0.287,
       "p95_ms": 0.376
      },
      "warm_first128_extract": {
       "max_ms": 0.081,
       "n": 5,
       "p50_ms": 0.028,
       "p95_ms": 0.081
      },
      "warm_plan": {
       "max_ms": 0.529,
       "n": 5,
       "p50_ms": 0.37,
       "p95_ms": 0.529
      }
     },
     "two_source_2tag": {
      "cold_10k_ms": null,
      "cold_first128_ms": null,
      "cold_plan_ms": 0.409,
      "count": 0,
      "warm_10k": {
       "n": 0
      },
      "warm_first128_e2e": {
       "n": 0
      },
      "warm_first128_extract": {
       "n": 0
      },
      "warm_plan": {
       "max_ms": 0.344,
       "n": 5,
       "p50_ms": 0.234,
       "p95_ms": 0.344
      }
     }
    },
    "large": {
     "count": 2500000,
     "first100": 100,
     "first100_s": 0.0
    },
    "locations100k": {
     "rows": 100000,
     "s": 0.007
    },
    "module": {
     "mode": "worktree",
     "module_path": "D:\\SakuraTool\\SakuraPool\\src\\sakurapool\\__init__.py"
    },
    "open_s": 0.001,
    "peak_rss_bytes": 159952896,
    "rid_count": 5000000,
    "run_id": "3fbad1ca69afe9fa9c7a03ae10096015270b5f85c1736d66bc3dc2a28dca3519",
    "scale": "5M"
   }
  }
 }
}
exit=0
