{"commit": "92dc235048634f6e6404133645bbfa9a7172a5cc", "command": ["D:\\SakuraTool\\SakuraPool\\.venv312finalr4\\Scripts\\python.exe", "D:\\SakuraTool\\SakuraPool\\tools\\bench_runtime.py", "--workdir", "C:\\Users\\PC\\AppData\\Local\\Temp\\sp-final-r4-epfdqqc6\\bench", "--scale", "100k"], "cwd": "C:\\Users\\PC\\AppData\\Local\\Temp\\sp-final-r4-epfdqqc6", "PYTHONPATH": null}
[100k] gen: 100000 samples
[100k] compile: starting (child process)
[100k] compile: 6.327s rss=157MiB temp=39MiB
[100k] query: starting (child process)
[100k] query: done
[100k] diff: 300 specs (child process)
[100k] diff: mismatches=0
{
 "env": {
  "numpy": "2.2.6",
  "platform": "Windows-11-10.0.26100-SP0",
  "pyarrow": "18.1.0",
  "pyroaring": "1.1.0",
  "python": "3.12.13"
 },
 "module": {
  "mode": "installed",
  "module_path": "D:\\SakuraTool\\SakuraPool\\.venv312finalr4\\Lib\\site-packages\\sakurapool\\__init__.py"
 },
 "platform": "Windows-11-10.0.26100-SP0",
 "python": "3.12.13",
 "run_fingerprint": "3fbad1ca69afe9fa9c7a03ae10096015270b5f85c1736d66bc3dc2a28dca3519",
 "scales": {
  "100k": {
   "compile": {
    "final_bytes": {
     "OWNER.json": 488,
     "READY": 64,
     "SNAPSHOT.json": 1499,
     "STAGE.txt": 5,
     "bitmaps.sqlite": 487424,
     "catalog.sqlite": 12058624,
     "locations.npy": 3900338
    },
    "module": {
     "mode": "installed",
     "module_path": "D:\\SakuraTool\\SakuraPool\\.venv312finalr4\\Lib\\site-packages\\sakurapool\\__init__.py"
    },
    "peak_rss_bytes": 164712448,
    "peak_temp_bytes": 41026506,
    "rid_count": 100000,
    "run_id": "3fbad1ca69afe9fa9c7a03ae10096015270b5f85c1736d66bc3dc2a28dca3519",
    "scale": "100k",
    "snapshot_id": "8c314235b90104d4683b591f743f743632cee2360e9ced6433e701a8d0d2b03f",
    "wall_s": 6.327
   },
   "diff": {
    "mismatches": 0,
    "module": {
     "mode": "installed",
     "module_path": "D:\\SakuraTool\\SakuraPool\\.venv312finalr4\\Lib\\site-packages\\sakurapool\\__init__.py"
    },
    "n_specs": 300,
    "peak_rss_bytes": 214564864,
    "rid_count": 100000,
    "run_id": "3fbad1ca69afe9fa9c7a03ae10096015270b5f85c1736d66bc3dc2a28dca3519",
    "scale": "100k"
   },
   "gates": {
    "note": "gates apply at 5M scale only"
   },
   "query": {
    "cache_bytes": 268435456,
    "cache_stats": {
     "evictions": 0,
     "hits": 165,
     "misses": 21,
     "resident_bytes": 45114,
     "resident_le_limit": true
    },
    "families": {
     "any_of_2": {
      "cold_10k_ms": 0.025,
      "cold_first128_ms": 0.141,
      "cold_plan_ms": 0.398,
      "count": 136,
      "warm_10k": {
       "max_ms": 0.02,
       "n": 5,
       "p50_ms": 0.016,
       "p95_ms": 0.02
      },
      "warm_first128_e2e": {
       "max_ms": 0.239,
       "n": 5,
       "p50_ms": 0.23,
       "p95_ms": 0.239
      },
      "warm_first128_extract": {
       "max_ms": 0.065,
       "n": 5,
       "p50_ms": 0.016,
       "p95_ms": 0.065
      },
      "warm_plan": {
       "max_ms": 0.273,
       "n": 5,
       "p50_ms": 0.211,
       "p95_ms": 0.273
      }
     },
     "hot": {
      "cold_10k_ms": 0.019,
      "cold_first128_ms": 0.126,
      "cold_plan_ms": 0.218,
      "count": 120,
      "warm_10k": {
       "max_ms": 0.021,
       "n": 5,
       "p50_ms": 0.014,
       "p95_ms": 0.021
      },
      "warm_first128_e2e": {
       "max_ms": 0.202,
       "n": 5,
       "p50_ms": 0.14,
       "p95_ms": 0.202
      },
      "warm_first128_extract": {
       "max_ms": 0.131,
       "n": 5,
       "p50_ms": 0.021,
       "p95_ms": 0.131
      },
      "warm_plan": {
       "max_ms": 0.316,
       "n": 5,
       "p50_ms": 0.112,
       "p95_ms": 0.316
      }
     },
     "hot_and_medium": {
      "cold_10k_ms": null,
      "cold_first128_ms": null,
      "cold_plan_ms": 0.424,
      "count": 0,
      "warm_10k": {
       "n": 0
      },
      "warm_first128_e2e": {
       "n": 0
      },
      "warm_first128_extract": {
       "n": 0
      },
      "warm_plan": {
       "max_ms": 0.276,
       "n": 5,
       "p50_ms": 0.209,
       "p95_ms": 0.276
      }
     },
     "not": {
      "cold_10k_ms": 0.03,
      "cold_first128_ms": 0.171,
      "cold_plan_ms": 0.659,
      "count": 101,
      "warm_10k": {
       "max_ms": 0.036,
       "n": 5,
       "p50_ms": 0.017,
       "p95_ms": 0.036
      },
      "warm_first128_e2e": {
       "max_ms": 0.32,
       "n": 5,
       "p50_ms": 0.18,
       "p95_ms": 0.32
      },
      "warm_first128_extract": {
       "max_ms": 0.05,
       "n": 5,
       "p50_ms": 0.023,
       "p95_ms": 0.05
      },
      "warm_plan": {
       "max_ms": 0.325,
       "n": 5,
       "p50_ms": 0.199,
       "p95_ms": 0.325
      }
     },
     "rare": {
      "cold_10k_ms": 0.009,
      "cold_first128_ms": 0.026,
      "cold_plan_ms": 0.194,
      "count": 1,
      "warm_10k": {
       "max_ms": 0.009,
       "n": 5,
       "p50_ms": 0.007,
       "p95_ms": 0.009
      },
      "warm_first128_e2e": {
       "max_ms": 0.153,
       "n": 5,
       "p50_ms": 0.116,
       "p95_ms": 0.153
      },
      "warm_first128_extract": {
       "max_ms": 0.035,
       "n": 5,
       "p50_ms": 0.009,
       "p95_ms": 0.035
      },
      "warm_plan": {
       "max_ms": 0.158,
       "n": 5,
       "p50_ms": 0.13,
       "p95_ms": 0.158
      }
     },
     "source_2tag": {
      "cold_10k_ms": 0.011,
      "cold_first128_ms": 0.046,
      "cold_plan_ms": 0.398,
      "count": 12,
      "warm_10k": {
       "max_ms": 0.008,
       "n": 5,
       "p50_ms": 0.007,
       "p95_ms": 0.008
      },
      "warm_first128_e2e": {
       "max_ms": 0.219,
       "n": 5,
       "p50_ms": 0.199,
       "p95_ms": 0.219
      },
      "warm_first128_extract": {
       "max_ms": 0.021,
       "n": 5,
       "p50_ms": 0.008,
       "p95_ms": 0.021
      },
      "warm_plan": {
       "max_ms": 0.302,
       "n": 5,
       "p50_ms": 0.196,
       "p95_ms": 0.302
      }
     },
     "source_only": {
      "cold_10k_ms": 1.532,
      "cold_first128_ms": 0.063,
      "cold_plan_ms": 0.246,
      "count": 50000,
      "warm_10k": {
       "max_ms": 1.722,
       "n": 5,
       "p50_ms": 1.494,
       "p95_ms": 1.722
      },
      "warm_first128_e2e": {
       "max_ms": 0.104,
       "n": 5,
       "p50_ms": 0.093,
       "p95_ms": 0.104
      },
      "warm_first128_extract": {
       "max_ms": 0.037,
       "n": 5,
       "p50_ms": 0.034,
       "p95_ms": 0.037
      },
      "warm_plan": {
       "max_ms": 0.139,
       "n": 5,
       "p50_ms": 0.13,
       "p95_ms": 0.139
      }
     },
     "three_tag_and": {
      "cold_10k_ms": null,
      "cold_first128_ms": null,
      "cold_plan_ms": 0.543,
      "count": 0,
      "warm_10k": {
       "n": 0
      },
      "warm_first128_e2e": {
       "n": 0
      },
      "warm_first128_extract": {
       "n": 0
      },
      "warm_plan": {
       "max_ms": 0.333,
       "n": 5,
       "p50_ms": 0.216,
       "p95_ms": 0.333
      }
     },
     "three_tag_or": {
      "cold_10k_ms": 0.156,
      "cold_first128_ms": 0.146,
      "cold_plan_ms": 0.405,
      "count": 335,
      "warm_10k": {
       "max_ms": 0.141,
       "n": 5,
       "p50_ms": 0.029,
       "p95_ms": 0.141
      },
      "warm_first128_e2e": {
       "max_ms": 0.216,
       "n": 5,
       "p50_ms": 0.183,
       "p95_ms": 0.216
      },
      "warm_first128_extract": {
       "max_ms": 0.086,
       "n": 5,
       "p50_ms": 0.017,
       "p95_ms": 0.086
      },
      "warm_plan": {
       "max_ms": 0.312,
       "n": 5,
       "p50_ms": 0.173,
       "p95_ms": 0.312
      }
     },
     "two_source_2tag": {
      "cold_10k_ms": null,
      "cold_first128_ms": null,
      "cold_plan_ms": 0.426,
      "count": 0,
      "warm_10k": {
       "n": 0
      },
      "warm_first128_e2e": {
       "n": 0
      },
      "warm_first128_extract": {
       "n": 0
      },
      "warm_plan": {
       "max_ms": 0.326,
       "n": 5,
       "p50_ms": 0.212,
       "p95_ms": 0.326
      }
     }
    },
    "large": {
     "count": 50000,
     "first100": 100,
     "first100_s": 0.0
    },
    "locations100k": {
     "rows": 50000,
     "s": 0.004
    },
    "module": {
     "mode": "installed",
     "module_path": "D:\\SakuraTool\\SakuraPool\\.venv312finalr4\\Lib\\site-packages\\sakurapool\\__init__.py"
    },
    "open_s": 0.001,
    "peak_rss_bytes": 56766464,
    "rid_count": 100000,
    "run_id": "3fbad1ca69afe9fa9c7a03ae10096015270b5f85c1736d66bc3dc2a28dca3519",
    "scale": "100k"
   }
  }
 }
}
exit=0
