{"commit": "92dc235048634f6e6404133645bbfa9a7172a5cc", "command": ["git", "log", "--reverse", "--format=%H %s", "6c45548e..HEAD"], "cwd": "D:\\SakuraTool\\SakuraPool", "PYTHONPATH": null}
9d85c4bf570e5ae8e480850d29f9dbc105e1ce28 feat(runtime): add P3 v1 base and strict P2 inventory
8aaa2998330d74ca576c0e56a1629f499e23c83a feat(runtime): add P3 compiler, snapshot, query and CLI
d1852ea105c7e876bc5bb75d9c82831a1806b995 test(runtime): add synthetic P2 generator and determinism/crash coverage
6ee1841315c5f871445b86f62a0c828b6967b2d0 test(runtime): add EXPLAIN index proof and random differential
ea65bf27acc3fac450e86f9c0da30552c5e4d27e feat(runtime): add P3 benchmark tool and document the runtime
27939cbfb74a6b68ef9fb0252dd4e07cc6c111d7 fix(p3): reviewer A-H remediation (identity binding, fail-closed reuse, streaming hash, query API, P2-contract fixtures)
9d05e02c8434ebac4676f56566135accfedcbde9 fix(p3): benchmark measurement integrity (item I) + 32 MiB eviction evidence (item D)
9e62fd6b3b54eaebb906b9e5d484b7f1df316e13 fix(p3): correct open_s/locations100k measurement, refresh P3 docs to final tree
addaa7c86b2c17bdaa7cb1129669375431b75b0d docs(p3): commit P3 remediation report and evidence (A-J acceptance, pinned 3.12, final-tree benchmarks)
27799c5b20e4839a8c06f8717c90c468f300e307 fix(p3): ownership protocol for staging/publish, planner cardinality for source/dataset, real-Roaring eviction, env-bound bench fingerprint
7c2f220e1c9cb5b96e3352059556b0c748e11aaf feat(p3): record full env and run fingerprint in the benchmark artifact
24a00da5023753200b72907db02d87592a1a1e67 docs(p3): rebuild P3 report for reviewer round 2 (ownership protocol, wheel auth, env-bound benchmarks)
d15adcbb3077a80c40563a415ba885f4a8950aa1 fix(runtime): type/link audit, immutable publish, explicit bench import modes
912d7fb3fa8fc7e3cbb1cdfa79b35c4c718d08e3 chore: untrack pre-existing root working files committed in error
cef41a531dfa6f2654f39a1f4062a61190ec2af2 fix(runtime): load_p2_inventory must not iterate a bare str as characters
fd50516d7e1f8a0430c86a24499b8039a5ae39ab docs(p3): round 3 remediation report and full evidence rebuild
993207ee3f2288bbfe0a31e3d5662a191df62350 fix(runtime): recover owned rename-failed publishes; legal 32 MiB eviction test
92dc235048634f6e6404133645bbfa9a7172a5cc fix(runtime): verify interrupted publications before any repair
exit=0
