COMMAND=["D:\\SakuraTool\\SakuraPool-Fix3-20260930a\\python-env\\Scripts\\python.exe", "-m", "pytest", "-q", "-ra"]
STARTED_UTC=2026-09-30T10:21:57.529346+00:00
........................................................................ [ 12%]
........................................................................ [ 25%]
...........s............................................................ [ 38%]
.......................................F................................ [ 51%]
........................................................................ [ 64%]
........................................................................ [ 77%]
........................................................................ [ 90%]
.................................s.....................                  [100%]
================================== FAILURES ===================================
____ test_production_scan_build_package_block_before_any_http_or_artifact _____

    def test_production_scan_build_package_block_before_any_http_or_artifact():
        ledger = SimpleNamespace(root=DEFAULT_WORK_ROOT.absolute())
        class NoNetwork:
            def stream_object(self, *_args):
                pytest.fail("production scan must stop before HTTP")
        bound_tar = BoundObject("https://modelscope.cn/repo", 10240,
                                strong_etag=ETAG)
        with pytest.raises(BudgetExceeded, match="BLOCKED"):
            stage_tar(NoNetwork(), ledger, bound_tar,
                      ledger.root / "must-not-create-stage", DatasetAdapter("d", "s"))
        with pytest.raises(BudgetExceeded, match="BLOCKED"):
>           write_staged_v4(ledger, [], ledger.root / "must-not-create-durable",
                            DatasetAdapter("d", "s"))

tests\test_p4_transport.py:665: 
_ _ _ _ _ _ _ _ _ _ _ _ _ _ _ _ _ _ _ _ _ _ _ _ _ _ _ _ _ _ _ _ _ _ _ _ _ _ _ _

ledger = namespace(root=WindowsPath('D:/SakuraTool/SakuraPool-P4-work'))
frozen = []
output = WindowsPath('D:/SakuraTool/SakuraPool-P4-work/must-not-create-durable')
adapter = DatasetAdapter(dataset='d', source='s', storage_id='local', image_extensions=('.jpg', '.jpeg', '.png', '.webp', '.avif...='', tag_namespace='tags', tag_category='general', numeric_post_id=False, ignored_names=('README.md', 'manifest.json'))

    def write_staged_v4(ledger: BudgetLedger,
                        frozen: list[tuple[str, BoundObject, StagedObject]],
                        output: Path, adapter: DatasetAdapter,
                        *, audit_output: Path | None = None,
                        production_transport=None, _build_lease=None) -> dict[str, int]:
        """Build real P2 durable v4 from *all completed* frozen objects.
    
        No TAR read or network request. P2 scanner pairing/metadata/record writer
        and COMMIT contract are reused. Every object is verified *before* INPUT;
        the only release path is the local P3 compiler operating on this v4 root.
        """
>       if not ledger.offline_mode:
E       AttributeError: 'types.SimpleNamespace' object has no attribute 'offline_mode'

src\sakurapool\storage\remote_index.py:175: AttributeError
=========================== short test summary info ===========================
SKIPPED [1] tests\test_p4_package.py:179: host lacks symlink privilege: OSError
SKIPPED [1] tests\test_runtime_remediation.py:787: this OS/user cannot create file symlinks
FAILED tests/test_p4_transport.py::test_production_scan_build_package_block_before_any_http_or_artifact
1 failed, 556 passed, 2 skipped in 1895.19s (0:31:35)

FORMAL_EXIT_CODE=1
ELAPSED_SECONDS=1895.55
