START 2026-09-30T12:23:42+08:00
PWD /d/SakuraTool/SakuraPool
HEAD 66579d7f9e50575cefd17c6e56da87533af4bf5f
HEAD_TREE 79474ee7d251a54c07d4f0bba53b7b032a6f0420
CMD uv pip install --python D:/SakuraTool/SakuraPool-Fix3-20260930a/python-env/Scripts/python.exe -e .\[dev\,remote\] setuptools==75.6.0 
CARGO_TARGET_DIR=
SAKURAPOOL_RUST_WORKER=
PYTHONPATH=<unset>
Using Python 3.13.15 environment at: D:\SakuraTool\SakuraPool-Fix3-20260930a\python-env
Resolved 24 packages in 41ms
   Building sakurapool @ file:///D:/SakuraTool/SakuraPool
      Built sakurapool @ file:///D:/SakuraTool/SakuraPool
Prepared 3 packages in 2.71s
warning: Failed to hardlink files; falling back to full copy. This may lead to degraded performance.
         If the cache and target directories are on different filesystems, hardlinking may not be supported.
         If this is intentional, set `export UV_LINK_MODE=copy` or use `--link-mode=copy` to suppress this warning.
Installed 24 packages in 1.99s
 + build==1.2.2.post1
 + certifi==2026.7.22
 + cffi==2.1.1
 + charset-normalizer==3.5.1
 + colorama==0.4.6
 + cryptography==50.0.1
 + filelock==4.0.7
 + idna==3.20
 + iniconfig==2.3.0
 + modelscope-hub==0.4.0
 + numpy==2.2.6
 + packaging==26.3
 + pluggy==1.6.0
 + pyarrow==18.1.0
 + pycparser==3.0
 + pyproject-hooks==1.3.3
 + pyroaring==1.1.0
 + pytest==8.3.4
 + requests==2.32.5
 + ruff==0.9.2
 + sakurapool==0.1.0 (from file:///D:/SakuraTool/SakuraPool)
 + setuptools==75.6.0
 + tqdm==4.70.1
 + urllib3==2.8.0

EXIT_CODE=0
END 2026-09-30T12:23:48+08:00
