START 2026-09-30T12:58:27+08:00
PWD /d/SakuraTool/SakuraPool
HEAD 278b59831aba82da19bb533763e86b68ac6c2a55
HEAD_TREE 06dd1bba427d40849f3af4cab1a06c3fad6162e9
CMD D:/SakuraTool/SakuraPool-Fix3-20260930a/python-env/Scripts/python.exe reports/Python-venv-20260930/evidence/prune_venvs.py remaining 
CARGO_TARGET_DIR=
SAKURAPOOL_RUST_WORKER=
PYTHONPATH=<unset>
No broken requirements found.
PRE_DELETE_PROCESSES []
PRE_DELETE_BATCH {"timestamp": "2026-09-30T12:58:33.522787+08:00", "batch": "remaining", "keeper": "D:\\SakuraTool\\SakuraPool-Fix3-20260930a\\python-env", "audits": [{"path": "D:\\SakuraTool\\SakuraPool\\.venv", "root_junction_or_reparse": false, "descendant_junction_or_reparse": false, "cfg": "home = C:\\Users\\PC\\AppData\\Roaming\\uv\\python\\cpython-3.13-windows-x86_64-none\nimplementation = CPython\nuv = 0.12.5\nversion_info = 3.13\ninclude-system-site-packages = false\n", "logical_bytes": 132054, "allocated_file_bytes": 132054, "files": 18}, {"path": "D:\\SakuraTool\\SakuraPool\\.venv310s", "root_junction_or_reparse": false, "descendant_junction_or_reparse": false, "cfg": "home = C:\\Users\\PC\\AppData\\Roaming\\uv\\python\\cpython-3.10-windows-x86_64-none\nimplementation = CPython\nuv = 0.12.5\nversion_info = 3.10\ninclude-system-site-packages = false\n", "logical_bytes": 132961148, "allocated_file_bytes": 132961148, "files": 2634}, {"path": "D:\\SakuraTool\\SakuraPool\\.venv312", "root_junction_or_reparse": false, "descendant_junction_or_reparse": false, "cfg": "home = C:\\Users\\PC\\AppData\\Roaming\\uv\\python\\cpython-3.12-windows-x86_64-none\nimplementation = CPython\nuv = 0.12.5\nversion_info = 3.12\ninclude-system-site-packages = false\n", "logical_bytes": 177710461, "allocated_file_bytes": 177710461, "files": 3468}, {"path": "D:\\SakuraTool\\SakuraPool\\.venv312benchrepair", "root_junction_or_reparse": false, "descendant_junction_or_reparse": false, "cfg": "home = C:\\Users\\PC\\AppData\\Roaming\\uv\\python\\cpython-3.12-windows-x86_64-none\nimplementation = CPython\nuv = 0.12.5\nversion_info = 3.12\ninclude-system-site-packages = false\n", "logical_bytes": 168215302, "allocated_file_bytes": 168215302, "files": 2774}, {"path": "D:\\SakuraTool\\SakuraPool\\.venv312finalr4", "root_junction_or_reparse": false, "descendant_junction_or_reparse": false, "cfg": "home = C:\\Users\\PC\\AppData\\Roaming\\uv\\python\\cpython-3.12-windows-x86_64-none\nimplementation = CPython\nuv = 0.12.5\nversion_info = 3.12\ninclude-system-site-packages = false\n", "logical_bytes": 136802532, "allocated_file_bytes": 136802532, "files": 2763}, {"path": "D:\\SakuraTool\\SakuraPool\\.venv312r4", "root_junction_or_reparse": false, "descendant_junction_or_reparse": false, "cfg": "home = C:\\Users\\PC\\AppData\\Roaming\\uv\\python\\cpython-3.12-windows-x86_64-none\nimplementation = CPython\nuv = 0.12.5\nversion_info = 3.12\ninclude-system-site-packages = false\n", "logical_bytes": 136793551, "allocated_file_bytes": 136793551, "files": 2762}, {"path": "D:\\SakuraTool\\SakuraPool\\.venv312w", "root_junction_or_reparse": false, "descendant_junction_or_reparse": false, "cfg": "home = C:\\Users\\PC\\AppData\\Roaming\\uv\\python\\cpython-3.12-windows-x86_64-none\nimplementation = CPython\nuv = 0.12.5\nversion_info = 3.12\ninclude-system-site-packages = false\n", "logical_bytes": 141998883, "allocated_file_bytes": 141998883, "files": 3154}, {"path": "D:\\SakuraTool\\SakuraPool\\.venv312w2", "root_junction_or_reparse": false, "descendant_junction_or_reparse": false, "cfg": "home = C:\\Users\\PC\\AppData\\Roaming\\uv\\python\\cpython-3.12-windows-x86_64-none\nimplementation = CPython\nuv = 0.12.5\nversion_info = 3.12\ninclude-system-site-packages = false\n", "logical_bytes": 141972696, "allocated_file_bytes": 141972696, "files": 3148}, {"path": "D:\\SakuraTool\\SakuraPool\\.venv312w3", "root_junction_or_reparse": false, "descendant_junction_or_reparse": false, "cfg": "home = C:\\Users\\PC\\AppData\\Roaming\\uv\\python\\cpython-3.12-windows-x86_64-none\nimplementation = CPython\nuv = 0.12.5\nversion_info = 3.12\ninclude-system-site-packages = false\n", "logical_bytes": 142141625, "allocated_file_bytes": 142141625, "files": 3161}, {"path": "D:\\SakuraTool\\SakuraPool\\.venv313s", "root_junction_or_reparse": false, "descendant_junction_or_reparse": false, "cfg": "home = C:\\Users\\PC\\AppData\\Roaming\\uv\\python\\cpython-3.13-windows-x86_64-none\nimplementation = CPython\nuv = 0.12.5\nversion_info = 3.13\ninclude-system-site-packages = false\n", "logical_bytes": 132929300, "allocated_file_bytes": 132929300, "files": 2504}, {"path": "D:\\SakuraTool\\SakuraPool-Fix3-20260930a\\py312", "root_junction_or_reparse": false, "descendant_junction_or_reparse": false, "cfg": "home = C:\\Users\\PC\\AppData\\Roaming\\uv\\python\\cpython-3.12-windows-x86_64-none\nimplementation = CPython\nuv = 0.12.5\nversion_info = 3.12\ninclude-system-site-packages = false\n", "logical_bytes": 175413894, "allocated_file_bytes": 175413894, "files": 2596}, {"path": "D:\\SakuraTool\\SakuraPool-Fix3-20260930a\\wheel312", "root_junction_or_reparse": false, "descendant_junction_or_reparse": false, "cfg": "home = C:\\Users\\PC\\AppData\\Roaming\\uv\\python\\cpython-3.12-windows-x86_64-none\nimplementation = CPython\nuv = 0.12.5\nversion_info = 3.12\ninclude-system-site-packages = false\n", "logical_bytes": 174370877, "allocated_file_bytes": 174370877, "files": 2544}], "estimate": {"logical_bytes": 1661442323, "counted_allocated_file_bytes": 1661442323, "expected_releasable_file_extents_bytes": 1661442323, "note": "NTFS extents estimate; excludes directory metadata/concurrent changes"}, "volume_free_bytes": 473851121664, "p4_budget_counted_bytes": 1909657600, "offline_twohop_count": 339}
PRE_DELETE_PROCESSES []
DELETED_CONFIRMED_VENV "D:\\SakuraTool\\SakuraPool\\.venv"
PRE_DELETE_PROCESSES []
DELETED_CONFIRMED_VENV "D:\\SakuraTool\\SakuraPool\\.venv310s"
PRE_DELETE_PROCESSES []
DELETED_CONFIRMED_VENV "D:\\SakuraTool\\SakuraPool\\.venv312"
PRE_DELETE_PROCESSES []
DELETED_CONFIRMED_VENV "D:\\SakuraTool\\SakuraPool\\.venv312benchrepair"
PRE_DELETE_PROCESSES []
DELETED_CONFIRMED_VENV "D:\\SakuraTool\\SakuraPool\\.venv312finalr4"
PRE_DELETE_PROCESSES []
DELETED_CONFIRMED_VENV "D:\\SakuraTool\\SakuraPool\\.venv312r4"
PRE_DELETE_PROCESSES []
DELETED_CONFIRMED_VENV "D:\\SakuraTool\\SakuraPool\\.venv312w"
PRE_DELETE_PROCESSES []
DELETED_CONFIRMED_VENV "D:\\SakuraTool\\SakuraPool\\.venv312w2"
PRE_DELETE_PROCESSES []
DELETED_CONFIRMED_VENV "D:\\SakuraTool\\SakuraPool\\.venv312w3"
PRE_DELETE_PROCESSES []
DELETED_CONFIRMED_VENV "D:\\SakuraTool\\SakuraPool\\.venv313s"
PRE_DELETE_PROCESSES []
DELETED_CONFIRMED_VENV "D:\\SakuraTool\\SakuraPool-Fix3-20260930a\\py312"
PRE_DELETE_PROCESSES []
DELETED_CONFIRMED_VENV "D:\\SakuraTool\\SakuraPool-Fix3-20260930a\\wheel312"
POST_DELETE_BATCH {"batch": "remaining", "deleted_paths": ["D:\\SakuraTool\\SakuraPool\\.venv", "D:\\SakuraTool\\SakuraPool\\.venv310s", "D:\\SakuraTool\\SakuraPool\\.venv312", "D:\\SakuraTool\\SakuraPool\\.venv312benchrepair", "D:\\SakuraTool\\SakuraPool\\.venv312finalr4", "D:\\SakuraTool\\SakuraPool\\.venv312r4", "D:\\SakuraTool\\SakuraPool\\.venv312w", "D:\\SakuraTool\\SakuraPool\\.venv312w2", "D:\\SakuraTool\\SakuraPool\\.venv312w3", "D:\\SakuraTool\\SakuraPool\\.venv313s", "D:\\SakuraTool\\SakuraPool-Fix3-20260930a\\py312", "D:\\SakuraTool\\SakuraPool-Fix3-20260930a\\wheel312"], "volume_free_bytes": 475571675136, "volume_free_delta_bytes": 1720553472, "p4_budget_counted_bytes": 1909657600, "offline_twohop_count": 339, "offline_twohop_names_unchanged": true}

EXIT_CODE=0
END 2026-09-30T12:58:44+08:00
