START 2026-09-30T12:17:02+08:00
PWD /d/SakuraTool/SakuraPool
HEAD 66579d7f9e50575cefd17c6e56da87533af4bf5f
HEAD_TREE 79474ee7d251a54c07d4f0bba53b7b032a6f0420
CMD D:/SakuraTool/SakuraPool-Fix3-20260930a/py312/Scripts/python.exe reports/Python-venv-20260930/evidence/inventory.py 
CARGO_TARGET_DIR=
SAKURAPOOL_RUST_WORKER=
PYTHONPATH=<unset>
{
  "timestamp": "2026-09-30T12:17:13.025194+08:00",
  "search_roots": [
    "D:\\SakuraTool\\SakuraPool",
    "D:\\SakuraTool\\SakuraPool-P4-work",
    "D:\\SakuraTool\\SakuraPool-Fix3-20260930a",
    "D:\\SakuraTool\\SakuraPool-p2-merge",
    "D:\\SakuraTool\\P3-merge-a3a061-receipt"
  ],
  "skipped_reparse_paths": [],
  "virtual_env_variable": null,
  "confirmed_count": 20,
  "environments": [
    {
      "path": "D:\\SakuraTool\\SakuraPool\\.venv",
      "root_reparse": false,
      "cfg": "home = C:\\Users\\PC\\AppData\\Roaming\\uv\\python\\cpython-3.13-windows-x86_64-none\nimplementation = CPython\nuv = 0.12.5\nversion_info = 3.13\ninclude-system-site-packages = false\n",
      "cfg_sha256": "204d88147fd3c65e49617f20ae57eb31947d61ea04424524bea52e480685708a",
      "interpreter_exit": 0,
      "logical_bytes": 132054,
      "unique_link_logical_bytes": 132054,
      "files": 18,
      "descendant_reparse_paths": [],
      "profile": {
        "version": "3.13.13 (main, May 10 2026, 19:31:06) [MSC v.1944 64 bit (AMD64)]",
        "executable": "D:\\SakuraTool\\SakuraPool\\.venv\\Scripts\\python.exe",
        "prefix": "D:\\SakuraTool\\SakuraPool\\.venv",
        "base_prefix": "C:\\Users\\PC\\AppData\\Roaming\\uv\\python\\cpython-3.13-windows-x86_64-none",
        "versions": {
          "sakurapool": null,
          "pyarrow": null,
          "numpy": null,
          "pyroaring": null,
          "pytest": null,
          "ruff": null,
          "build": null,
          "requests": null,
          "modelscope-hub": null,
          "pip": null
        },
        "direct_url": null
      },
      "active_executable_pids": []
    },
    {
      "path": "D:\\SakuraTool\\SakuraPool\\.venv310s",
      "root_reparse": false,
      "cfg": "home = C:\\Users\\PC\\AppData\\Roaming\\uv\\python\\cpython-3.10-windows-x86_64-none\nimplementation = CPython\nuv = 0.12.5\nversion_info = 3.10\ninclude-system-site-packages = false\n",
      "cfg_sha256": "3d577c0bd8ada25a5fcbc08ffae85bd9b32c92dbc5cad9da9fdeb2d0893cdb00",
      "interpreter_exit": 0,
      "logical_bytes": 132961148,
      "unique_link_logical_bytes": 132961148,
      "files": 2634,
      "descendant_reparse_paths": [],
      "profile": {
        "version": "3.10.21 (main, Aug 14 2026, 15:34:01) [MSC v.1944 64 bit (AMD64)]",
        "executable": "D:\\SakuraTool\\SakuraPool\\.venv310s\\Scripts\\python.exe",
        "prefix": "D:\\SakuraTool\\SakuraPool\\.venv310s",
        "base_prefix": "C:\\Users\\PC\\AppData\\Roaming\\uv\\python\\cpython-3.10-windows-x86_64-none",
        "versions": {
          "sakurapool": "0.1.0",
          "pyarrow": "18.1.0",
          "numpy": "2.2.6",
          "pyroaring": "1.1.0",
          "pytest": null,
          "ruff": null,
          "build": null,
          "requests": null,
          "modelscope-hub": null,
          "pip": "26.2.1"
        },
        "direct_url": "{\"url\":\"file:///D:/SakuraTool/SakuraPool/build/bench-repair-wheel/sakurapool-0.1.0-py3-none-any.whl\",\"archive_info\":{}}"
      },
      "active_executable_pids": []
    },
    {
      "path": "D:\\SakuraTool\\SakuraPool\\.venv312",
      "root_reparse": false,
      "cfg": "home = C:\\Users\\PC\\AppData\\Roaming\\uv\\python\\cpython-3.12-windows-x86_64-none\nimplementation = CPython\nuv = 0.12.5\nversion_info = 3.12\ninclude-system-site-packages = false\n",
      "cfg_sha256": "2c2fb79a426f544148585e63a6a1f1d86fdea42cbc111699d847cf1f098275b0",
      "interpreter_exit": 0,
      "logical_bytes": 177710461,
      "unique_link_logical_bytes": 177710461,
      "files": 3468,
      "descendant_reparse_paths": [],
      "profile": {
        "version": "3.12.13 (main, May 10 2026, 19:35:37) [MSC v.1944 64 bit (AMD64)]",
        "executable": "D:\\SakuraTool\\SakuraPool\\.venv312\\Scripts\\python.exe",
        "prefix": "D:\\SakuraTool\\SakuraPool\\.venv312",
        "base_prefix": "C:\\Users\\PC\\AppData\\Roaming\\uv\\python\\cpython-3.12-windows-x86_64-none",
        "versions": {
          "sakurapool": "0.1.0",
          "pyarrow": "18.1.0",
          "numpy": "2.2.6",
          "pyroaring": "1.1.0",
          "pytest": "9.1.1",
          "ruff": "0.9.2",
          "build": null,
          "requests": "2.32.5",
          "modelscope-hub": null,
          "pip": "26.2.1"
        },
        "direct_url": "{\"url\":\"file:///D:/SakuraTool/SakuraPool\",\"dir_info\":{\"editable\":true}}"
      },
      "active_executable_pids": []
    },
    {
      "path": "D:\\SakuraTool\\SakuraPool\\.venv312benchrepair",
      "root_reparse": false,
      "cfg": "home = C:\\Users\\PC\\AppData\\Roaming\\uv\\python\\cpython-3.12-windows-x86_64-none\nimplementation = CPython\nuv = 0.12.5\nversion_info = 3.12\ninclude-system-site-packages = false\n",
      "cfg_sha256": "2c2fb79a426f544148585e63a6a1f1d86fdea42cbc111699d847cf1f098275b0",
      "interpreter_exit": 0,
      "logical_bytes": 168215302,
      "unique_link_logical_bytes": 168215302,
      "files": 2774,
      "descendant_reparse_paths": [],
      "profile": {
        "version": "3.12.13 (main, May 10 2026, 19:35:37) [MSC v.1944 64 bit (AMD64)]",
        "executable": "D:\\SakuraTool\\SakuraPool\\.venv312benchrepair\\Scripts\\python.exe",
        "prefix": "D:\\SakuraTool\\SakuraPool\\.venv312benchrepair",
        "base_prefix": "C:\\Users\\PC\\AppData\\Roaming\\uv\\python\\cpython-3.12-windows-x86_64-none",
        "versions": {
          "sakurapool": "0.1.0",
          "pyarrow": "18.1.0",
          "numpy": "2.2.6",
          "pyroaring": "1.1.0",
          "pytest": "8.3.4",
          "ruff": "0.9.2",
          "build": null,
          "requests": null,
          "modelscope-hub": null,
          "pip": "26.2.1"
        },
        "direct_url": "{\"url\":\"file:///D:/SakuraTool/SakuraPool/build/bench-repair-wheel/sakurapool-0.1.0-py3-none-any.whl\",\"archive_info\":{}}"
      },
      "active_executable_pids": []
    },
    {
      "path": "D:\\SakuraTool\\SakuraPool\\.venv312finalr4",
      "root_reparse": false,
      "cfg": "home = C:\\Users\\PC\\AppData\\Roaming\\uv\\python\\cpython-3.12-windows-x86_64-none\nimplementation = CPython\nuv = 0.12.5\nversion_info = 3.12\ninclude-system-site-packages = false\n",
      "cfg_sha256": "2c2fb79a426f544148585e63a6a1f1d86fdea42cbc111699d847cf1f098275b0",
      "interpreter_exit": 0,
      "logical_bytes": 136802532,
      "unique_link_logical_bytes": 136802532,
      "files": 2763,
      "descendant_reparse_paths": [],
      "profile": {
        "version": "3.12.13 (main, May 10 2026, 19:35:37) [MSC v.1944 64 bit (AMD64)]",
        "executable": "D:\\SakuraTool\\SakuraPool\\.venv312finalr4\\Scripts\\python.exe",
        "prefix": "D:\\SakuraTool\\SakuraPool\\.venv312finalr4",
        "base_prefix": "C:\\Users\\PC\\AppData\\Roaming\\uv\\python\\cpython-3.12-windows-x86_64-none",
        "versions": {
          "sakurapool": "0.1.0",
          "pyarrow": "18.1.0",
          "numpy": "2.2.6",
          "pyroaring": "1.1.0",
          "pytest": "8.3.4",
          "ruff": null,
          "build": null,
          "requests": null,
          "modelscope-hub": null,
          "pip": "26.2.1"
        },
        "direct_url": "{\"url\":\"file:///D:/SakuraTool/SakuraPool/build/final-r4-wheel/sakurapool-0.1.0-py3-none-any.whl\",\"archive_info\":{}}"
      },
      "active_executable_pids": []
    },
    {
      "path": "D:\\SakuraTool\\SakuraPool\\.venv312r4",
      "root_reparse": false,
      "cfg": "home = C:\\Users\\PC\\AppData\\Roaming\\uv\\python\\cpython-3.12-windows-x86_64-none\nimplementation = CPython\nuv = 0.12.5\nversion_info = 3.12\ninclude-system-site-packages = false\n",
      "cfg_sha256": "2c2fb79a426f544148585e63a6a1f1d86fdea42cbc111699d847cf1f098275b0",
      "interpreter_exit": 0,
      "logical_bytes": 136793551,
      "unique_link_logical_bytes": 136793551,
      "files": 2762,
      "descendant_reparse_paths": [],
      "profile": {
        "version": "3.12.13 (main, May 10 2026, 19:35:37) [MSC v.1944 64 bit (AMD64)]",
        "executable": "D:\\SakuraTool\\SakuraPool\\.venv312r4\\Scripts\\python.exe",
        "prefix": "D:\\SakuraTool\\SakuraPool\\.venv312r4",
        "base_prefix": "C:\\Users\\PC\\AppData\\Roaming\\uv\\python\\cpython-3.12-windows-x86_64-none",
        "versions": {
          "sakurapool": "0.1.0",
          "pyarrow": "18.1.0",
          "numpy": "2.2.6",
          "pyroaring": "1.1.0",
          "pytest": "8.3.4",
          "ruff": null,
          "build": null,
          "requests": null,
          "modelscope-hub": null,
          "pip": "26.2.1"
        },
        "direct_url": "{\"url\":\"file:///D:/SakuraTool/SakuraPool/build/r4-wheel/sakurapool-0.1.0-py3-none-any.whl\",\"archive_info\":{}}"
      },
      "active_executable_pids": []
    },
    {
      "path": "D:\\SakuraTool\\SakuraPool\\.venv312w",
      "root_reparse": false,
      "cfg": "home = C:\\Users\\PC\\AppData\\Roaming\\uv\\python\\cpython-3.12-windows-x86_64-none\nimplementation = CPython\nuv = 0.12.5\nversion_info = 3.12\ninclude-system-site-packages = false\n",
      "cfg_sha256": "2c2fb79a426f544148585e63a6a1f1d86fdea42cbc111699d847cf1f098275b0",
      "interpreter_exit": 0,
      "logical_bytes": 141998883,
      "unique_link_logical_bytes": 141998883,
      "files": 3154,
      "descendant_reparse_paths": [],
      "profile": {
        "version": "3.12.13 (main, May 10 2026, 19:35:37) [MSC v.1944 64 bit (AMD64)]",
        "executable": "D:\\SakuraTool\\SakuraPool\\.venv312w\\Scripts\\python.exe",
        "prefix": "D:\\SakuraTool\\SakuraPool\\.venv312w",
        "base_prefix": "C:\\Users\\PC\\AppData\\Roaming\\uv\\python\\cpython-3.12-windows-x86_64-none",
        "versions": {
          "sakurapool": "0.1.0",
          "pyarrow": "18.1.0",
          "numpy": "2.2.6",
          "pyroaring": "1.1.0",
          "pytest": "9.1.1",
          "ruff": null,
          "build": null,
          "requests": null,
          "modelscope-hub": null,
          "pip": "26.2.1"
        },
        "direct_url": "{\"url\":\"file:///D:/SakuraTool/SakuraPool/dist/sakurapool-0.1.0-py3-none-any.whl\",\"archive_info\":{}}"
      },
      "active_executable_pids": []
    },
    {
      "path": "D:\\SakuraTool\\SakuraPool\\.venv312w2",
      "root_reparse": false,
      "cfg": "home = C:\\Users\\PC\\AppData\\Roaming\\uv\\python\\cpython-3.12-windows-x86_64-none\nimplementation = CPython\nuv = 0.12.5\nversion_info = 3.12\ninclude-system-site-packages = false\n",
      "cfg_sha256": "2c2fb79a426f544148585e63a6a1f1d86fdea42cbc111699d847cf1f098275b0",
      "interpreter_exit": 0,
      "logical_bytes": 141972696,
      "unique_link_logical_bytes": 141972696,
      "files": 3148,
      "descendant_reparse_paths": [],
      "profile": {
        "version": "3.12.13 (main, May 10 2026, 19:35:37) [MSC v.1944 64 bit (AMD64)]",
        "executable": "D:\\SakuraTool\\SakuraPool\\.venv312w2\\Scripts\\python.exe",
        "prefix": "D:\\SakuraTool\\SakuraPool\\.venv312w2",
        "base_prefix": "C:\\Users\\PC\\AppData\\Roaming\\uv\\python\\cpython-3.12-windows-x86_64-none",
        "versions": {
          "sakurapool": "0.1.0",
          "pyarrow": "18.1.0",
          "numpy": "2.2.6",
          "pyroaring": "1.1.0",
          "pytest": "9.1.1",
          "ruff": null,
          "build": null,
          "requests": null,
          "modelscope-hub": null,
          "pip": "26.2.1"
        },
        "direct_url": "{\"url\":\"file:///D:/SakuraTool/SakuraPool/dist/sakurapool-0.1.0-py3-none-any.whl\",\"archive_info\":{}}"
      },
      "active_executable_pids": []
    },
    {
      "path": "D:\\SakuraTool\\SakuraPool\\.venv312w3",
      "root_reparse": false,
      "cfg": "home = C:\\Users\\PC\\AppData\\Roaming\\uv\\python\\cpython-3.12-windows-x86_64-none\nimplementation = CPython\nuv = 0.12.5\nversion_info = 3.12\ninclude-system-site-packages = false\n",
      "cfg_sha256": "2c2fb79a426f544148585e63a6a1f1d86fdea42cbc111699d847cf1f098275b0",
      "interpreter_exit": 0,
      "logical_bytes": 142141625,
      "unique_link_logical_bytes": 142141625,
      "files": 3161,
      "descendant_reparse_paths": [],
      "profile": {
        "version": "3.12.13 (main, May 10 2026, 19:35:37) [MSC v.1944 64 bit (AMD64)]",
        "executable": "D:\\SakuraTool\\SakuraPool\\.venv312w3\\Scripts\\python.exe",
        "prefix": "D:\\SakuraTool\\SakuraPool\\.venv312w3",
        "base_prefix": "C:\\Users\\PC\\AppData\\Roaming\\uv\\python\\cpython-3.12-windows-x86_64-none",
        "versions": {
          "sakurapool": "0.1.0",
          "pyarrow": "18.1.0",
          "numpy": "2.2.6",
          "pyroaring": "1.1.0",
          "pytest": "9.1.1",
          "ruff": null,
          "build": null,
          "requests": null,
          "modelscope-hub": null,
          "pip": "26.2.1"
        },
        "direct_url": "{\"url\":\"file:///D:/SakuraTool/SakuraPool/dist/sakurapool-0.1.0-py3-none-any.whl\",\"archive_info\":{}}"
      },
      "active_executable_pids": []
    },
    {
      "path": "D:\\SakuraTool\\SakuraPool\\.venv313s",
      "root_reparse": false,
      "cfg": "home = C:\\Users\\PC\\AppData\\Roaming\\uv\\python\\cpython-3.13-windows-x86_64-none\nimplementation = CPython\nuv = 0.12.5\nversion_info = 3.13\ninclude-system-site-packages = false\n",
      "cfg_sha256": "204d88147fd3c65e49617f20ae57eb31947d61ea04424524bea52e480685708a",
      "interpreter_exit": 0,
      "logical_bytes": 132929300,
      "unique_link_logical_bytes": 132929300,
      "files": 2504,
      "descendant_reparse_paths": [],
      "profile": {
        "version": "3.13.13 (main, May 10 2026, 19:31:06) [MSC v.1944 64 bit (AMD64)]",
        "executable": "D:\\SakuraTool\\SakuraPool\\.venv313s\\Scripts\\python.exe",
        "prefix": "D:\\SakuraTool\\SakuraPool\\.venv313s",
        "base_prefix": "C:\\Users\\PC\\AppData\\Roaming\\uv\\python\\cpython-3.13-windows-x86_64-none",
        "versions": {
          "sakurapool": "0.1.0",
          "pyarrow": "18.1.0",
          "numpy": "2.2.6",
          "pyroaring": "1.1.0",
          "pytest": null,
          "ruff": null,
          "build": null,
          "requests": null,
          "modelscope-hub": null,
          "pip": "26.2.1"
        },
        "direct_url": "{\"url\":\"file:///D:/SakuraTool/SakuraPool/build/bench-repair-wheel/sakurapool-0.1.0-py3-none-any.whl\",\"archive_info\":{}}"
      },
      "active_executable_pids": []
    },
    {
      "path": "D:\\SakuraTool\\SakuraPool-Fix3-20260930a\\py312",
      "root_reparse": false,
      "cfg": "home = C:\\Users\\PC\\AppData\\Roaming\\uv\\python\\cpython-3.12-windows-x86_64-none\nimplementation = CPython\nuv = 0.12.5\nversion_info = 3.12\ninclude-system-site-packages = false\n",
      "cfg_sha256": "2c2fb79a426f544148585e63a6a1f1d86fdea42cbc111699d847cf1f098275b0",
      "interpreter_exit": 0,
      "logical_bytes": 175413894,
      "unique_link_logical_bytes": 175413894,
      "files": 2596,
      "descendant_reparse_paths": [],
      "profile": {
        "version": "3.12.13 (main, May 10 2026, 19:35:37) [MSC v.1944 64 bit (AMD64)]",
        "executable": "D:\\SakuraTool\\SakuraPool-Fix3-20260930a\\py312\\Scripts\\python.exe",
        "prefix": "D:\\SakuraTool\\SakuraPool-Fix3-20260930a\\py312",
        "base_prefix": "C:\\Users\\PC\\AppData\\Roaming\\uv\\python\\cpython-3.12-windows-x86_64-none",
        "versions": {
          "sakurapool": "0.1.0",
          "pyarrow": "18.1.0",
          "numpy": "2.2.6",
          "pyroaring": "1.1.0",
          "pytest": "8.3.4",
          "ruff": "0.9.2",
          "build": "1.2.2.post1",
          "requests": "2.32.5",
          "modelscope-hub": "0.4.0",
          "pip": null
        },
        "direct_url": "{\"url\":\"file:///D:/SakuraTool/SakuraPool\",\"dir_info\":{\"editable\":true}}"
      },
      "active_executable_pids": [
        16888
      ]
    },
    {
      "path": "D:\\SakuraTool\\SakuraPool-Fix3-20260930a\\wheel312",
      "root_reparse": false,
      "cfg": "home = C:\\Users\\PC\\AppData\\Roaming\\uv\\python\\cpython-3.12-windows-x86_64-none\nimplementation = CPython\nuv = 0.12.5\nversion_info = 3.12\ninclude-system-site-packages = false\n",
      "cfg_sha256": "2c2fb79a426f544148585e63a6a1f1d86fdea42cbc111699d847cf1f098275b0",
      "interpreter_exit": 0,
      "logical_bytes": 174370877,
      "unique_link_logical_bytes": 174370877,
      "files": 2544,
      "descendant_reparse_paths": [],
      "profile": {
        "version": "3.12.13 (main, May 10 2026, 19:35:37) [MSC v.1944 64 bit (AMD64)]",
        "executable": "D:\\SakuraTool\\SakuraPool-Fix3-20260930a\\wheel312\\Scripts\\python.exe",
        "prefix": "D:\\SakuraTool\\SakuraPool-Fix3-20260930a\\wheel312",
        "base_prefix": "C:\\Users\\PC\\AppData\\Roaming\\uv\\python\\cpython-3.12-windows-x86_64-none",
        "versions": {
          "sakurapool": "0.1.0",
          "pyarrow": "18.1.0",
          "numpy": "2.2.6",
          "pyroaring": "1.1.0",
          "pytest": "8.3.4",
          "ruff": "0.9.2",
          "build": "1.2.2.post1",
          "requests": "2.32.5",
          "modelscope-hub": "0.4.0",
          "pip": null
        },
        "direct_url": "{\"url\":\"file:///D:/SakuraTool/SakuraPool-Fix3-20260930a/wheels/sakurapool-0.1.0-py3-none-any.whl\",\"archive_info\":{}}"
      },
      "active_executable_pids": []
    },
    {
      "path": "D:\\SakuraTool\\SakuraPool-P4-work\\.venv312",
      "root_reparse": false,
      "cfg": "home = C:\\Users\\PC\\AppData\\Roaming\\uv\\python\\cpython-3.12-windows-x86_64-none\nimplementation = CPython\nuv = 0.12.5\nversion_info = 3.12\ninclude-system-site-packages = false\n",
      "cfg_sha256": "2c2fb79a426f544148585e63a6a1f1d86fdea42cbc111699d847cf1f098275b0",
      "interpreter_exit": 0,
      "logical_bytes": 175153735,
      "unique_link_logical_bytes": 175153735,
      "files": 2549,
      "descendant_reparse_paths": [],
      "profile": {
        "version": "3.12.13 (main, May 10 2026, 19:35:37) [MSC v.1944 64 bit (AMD64)]",
        "executable": "D:\\SakuraTool\\SakuraPool-P4-work\\.venv312\\Scripts\\python.exe",
        "prefix": "D:\\SakuraTool\\SakuraPool-P4-work\\.venv312",
        "base_prefix": "C:\\Users\\PC\\AppData\\Roaming\\uv\\python\\cpython-3.12-windows-x86_64-none",
        "versions": {
          "sakurapool": null,
          "pyarrow": "18.1.0",
          "numpy": "2.2.6",
          "pyroaring": "1.1.0",
          "pytest": "8.3.4",
          "ruff": "0.9.2",
          "build": null,
          "requests": "2.32.5",
          "modelscope-hub": "0.4.0",
          "pip": null
        },
        "direct_url": null
      },
      "active_executable_pids": []
    },
    {
      "path": "D:\\SakuraTool\\SakuraPool-P4-work\\p4-cert-56f40c4\\venv310",
      "root_reparse": false,
      "cfg": "home = C:\\Users\\PC\\AppData\\Roaming\\uv\\python\\cpython-3.10-windows-x86_64-none\nimplementation = CPython\nuv = 0.12.5\nversion_info = 3.10\ninclude-system-site-packages = false\n",
      "cfg_sha256": "3d577c0bd8ada25a5fcbc08ffae85bd9b32c92dbc5cad9da9fdeb2d0893cdb00",
      "interpreter_exit": 0,
      "logical_bytes": 171824437,
      "unique_link_logical_bytes": 999993,
      "files": 2494,
      "descendant_reparse_paths": [],
      "profile": {
        "version": "3.10.21 (main, Aug 14 2026, 15:34:01) [MSC v.1944 64 bit (AMD64)]",
        "executable": "D:\\SakuraTool\\SakuraPool-P4-work\\p4-cert-56f40c4\\venv310\\Scripts\\python.exe",
        "prefix": "D:\\SakuraTool\\SakuraPool-P4-work\\p4-cert-56f40c4\\venv310",
        "base_prefix": "C:\\Users\\PC\\AppData\\Roaming\\uv\\python\\cpython-3.10-windows-x86_64-none",
        "versions": {
          "sakurapool": "0.1.0",
          "pyarrow": "18.1.0",
          "numpy": "2.2.6",
          "pyroaring": "1.1.0",
          "pytest": "8.3.4",
          "ruff": "0.9.2",
          "build": null,
          "requests": "2.32.5",
          "modelscope-hub": "0.4.0",
          "pip": null
        },
        "direct_url": "{\"url\":\"file:///D:/SakuraTool/SakuraPool-P4-work/p4-cert-56f40c4/wheels/sakurapool-0.1.0-py3-none-any.whl\",\"archive_info\":{}}"
      },
      "active_executable_pids": []
    },
    {
      "path": "D:\\SakuraTool\\SakuraPool-P4-work\\p4-cert-56f40c4\\venv312",
      "root_reparse": false,
      "cfg": "home = C:\\Users\\PC\\AppData\\Roaming\\uv\\python\\cpython-3.12-windows-x86_64-none\nimplementation = CPython\nuv = 0.12.5\nversion_info = 3.12\ninclude-system-site-packages = false\n",
      "cfg_sha256": "2c2fb79a426f544148585e63a6a1f1d86fdea42cbc111699d847cf1f098275b0",
      "interpreter_exit": 0,
      "logical_bytes": 170767266,
      "unique_link_logical_bytes": 991597,
      "files": 2337,
      "descendant_reparse_paths": [],
      "profile": {
        "version": "3.12.13 (main, May 10 2026, 19:35:37) [MSC v.1944 64 bit (AMD64)]",
        "executable": "D:\\SakuraTool\\SakuraPool-P4-work\\p4-cert-56f40c4\\venv312\\Scripts\\python.exe",
        "prefix": "D:\\SakuraTool\\SakuraPool-P4-work\\p4-cert-56f40c4\\venv312",
        "base_prefix": "C:\\Users\\PC\\AppData\\Roaming\\uv\\python\\cpython-3.12-windows-x86_64-none",
        "versions": {
          "sakurapool": "0.1.0",
          "pyarrow": "18.1.0",
          "numpy": "2.2.6",
          "pyroaring": "1.1.0",
          "pytest": "8.3.4",
          "ruff": "0.9.2",
          "build": null,
          "requests": "2.32.5",
          "modelscope-hub": "0.4.0",
          "pip": null
        },
        "direct_url": "{\"url\":\"file:///D:/SakuraTool/SakuraPool-P4-work/p4-cert-56f40c4/wheels/sakurapool-0.1.0-py3-none-any.whl\",\"archive_info\":{}}"
      },
      "active_executable_pids": []
    },
    {
      "path": "D:\\SakuraTool\\SakuraPool-P4-work\\p4-cert-56f40c4\\venv313",
      "root_reparse": false,
      "cfg": "home = C:\\Users\\PC\\AppData\\Roaming\\uv\\python\\cpython-3.13-windows-x86_64-none\nimplementation = CPython\nuv = 0.12.5\nversion_info = 3.13\ninclude-system-site-packages = false\n",
      "cfg_sha256": "204d88147fd3c65e49617f20ae57eb31947d61ea04424524bea52e480685708a",
      "interpreter_exit": 0,
      "logical_bytes": 170725286,
      "unique_link_logical_bytes": 987505,
      "files": 2335,
      "descendant_reparse_paths": [],
      "profile": {
        "version": "3.13.13 (main, May 10 2026, 19:31:06) [MSC v.1944 64 bit (AMD64)]",
        "executable": "D:\\SakuraTool\\SakuraPool-P4-work\\p4-cert-56f40c4\\venv313\\Scripts\\python.exe",
        "prefix": "D:\\SakuraTool\\SakuraPool-P4-work\\p4-cert-56f40c4\\venv313",
        "base_prefix": "C:\\Users\\PC\\AppData\\Roaming\\uv\\python\\cpython-3.13-windows-x86_64-none",
        "versions": {
          "sakurapool": "0.1.0",
          "pyarrow": "18.1.0",
          "numpy": "2.2.6",
          "pyroaring": "1.1.0",
          "pytest": "8.3.4",
          "ruff": "0.9.2",
          "build": null,
          "requests": "2.32.5",
          "modelscope-hub": "0.4.0",
          "pip": null
        },
        "direct_url": "{\"url\":\"file:///D:/SakuraTool/SakuraPool-P4-work/p4-cert-56f40c4/wheels/sakurapool-0.1.0-py3-none-any.whl\",\"archive_info\":{}}"
      },
      "active_executable_pids": []
    },
    {
      "path": "D:\\SakuraTool\\SakuraPool-P4-work\\p4-cert-7f8afbc\\venv312",
      "root_reparse": false,
      "cfg": "home = C:\\Users\\PC\\AppData\\Roaming\\uv\\python\\cpython-3.12-windows-x86_64-none\nimplementation = CPython\nuv = 0.12.5\nversion_info = 3.12\ninclude-system-site-packages = false\n",
      "cfg_sha256": "2c2fb79a426f544148585e63a6a1f1d86fdea42cbc111699d847cf1f098275b0",
      "interpreter_exit": 0,
      "logical_bytes": 132091,
      "unique_link_logical_bytes": 132091,
      "files": 19,
      "descendant_reparse_paths": [],
      "profile": {
        "version": "3.12.13 (main, May 10 2026, 19:35:37) [MSC v.1944 64 bit (AMD64)]",
        "executable": "D:\\SakuraTool\\SakuraPool-P4-work\\p4-cert-7f8afbc\\venv312\\Scripts\\python.exe",
        "prefix": "D:\\SakuraTool\\SakuraPool-P4-work\\p4-cert-7f8afbc\\venv312",
        "base_prefix": "C:\\Users\\PC\\AppData\\Roaming\\uv\\python\\cpython-3.12-windows-x86_64-none",
        "versions": {
          "sakurapool": null,
          "pyarrow": null,
          "numpy": null,
          "pyroaring": null,
          "pytest": null,
          "ruff": null,
          "build": null,
          "requests": null,
          "modelscope-hub": null,
          "pip": null
        },
        "direct_url": null
      },
      "active_executable_pids": []
    },
    {
      "path": "D:\\SakuraTool\\SakuraPool-P4-work\\r1-final-py312",
      "root_reparse": false,
      "cfg": "home = C:\\Users\\PC\\AppData\\Roaming\\uv\\python\\cpython-3.12-windows-x86_64-none\nimplementation = CPython\nuv = 0.12.5\nversion_info = 3.12\ninclude-system-site-packages = false\n",
      "cfg_sha256": "2c2fb79a426f544148585e63a6a1f1d86fdea42cbc111699d847cf1f098275b0",
      "interpreter_exit": 0,
      "logical_bytes": 175413909,
      "unique_link_logical_bytes": 175413909,
      "files": 2596,
      "descendant_reparse_paths": [],
      "profile": {
        "version": "3.12.13 (main, May 10 2026, 19:35:37) [MSC v.1944 64 bit (AMD64)]",
        "executable": "D:\\SakuraTool\\SakuraPool-P4-work\\r1-final-py312\\Scripts\\python.exe",
        "prefix": "D:\\SakuraTool\\SakuraPool-P4-work\\r1-final-py312",
        "base_prefix": "C:\\Users\\PC\\AppData\\Roaming\\uv\\python\\cpython-3.12-windows-x86_64-none",
        "versions": {
          "sakurapool": "0.1.0",
          "pyarrow": "18.1.0",
          "numpy": "2.2.6",
          "pyroaring": "1.1.0",
          "pytest": "8.3.4",
          "ruff": "0.9.2",
          "build": "1.2.2.post1",
          "requests": "2.32.5",
          "modelscope-hub": "0.4.0",
          "pip": null
        },
        "direct_url": "{\"url\":\"file:///D:/SakuraTool/SakuraPool\",\"dir_info\":{\"editable\":true}}"
      },
      "active_executable_pids": []
    },
    {
      "path": "D:\\SakuraTool\\SakuraPool-P4-work\\r1-final-wheel",
      "root_reparse": false,
      "cfg": "home = C:\\Users\\PC\\AppData\\Roaming\\uv\\python\\cpython-3.12-windows-x86_64-none\nimplementation = CPython\nuv = 0.12.5\nversion_info = 3.12\ninclude-system-site-packages = false\n",
      "cfg_sha256": "2c2fb79a426f544148585e63a6a1f1d86fdea42cbc111699d847cf1f098275b0",
      "interpreter_exit": 0,
      "logical_bytes": 140940343,
      "unique_link_logical_bytes": 140940343,
      "files": 2359,
      "descendant_reparse_paths": [],
      "profile": {
        "version": "3.12.13 (main, May 10 2026, 19:35:37) [MSC v.1944 64 bit (AMD64)]",
        "executable": "D:\\SakuraTool\\SakuraPool-P4-work\\r1-final-wheel\\Scripts\\python.exe",
        "prefix": "D:\\SakuraTool\\SakuraPool-P4-work\\r1-final-wheel",
        "base_prefix": "C:\\Users\\PC\\AppData\\Roaming\\uv\\python\\cpython-3.12-windows-x86_64-none",
        "versions": {
          "sakurapool": "0.1.0",
          "pyarrow": "18.1.0",
          "numpy": "2.2.6",
          "pyroaring": "1.1.0",
          "pytest": null,
          "ruff": null,
          "build": null,
          "requests": "2.32.5",
          "modelscope-hub": "0.4.0",
          "pip": null
        },
        "direct_url": "{\"url\":\"file:///D:/SakuraTool/SakuraPool-P4-work/wheel/sakurapool-0.1.0-py3-none-any.whl\",\"archive_info\":{}}"
      },
      "active_executable_pids": []
    },
    {
      "path": "D:\\SakuraTool\\SakuraPool-P4-work\\r1-fresh-venv",
      "root_reparse": false,
      "cfg": "home = C:\\Users\\PC\\AppData\\Roaming\\uv\\python\\cpython-3.12-windows-x86_64-none\r\ninclude-system-site-packages = false\r\nversion = 3.12.13\r\nexecutable = C:\\Users\\PC\\AppData\\Roaming\\uv\\python\\cpython-3.12.13-windows-x86_64-none\\python.exe\r\ncommand = C:\\Users\\PC\\AppData\\Roaming\\uv\\python\\cpython-3.12-windows-x86_64-none\\python.exe -m venv D:\\SakuraTool\\SakuraPool-P4-work\\r1-fresh-venv\r\n",
      "cfg_sha256": "fee08939ac8b532832a0c7d79937403a99d0419544e8c0c1229778154ffb4068",
      "interpreter_exit": 0,
      "logical_bytes": 163642187,
      "unique_link_logical_bytes": 163642187,
      "files": 4111,
      "descendant_reparse_paths": [],
      "profile": {
        "version": "3.12.13 (main, May 10 2026, 19:35:37) [MSC v.1944 64 bit (AMD64)]",
        "executable": "D:\\SakuraTool\\SakuraPool-P4-work\\r1-fresh-venv\\Scripts\\python.exe",
        "prefix": "D:\\SakuraTool\\SakuraPool-P4-work\\r1-fresh-venv",
        "base_prefix": "C:\\Users\\PC\\AppData\\Roaming\\uv\\python\\cpython-3.12-windows-x86_64-none",
        "versions": {
          "sakurapool": "0.1.0",
          "pyarrow": "18.1.0",
          "numpy": "2.2.6",
          "pyroaring": "1.1.0",
          "pytest": "9.1.1",
          "ruff": null,
          "build": null,
          "requests": null,
          "modelscope-hub": null,
          "pip": "25.0.1"
        },
        "direct_url": "{\"archive_info\": {\"hash\": \"sha256=81d189d2b716b8c586b81a1eafaeff0aceb044a7b3deb6f85b251331902579a9\", \"hashes\": {\"sha256\": \"81d189d2b716b8c586b81a1eafaeff0aceb044a7b3deb6f85b251331902579a9\"}}, \"url\": \"file:///D:/SakuraTool/SakuraPool/dist/sakurapool-0.1.0-py3-none-any.whl\"}"
      },
      "active_executable_pids": []
    }
  ],
  "related_processes": [
    {
      "pid": 16888,
      "name": "python.exe",
      "executable": "D:\\SakuraTool\\SakuraPool-Fix3-20260930a\\py312\\Scripts\\python.exe",
      "matched_roots": [
        "D:\\SakuraTool\\SakuraPool-Fix3-20260930a"
      ],
      "commandline_not_recorded": true
    }
  ]
}

EXIT_CODE=0
END 2026-09-30T12:17:13+08:00
