START 2026-09-30T12:58:44+08:00
PWD /d/SakuraTool/SakuraPool
HEAD 278b59831aba82da19bb533763e86b68ac6c2a55
HEAD_TREE 06dd1bba427d40849f3af4cab1a06c3fad6162e9
CMD D:/SakuraTool/SakuraPool-Fix3-20260930a/python-env/Scripts/python.exe reports/Python-venv-20260930/evidence/inventory.py 
CARGO_TARGET_DIR=
SAKURAPOOL_RUST_WORKER=
PYTHONPATH=<unset>
{
  "timestamp": "2026-09-30T12:58:45.584507+08:00",
  "search_roots": [
    "D:\\SakuraTool\\SakuraPool",
    "D:\\SakuraTool\\SakuraPool-P4-work",
    "D:\\SakuraTool\\SakuraPool-Fix3-20260930a",
    "D:\\SakuraTool\\SakuraPool-p2-merge",
    "D:\\SakuraTool\\P3-merge-a3a061-receipt"
  ],
  "skipped_reparse_paths": [],
  "virtual_env_variable": null,
  "confirmed_count": 1,
  "environments": [
    {
      "path": "D:\\SakuraTool\\SakuraPool-Fix3-20260930a\\python-env",
      "root_reparse": false,
      "cfg": "home = C:\\Users\\PC\\AppData\\Roaming\\uv\\python\\cpython-3.13.15-windows-x86_64-none\nimplementation = CPython\nuv = 0.12.5\nversion_info = 3.13.15\ninclude-system-site-packages = false\nseed = true\n",
      "interpreter_exit": 0,
      "logical_bytes": 188860508,
      "unique_link_logical_bytes": 188860508,
      "files": 3832,
      "descendant_reparse_paths": [],
      "profile": {
        "version": "3.13.15 (main, Aug 14 2026, 15:36:10) [MSC v.1944 64 bit (AMD64)]",
        "executable": "D:\\SakuraTool\\SakuraPool-Fix3-20260930a\\python-env\\Scripts\\python.exe",
        "prefix": "D:\\SakuraTool\\SakuraPool-Fix3-20260930a\\python-env",
        "base_prefix": "C:\\Users\\PC\\AppData\\Roaming\\uv\\python\\cpython-3.13.15-windows-x86_64-none",
        "versions": {
          "sakurapool": "0.1.0",
          "pyarrow": "18.1.0",
          "numpy": "2.2.6",
          "pyroaring": "1.1.0",
          "pytest": "8.3.4",
          "ruff": "0.9.2",
          "build": "1.2.2.post1",
          "requests": "2.32.5",
          "modelscope-hub": "0.4.0",
          "pip": "26.2.1"
        },
        "direct_url": "{\"url\":\"file:///D:/SakuraTool/SakuraPool\",\"dir_info\":{\"editable\":true}}"
      },
      "active_executable_pids": [
        19172
      ]
    }
  ],
  "related_processes": [
    {
      "pid": 52076,
      "name": "bash.exe",
      "executable": "C:\\Program Files\\Git\\bin\\bash.exe",
      "matched_roots": [],
      "matched_venvs": [
        "D:\\SakuraTool\\SakuraPool-Fix3-20260930a\\python-env"
      ],
      "commandline_not_recorded": true
    },
    {
      "pid": 42112,
      "name": "bash.exe",
      "executable": "C:\\Program Files\\Git\\bin\\..\\usr\\bin\\bash.exe",
      "matched_roots": [],
      "matched_venvs": [
        "D:\\SakuraTool\\SakuraPool-Fix3-20260930a\\python-env"
      ],
      "commandline_not_recorded": true
    },
    {
      "pid": 24048,
      "name": "bash.exe",
      "executable": "C:\\Program Files\\Git\\usr\\bin\\bash.exe",
      "matched_roots": [],
      "matched_venvs": [
        "D:\\SakuraTool\\SakuraPool-Fix3-20260930a\\python-env"
      ],
      "commandline_not_recorded": true
    },
    {
      "pid": 28884,
      "name": "bash.exe",
      "executable": "C:\\Program Files\\Git\\usr\\bin\\bash.exe",
      "matched_roots": [],
      "matched_venvs": [
        "D:\\SakuraTool\\SakuraPool-Fix3-20260930a\\python-env"
      ],
      "commandline_not_recorded": true
    },
    {
      "pid": 33096,
      "name": "bash.exe",
      "executable": "C:\\Program Files\\Git\\usr\\bin\\bash.exe",
      "matched_roots": [],
      "matched_venvs": [
        "D:\\SakuraTool\\SakuraPool-Fix3-20260930a\\python-env"
      ],
      "commandline_not_recorded": true
    },
    {
      "pid": 19172,
      "name": "python.exe",
      "executable": "D:\\SakuraTool\\SakuraPool-Fix3-20260930a\\python-env\\Scripts\\python.exe",
      "matched_roots": [
        "D:\\SakuraTool\\SakuraPool-Fix3-20260930a"
      ],
      "matched_venvs": [
        "D:\\SakuraTool\\SakuraPool-Fix3-20260930a\\python-env"
      ],
      "commandline_not_recorded": true
    },
    {
      "pid": 19656,
      "name": "python.exe",
      "executable": "C:\\Users\\PC\\AppData\\Roaming\\uv\\python\\cpython-3.13.15-windows-x86_64-none\\python.exe",
      "matched_roots": [
        "D:\\SakuraTool\\SakuraPool-Fix3-20260930a"
      ],
      "matched_venvs": [
        "D:\\SakuraTool\\SakuraPool-Fix3-20260930a\\python-env"
      ],
      "commandline_not_recorded": true
    }
  ]
}

EXIT_CODE=0
END 2026-09-30T12:58:45+08:00
