START 2026-09-30T13:03:57+08:00
PWD /d/SakuraTool/SakuraPool
HEAD 278b59831aba82da19bb533763e86b68ac6c2a55
HEAD_TREE 06dd1bba427d40849f3af4cab1a06c3fad6162e9
CMD D:/SakuraTool/SakuraPool-Fix3-20260930a/python-env/Scripts/python.exe reports/Python-venv-20260930/evidence/verify_final.py 
CARGO_TARGET_DIR=D:/SakuraTool/SakuraPool-Fix3-20260930a/rust-target
SAKURAPOOL_RUST_WORKER=D:/SakuraTool/SakuraPool-Fix3-20260930a/rust-target/release/sakurapool-worker.exe
PYTHONPATH=<unset>
No broken requirements found.
All checks passed!
....................................                                     [100%]
=================================== PASSES ====================================
=========================== short test summary info ===========================
PASSED tests/test_p4_token_bootstrap.py::test_isolated_runpy_executes_real_offline_cli_with_synthetic_token
PASSED tests/test_p4_token_bootstrap.py::test_invalid_synthetic_token_stops_before_cli_or_http[]
PASSED tests/test_p4_token_bootstrap.py::test_invalid_synthetic_token_stops_before_cli_or_http[name: secret]
PASSED tests/test_p4_token_bootstrap.py::test_invalid_synthetic_token_stops_before_cli_or_http[token with space]
PASSED tests/test_p4_token_bootstrap.py::test_invalid_synthetic_token_stops_before_cli_or_http[first\nsecond]
PASSED tests/test_p4_token_bootstrap.py::test_invalid_synthetic_token_stops_before_cli_or_http[{"token":"secret"}]
PASSED tests/test_p4_token_bootstrap.py::test_invalid_synthetic_token_stops_before_cli_or_http[KEY=VALUE]
PASSED tests/test_p4_token_bootstrap.py::test_invalid_synthetic_token_stops_before_cli_or_http[abc\x00def]
PASSED tests/test_p4_token_bootstrap.py::test_isolated_wrapper_never_prints_unknown_exit_or_interrupt[noninteger_exit]
PASSED tests/test_p4_token_bootstrap.py::test_isolated_wrapper_never_prints_unknown_exit_or_interrupt[interrupt]
PASSED tests/test_p4_token_bootstrap.py::test_production_main_guards_profile_before_loading_token[good]
PASSED tests/test_p4_token_bootstrap.py::test_production_main_guards_profile_before_loading_token[revision]
PASSED tests/test_p4_token_bootstrap.py::test_production_main_guards_profile_before_loading_token[repo]
PASSED tests/test_p4_token_bootstrap.py::test_production_main_guards_profile_before_loading_token[endpoint]
PASSED tests/test_p4_token_bootstrap.py::test_production_main_guards_profile_before_loading_token[trusted_hosts]
PASSED tests/test_p4_token_bootstrap.py::test_production_main_guards_profile_before_loading_token[root]
PASSED tests/test_p4_token_bootstrap.py::test_production_main_guards_profile_before_loading_token[bad_type]
PASSED tests/test_p4_token_bootstrap.py::test_production_main_guards_profile_before_loading_token[bad_json]
PASSED tests/test_p4_token_bootstrap.py::test_production_main_guards_profile_before_loading_token[oversized]
PASSED tests/test_p4_token_bootstrap.py::test_production_main_guards_profile_before_loading_token[config_link]
PASSED tests/test_p4_token_bootstrap.py::test_production_main_guards_profile_before_loading_token[output_link]
PASSED tests/test_p4_token_bootstrap.py::test_production_main_guards_profile_before_loading_token[existing_output]
PASSED tests/test_p4_token_bootstrap.py::test_production_main_guards_profile_before_loading_token[outside_output]
PASSED tests/test_p4_token_bootstrap.py::test_production_main_guards_profile_before_loading_token[outside_config]
PASSED tests/test_p4_token_bootstrap.py::test_production_main_guards_profile_before_loading_token[directory_config]
PASSED tests/test_p4_token_bootstrap.py::test_synthetic_origin_token_never_flows_to_trusted_redirect
PASSED tests/test_r1_stdout_backpressure.py::test_slow_consumer_bounded_queue_preserves_order
PASSED tests/test_r1_stdout_backpressure.py::test_shutdown_while_producer_blocked_on_full_queue[cancel]
PASSED tests/test_r1_stdout_backpressure.py::test_shutdown_while_producer_blocked_on_full_queue[close]
PASSED tests/test_r1_stdout_backpressure.py::test_cancel_unblocks_waiting_consumer
PASSED tests/test_r1_stdout_backpressure.py::test_shutdown_releases_blocked_stdin_writer[close]
PASSED tests/test_r1_stdout_backpressure.py::test_shutdown_releases_blocked_stdin_writer[cancel]
PASSED tests/test_r1_stdout_backpressure.py::test_eof_race_delivers_final_queued_line
PASSED tests/test_r1_stdout_backpressure.py::test_eof_reports_exit_without_waiting_for_long_timeout
PASSED tests/test_r1_stdout_backpressure.py::test_oversized_stdout_line_is_bounded_and_cancel_reaps
PASSED tests/test_r1_stdout_backpressure.py::test_failed_constructor_kills_waits_closes_pipes
36 passed in 26.12s
UNIQUE_CONFIRMED_PROJECT_VENV D:\SakuraTool\SakuraPool-Fix3-20260930a\python-env
PYTHON 3.13.15 (main, Aug 14 2026, 15:36:10) [MSC v.1944 64 bit (AMD64)] EXECUTABLE D:\SakuraTool\SakuraPool-Fix3-20260930a\python-env\Scripts\python.exe
VERSIONS {"pyarrow": "18.1.0", "numpy": "2.2.6", "pyroaring": "1.1.0", "pytest": "8.3.4", "ruff": "0.9.2", "build": "1.2.2.post1", "requests": "2.32.5", "modelscope-hub": "0.4.0", "setuptools": "75.6.0"}
WHEEL_28_SOURCES_MATCH_IMPLEMENTATION_BLOBS_WITH_CRLF_NORMALIZATION
WHEEL_METADATA_REQUIRES_PYTHON >=3.10
FULL_SUITE_523_TERMINAL_ROWS {'PASSED': 521, 'SKIPPED': 2}
ACTUAL_SKIP_NODEIDS ['tests/test_p4_package.py::test_package_fails_closed_on_invalid_inventory_or_binding[symlink]', 'tests/test_runtime_remediation.py::test_staging_audit_rejects_symlink_entry']
FIXED_DATA_ROOT D:\SakuraTool\SakuraPool-P4-work BUDGET_COUNTED_BYTES 1911934976
UNCHANGED_DISK_CAP 4294967296 STAGE_RESERVATION 1207959552 CURRENT_STAGE_MARGIN 1175072768
OFFLINE_TWOHOP_COUNT 339
FINAL_KEEPER_VERIFICATION_PASS 278b59831aba82da19bb533763e86b68ac6c2a55 06dd1bba427d40849f3af4cab1a06c3fad6162e9

EXIT_CODE=0
END 2026-09-30T13:04:26+08:00
