START 2026-09-30T13:02:45+08:00
PWD /d/SakuraTool/SakuraPool
HEAD 278b59831aba82da19bb533763e86b68ac6c2a55
HEAD_TREE 06dd1bba427d40849f3af4cab1a06c3fad6162e9
CMD D:/SakuraTool/SakuraPool-Fix3-20260930a/python-env/Scripts/python.exe reports/Python-venv-20260930/evidence/verify_final.py 
CARGO_TARGET_DIR=D:/SakuraTool/SakuraPool-Fix3-20260930a/rust-target
SAKURAPOOL_RUST_WORKER=D:/SakuraTool/SakuraPool-Fix3-20260930a/rust-target/release/sakurapool-worker.exe
PYTHONPATH=<unset>
UNIQUE_CONFIRMED_PROJECT_VENV D:\SakuraTool\SakuraPool-Fix3-20260930a\python-env
PYTHON 3.13.15 (main, Aug 14 2026, 15:36:10) [MSC v.1944 64 bit (AMD64)] EXECUTABLE D:\SakuraTool\SakuraPool-Fix3-20260930a\python-env\Scripts\python.exe
VERSIONS {"pyarrow": "18.1.0", "numpy": "2.2.6", "pyroaring": "1.1.0", "pytest": "8.3.4", "ruff": "0.9.2", "build": "1.2.2.post1", "requests": "2.32.5", "modelscope-hub": "0.4.0", "setuptools": "75.6.0"}
Traceback (most recent call last):
  File "D:\SakuraTool\SakuraPool\reports\Python-venv-20260930\evidence\verify_final.py", line 84, in <module>
    main()
    ~~~~^^
  File "D:\SakuraTool\SakuraPool\reports\Python-venv-20260930\evidence\verify_final.py", line 59, in main
    assert re.search(r"^Requires-Python: >=3.10$", meta, re.MULTILINE)
           ~~~~~~~~~^^^^^^^^^^^^^^^^^^^^^^^^^^^^^^^^^^^^^^^^^^^^^^^^^^
AssertionError

EXIT_CODE=1
END 2026-09-30T13:02:47+08:00
