START 2026-09-30T12:59:50+08:00
PWD /d/SakuraTool/SakuraPool-Fix3-20260930a
HEAD fatal: not a git repository (or any of the parent directories): .git
HEAD_TREE fatal: not a git repository (or any of the parent directories): .git
CMD D:/SakuraTool/SakuraPool-Fix3-20260930a/python-env/Scripts/python.exe -I D:/SakuraTool/SakuraPool/reports/R1-final/evidence/fix3_wheel_loop.py --worker D:/SakuraTool/SakuraPool-Fix3-20260930a/rust-target/release/sakurapool-worker.exe --data-root D:/SakuraTool/SakuraPool-P4-work/python313-wheel-278b598 --implementation 278b59831aba82da19bb533763e86b68ac6c2a55 --tree 06dd1bba427d40849f3af4cab1a06c3fad6162e9 
CARGO_TARGET_DIR=D:/SakuraTool/SakuraPool-Fix3-20260930a/rust-target
SAKURAPOOL_RUST_WORKER=D:/SakuraTool/SakuraPool-Fix3-20260930a/rust-target/release/sakurapool-worker.exe
PYTHONPATH=<unset>
IMPLEMENTATION=278b59831aba82da19bb533763e86b68ac6c2a55
TREE=06dd1bba427d40849f3af4cab1a06c3fad6162e9
PYTHON=3.13.15 (main, Aug 14 2026, 15:36:10) [MSC v.1944 64 bit (AMD64)]
EXECUTABLE=D:\SakuraTool\SakuraPool-Fix3-20260930a\python-env\Scripts\python.exe
PACKAGE=D:\SakuraTool\SakuraPool-Fix3-20260930a\python-env\Lib\site-packages\sakurapool\__init__.py
PYTHONPATH=unset
DIRECT_URL={"archive_info": {}, "url": "file:///D:/SakuraTool/SakuraPool-Fix3-20260930a/python-wheel/sakurapool-0.1.0-py3-none-any.whl"}
VERSION sakurapool=0.1.0
VERSION pyarrow=18.1.0
VERSION numpy=2.2.6
VERSION pyroaring=1.1.0
VERSION requests=2.32.5
VERSION modelscope-hub=0.4.0
WORKER=D:\SakuraTool\SakuraPool-Fix3-20260930a\rust-target\release\sakurapool-worker.exe SHA256=0b8bafc4f1388ad325be68721b421c2865c6bab7af339204af14a7dbea8d8d6a
DATA_ROOT=D:\SakuraTool\SakuraPool-P4-work\python313-wheel-278b598
FIXED_ALLOCATED_BEFORE=1909657600
HTTP_SCAN size=10240 members=2 sha256=38dfdb990ecd410c7894c3533df10b28fc934e48c07c868f811d8706bf029eb5
PRODUCT_ADAPTER={"dataset": "fix3synthetic", "ignored_names": ["README.md", "manifest.json"], "image_extensions": [".jpg", ".jpeg", ".png", ".webp", ".avif"], "image_prefix": "", "max_json_bytes": 16777216, "metadata_prefix": "", "metadata_required": true, "numeric_post_id": false, "source": "installed-wheel", "storage_id": "local", "tag_category": "general", "tag_namespace": "tags", "tags_field": "tags", "text_field": "text"}
P2_V4 samples=1 errors=0 stage_members=2
P3_QUERY rid_count=1 offset=512 size=70
RUST_RANGE={"bytes": 70, "sha256": "c414cd0e204de974f73753c7e28d7638e7b3691bb8b1a2bab6b25bb7fed7ce77"}
LEDGER={"attempts": 1, "body": 70, "disk": 1911934976, "inflight": 0, "metadata": 0, "records": 1, "saved_bytes": 0, "saved_samples": 0}
HTTP_REQUESTS=[{"method": "GET", "path": "/synthetic.tar", "range": null}, {"method": "GET", "path": "/synthetic.tar", "range": "bytes=512-581"}]
FIXED_ALLOCATED_AFTER=1911934976
FRESH_WHEEL_PASS

EXIT_CODE=0
END 2026-09-30T12:59:58+08:00
