START 2026-09-30T12:17:29+08:00
PWD /d/SakuraTool/SakuraPool
HEAD 66579d7f9e50575cefd17c6e56da87533af4bf5f
HEAD_TREE 79474ee7d251a54c07d4f0bba53b7b032a6f0420
CMD uv pip compile reports/Python-venv-20260930/evidence/pins.in --python-version 3.13 --python-platform x86_64-pc-windows-msvc --only-binary :all: 
CARGO_TARGET_DIR=
SAKURAPOOL_RUST_WORKER=
PYTHONPATH=<unset>
Resolved 23 packages in 2.69s
# This file was autogenerated by uv via the following command:
#    uv pip compile reports/Python-venv-20260930/evidence/pins.in --python-version 3.13 --python-platform x86_64-pc-windows-msvc --only-binary :all:
build==1.2.2.post1
    # via -r reports/Python-venv-20260930/evidence/pins.in
certifi==2026.7.22
    # via requests
cffi==2.1.1
    # via cryptography
charset-normalizer==3.5.1
    # via requests
colorama==0.4.6
    # via
    #   build
    #   pytest
    #   tqdm
cryptography==50.0.1
    # via modelscope-hub
filelock==4.0.7
    # via modelscope-hub
idna==3.20
    # via requests
iniconfig==2.3.0
    # via pytest
modelscope-hub==0.4.0
    # via -r reports/Python-venv-20260930/evidence/pins.in
numpy==2.2.6
    # via -r reports/Python-venv-20260930/evidence/pins.in
packaging==26.3
    # via
    #   build
    #   pytest
pluggy==1.6.0
    # via pytest
pyarrow==18.1.0
    # via -r reports/Python-venv-20260930/evidence/pins.in
pycparser==3.0
    # via cffi
pyproject-hooks==1.3.3
    # via build
pyroaring==1.1.0
    # via -r reports/Python-venv-20260930/evidence/pins.in
pytest==8.3.4
    # via -r reports/Python-venv-20260930/evidence/pins.in
requests==2.32.5
    # via
    #   -r reports/Python-venv-20260930/evidence/pins.in
    #   modelscope-hub
ruff==0.9.2
    # via -r reports/Python-venv-20260930/evidence/pins.in
setuptools==75.6.0
    # via -r reports/Python-venv-20260930/evidence/pins.in
tqdm==4.70.1
    # via modelscope-hub
urllib3==2.8.0
    # via
    #   modelscope-hub
    #   requests

EXIT_CODE=0
END 2026-09-30T12:17:31+08:00
